929
1976
5566
Alexandros
*NSYNC
10cm
10th Anniversary Concert Cast of Les Misérables
187 INC
2 Chainz
21 Savage
2AM
2CELLOS
2NE1
2Pac
2PM
3LAU
4Minute
5 Seconds of Summer
50 Cent
6LACK
9MUSES
A Great Big World
A Pink
A R I Z O N A
a-ha
A-Lin
A$AP Ferg
A$AP Mob
A$AP Rocky
AAA
ABBA
Above & Beyond
AC/DC
Academy of St. Martin in the Fields
Adam Lambert
Adam Levine
Adele
Aerosmith
Afrojack
Afterschool
AGA
Against The Current
AI
Ailee
Aimer
aimyon
Air
Air Supply
AKB48
Akira Kosemura
Akon
Al Jarreau
Alan Walker
Alanis Morissette
Alessia Cara
Alesso
Alex Aiono
Alex Goot
Alexandre Tharaud
Alfred Brendel
Alice Sara Ott
Alicia Keys
Alina Baraz
All Saints
ALMA
Aloe Blacc
Alok
alt-J
Álvaro Soler
amazarashi
AMBER
American Authors
AMIT
Amy Shark
Amy Winehouse
Anderson .Paak
Andra Day
András Schiff
André Previn
André Rieu
Andrea Bocelli
Andy Grammer
Angela Aki
Angus & Julia Stone
Anna Kendrick
Anne-Marie
Anne-Sophie Mutter
Annie Lennox
Anthony Gonzalez
AOA
APRIL
Aqua
Aquilo
Arcade Fire
Arctic Monkeys
Aretha Franklin
Ariana Grande
Arlissa
Armin van Buuren
Arthur Rubinstein
Astrid S
ASTRO
ATB
Audien
Audiomachine
Auli'i Cravalho
AURORA
Austin Mahone
Austyn Johnson
Avenged Sevenfold
Avicii
Avril Lavigne
AWOLNATION
Axwell Λ Ingrosso
Ayaka Hirahara
B.A.P
B.o.B
B1A4
Baauer
Baby Sleep Lullaby Academy
Baby Sleep Music
Babyface
Backstreet Boys
Baekhyun
Ballet Dance Jazz J. Company
Banks
Barbra Streisand
Basick
Bassjackers
Bastille
Bazzi
Beach House
BEAST
Bebe Rexha
Beck
Becky G
Bee Gees
Belle and Sebastian
BEN
Ben E. King
Ben Howard
BENI
Benny Benassi
Bernward Koch
BESTie
Bethel Music
Bette Midler
Betty Who
BewhY
Beyoncé
Beyond
Big Sean
BIGBANG
Bill Evans
Bill Evans Trio
Billie Eilish
Billie Holiday
Billy Joel
Birdy
Bishop Briggs
Björk
Black Atlass
blackbear
BLACKPINK
Blake Shelton
blink-182
BLOCK B
Blonde
Blue
Blur
Bob Dylan
Bob Marley
BOBBY
BOL4
Bon Iver
Bon Jovi
Bonobo
BØRNS
Boxing樂團
Boyce Avenue
Boyz II Men
Boyzone
Brandy
Brian Crain
Brian McKnight
Bring Me the Horizon
Britney Spears
Broods
Bruce Springsteen
Bruno Mars
Bryan Adams
Bryson Tiller
BTOB
BuskerBusker
By2
Cafe Music BGM channel
Calum Scott
Calvin Harris
CamelPhat
Camila Cabello
Capital Cities
Cardi B
Carla Bruni
Carly Rae Jepsen
Carpenters
Carrie Underwood
Cash Cash
Cashmere Cat
Cat Power
Cat Stevens
Cécile Corbel
CeeLo Green
Céline Dion
Chace
Chad Lawson
Chaka Khan
Chance the Rapper
Charice
Charli XCX
Charlie Puth
Che'Nelle
Cheat Codes
Cheeze
CHEN
Cher
Chet Baker
Chet Faker
Chicago
Childish Gambino
Children's Music
Chris Botti
Chris Brown
Chris Hart
Chris Tomlin
Christina Aguilera
Christina Grimmie
Christina Perri
Christophe Beck
Christopher
CHUNG HA
CHVRCHES
Ciara
Cigarettes After Sex
CL
ClariS
Classical Lullabies
Claudio Arrau
Clazziquai Project
CLC
Clean Bandit
CLOVES
CNBLUE
CNCO
CODE KUNST
Colbie Caillat
Coldplay
Connie Talbot
Conor Maynard
Corinne Bailey Rae
Costantino Catena
CRAIG ARMSTRONG
Craig David
Crayon Pop
Crush
Cyndi Lauper
D'Angelo
Daft Punk
Dagny
Dal★Shabet
Damien Rice
Dan Gibson's Solitudes
Daniel Caesar
Daniel Ho
Daniel Hope
Daniel Powter
Daniela Andrade
Daniil Trifonov
DAOKO
Daryl Hall & John Oates
Das Sound Machine
Dash Berlin
Daughter
Daughtry
Dave Brubeck
Dave Koz
Davichi
David Archuleta
David Bowie
David Garrett
David Guetta
Dawin
DAY6
Daya
deadmau5
DEAMN
DEAN
Dean Lewis
Dear Jane
Death Cab for Cutie
Demi Lovato
Deorro
Desiigner
Destiny's Child
Deuter
Deva Premal
DIA
Diana Krall
Diana Ross
Diddy - Dirty Money
Dido
Diego Frenkel
Dillon Francis
Dimitri Vegas & Like Mike
Diplo
Dire Straits
Disciples
Disclosure
Dizzy Dizzo
DJ Khaled
DJ OKAWARI
DJ Snake
DNCE
Do As Infinity
Dok2
DOLF
Don Diablo
Don McLean
DPR LIVE
Dr. Dre
Dragon Pig
Drake
Dream Theater
DREAMCATCHER
DREAMS COME TRUE
Dua Lipa
Duffy
Duke Dumont
Duke Ellington
DVBBS
dvsn
Dynamic Duo
E-girls
Eagles
Earth, Wind & Fire
Echosmith
Ed Sheeran
Eddy Kim
EGOIST
Einstein Baby Lullaby Academy
Electric Light Orchestra
Elevation Worship
Ella Fitzgerald
Ella Henderson
Ella Vos
Elle King
Ellie Goulding
Elton John
Elvis Presley
Emeli Sandé
Emil Gilels
Eminem
Empire Cast
Empire of the Sun
ENERGY
Enigma
Ennio Morricone
Enrique Iglesias
Enya
Epik High
Eric Clapton
Eric Nam
Erika
Erykah Badu
Estelle
Etta James
Europe
Eurythmics
Eva Cassidy
Evanescence
Everland Kids
Every Little Thing
EXID
EXO
EXO-CBX
EXO-K
f
F4
Faith Hill
Falcom Sound Team jdk
Fall Out Boy
Family of the Year
Far East Movement
Fatboy Slim
Faye 飛
Feist
Felix Jaehn
Fergie
Fetty Wap
FIESTAR
Fifth Harmony
filous
First Aid Kit
Fitz and The Tantrums
FKA twigs
FKJ
Fleetwood Mac
Flo Rida
Florence + The Machine
Florida Georgia Line
Flume
flumpool
Flux
Fly by Midnight
Foo Fighters
Fort Minor
Foster the People
Foxes
Frances
François-Joël Thiollier
Frank Ocean
Frank Sinatra
Franz Ferdinand
French Montana
Frenship
Friedrich Gulda
fromis_9
FS
FTISLAND
Fun.
Future
G-DRAGON
G-Eazy
G.NA
G.Soul
Gabrielle Aplin
Gael García Bernal
Galantis
Gallant
Gareth Gates
GARNiDELiA
GARY
Gateway Worship
Gavin DeGraw
Gavin James
GD X 太陽
GENERATIONS from EXILE TRIBE
George Benson
George Ezra
George Michael
George Winston
gesunokiwamiotome
GFriend
Gidon Kremer
Girl's Day
Girls' Generation-TTS
Glass Animals
GLAY
Glee Cast
Glen Hansard
gnash
GoldLink
Goose house
Gorgon City
Gorillaz
GOT7
Gotye
Grace
Grace Carter
Grace VanderWaal
GRAY
GReeeeN
Green Day
Gregory Porter
Grey
Grimes
Gryffin
GTA
Gucci Mane
gugudan
Gummy
Guns N' Roses
Gwen Stefani
Gym Class Heroes
H.E.R.
H.O.T.
Hailee Steinfeld
HAIM
Halsey
Han Dong Geun
Hans de Back
Hans Zimmer
Hardwell
Harry Styles
Hayley Westenra
HEIZE
Hélène Grimaud
Hello Nico
HELLOVENUS
Henrik Birk Aaboe
HENRY
Herbert von Karajan
Herbie Hancock
High4
Higher Brothers
Hilary Duff
Hillsong UNITED
Hillsong Worship
Hillsong Young & Free
HIRAI DAI
Hiroyuki Sawano
HONNE
Hoody
Hozier
HRVY
Hurts
HUSH
Hush!
HYUKOH
I Love Music Box
I.O.I
Icona Pop
Idina Menzel
Iggy Azalea
iKON
Illenium
Imagine Dragons
INDIIA
INFINITE
Ingrid Michaelson
io樂團
Iron & Wine
Iron Maiden
Isaac Shepard
It's
IU
J Balvin
J Soul Brothers III
J. Cole
J.Fla
J.Sheon
J.Y. Park
Jack Garratt
Jack Johnson
Jackson 5
Jacob Banks
Jaden Smith
Jake Bugg
James Arthur
James Bay
James Blake
James Blunt
James Hype
James Morrison
James TW
Jamie Cullum
Jamie Lawson
Jamie xx
Jamiroquai
Janet Jackson
Janine Jansen
Jasmine Thompson
Jason Derulo
Jason Mraz
Jax Jones
JAY Z
Jazz Guitar Club
JBJ
JC
Jean-Guihen Queyras
Jeff Bernat
Jennifer Hudson
Jennifer Lopez
Jeremih
Jess Glynne
Jesse McCartney
Jessi
Jessica
Jessie J
Jessie Reyez
Jessie Ware
Jewel
Jhené Aiko
Ji-min
Jimmy Chan
JJ Project
João Gilberto
Joel Adams
Joey Bada$$
Jóhann Jóhannsson
John Coltrane
John Denver
John Legend
John Lennon
John Mayer
John Newman
John Williams
Johnny Cash
JoJo
Jon Bellion
Jonas Blue
Joni Mitchell
Jordi Savall
Jordin Sparks
Jorja Smith
José González
Joseph Williams
Josh Gad
Josh Groban
Journey
JOY
Joyce Jonathan
JP Cooper
Judy Kuhn
Juicy J
Juju
Julia Michaels
JUN. K
Jung Joonil
Junichi Kamiyama
JUNIEL
Justin Hurwitz
Justin Timberlake
JYJ
K.Will
Kanye West
KARA
KARD
Karmin
Kaskade
Kassy
Katy Perry
Keala Settle
Keane
Kehlani
Keith Urban
Kelly Clarkson
Kendrick Lamar
Kenny G
Kenny Loggins
Kenny Rogers
Kesha
Kevin Gates
Kevin Kern
Khalid
Khatia Buniatishvili
Kiana Ledé
Kid Ink
KIDS BOSSA
Kids Party Music Players
Kidsongs
Kiesza
Kiiara
Kim Feel
Kim Na Young
Kings of Convenience
Kings of Leon
KNK
Knock
Kodak Black
Kodaline
Korn
Krewella
KSHMR
KT Tunstall
Kungs
Kurt Hugo Schneider
Kyary Pamyu Pamyu
Kygo
Kylie Minogue
L'Arc〜en〜Ciel
La La Land Cast
LABOUM
Labrinth
Lady Antebellum
Lady Gaga
Lana Del Rey
LANY
Lasse Lindh
Late Night Alumni
Lauryn Hill
Lauv
Lawson
LCD Soundsystem
LeAnn Rimes
Led Zeppelin
Lee Hyori
Leessang
Lenka
LÉON
Leonard Cohen
Leo王
LEW
Liam Payne
Lianne La Havas
Lifehouse
Lil Pump
Lil Uzi Vert
Lil Wayne
Lilly Wood & The Prick
Lily Allen
Limp Bizkit
Lindsey Stirling
LINKIN PARK
Lionel Richie
LiSA
Little Mix
LMFAO
Loco
Logic
London Grammar
Loote
Lorde
Loren Allred
Lost Frequencies
Lost Kings
Loud Luxury
Louis Armstrong
Louis Tomlinson
Louisa Johnson
Lovelyz
Ludovico Einaudi
Luis Fonsi
Lukas Graham
Lulu黃路梓茵
LUNA SEA
Lupe Fiasco
Luther Vandross
Lykke Li
Lyn
m-flo
M.C THE MAX
M.I.A.
M.O
m.o.v.e
M2M
M83
Mabel
MAC MILLER
Machine Gun Kelly
Macklemore
Macklemore & Ryan Lewis
MACO
Macy Gray
Mad Clown
Madeleine Peyroux
Madilyn Bailey
Madison Beer
Madonna
Maggie Lindemann
Maggie Rogers
MAGIC!
Major Lazer
Malia Civetz
Maluma
MAMAMOO
MAN WITH A MISSION
Maranatha! Music
Maria João Pires
Mariah Carey
Marian Hill
Marilyn Manson
Mario
Mark Ronson
Maroon 5
Marshmello
Martha Argerich
Martin Garrix
Martin Jensen
Martin Solveig
Marty
Marvin Gaye
Mary J. Blige
Massive Attack
Mat Kearney
Matchbox Twenty
Matoma
Matt Johnson
Matt Terry
Matteo
Matzka
Maurizio Pollini
MAX
Max Richter
May J.
MBLAQ
MC HotDog
Meditation Masters
Meek Mill
Meghan Trainor
Melanie Martinez
MeloMance
Metallica
MGMT
Michael Bolton
Michael Bublé
Michael Giacchino
Michael Jackson
Michael Learns to Rock
Migos
Miguel
Miike Snow
MIKA
Mike Perry
Mike Posner
Miles Davis
Miley Cyrus
Miliyah
Milky Chance
Miloš Karadaglić
Min Kyung Hoon
Mindy Gledhill
Mischa Maisky
miss A
Missy Elliott
miwa
MIYAVI
MK
MØ
MOBB
Moby
Mogwai
MOMOLAND
MONGOL800
MONKEY MAJIK
MONSTA X
MoonMoon
Mother Goose Club
moumoon
MP魔幻力量
Mr. Big
Mr. Probz
Mrs. Green Apple
Ms.OOJA
Mstislav Rostropovich
Muffin Songs
Mumford & Sons
Mura Masa
Muse
Music Box
MUSIC BOX COLLECTION
Music for Baby
Music Together
MXM
My Chemical Romance
My First Music
My Little Airport
N.E.R.D
naomi & goro
Nas
Nat "King" Cole
Natalie Imbruglia
Natalie La Rose
Natasha Bedingfield
Nathan Sykes
Naughty Boy
NCT
Ne-Yo
NEIKED
NELL
Nelly
Nelly Furtado
New Age 睡眠 Star
New Empire
New Order
Newborn Sleep Music Lullabies
NF
Niall Horan
Nick Jonas
Nickelback
Nicki Minaj
Nicky Jam
Nicky Romero
Nico & Vinz
Nightwish
Nina Simone
Nirvana
No Doubt
Noah Cyrus
Noah Kahan
Noble Band
Nokto Music
Norah Jones
NU'EST
NU’EST W
Nujabes
Nursery Rhymes
Nursery Rhymes and Lullabies
Oasis
ODESZA
Of Monsters and Men
Ofenbach
offonoff
OH MY GIRL
Oh Wonder
Ohashi Trio
Ólafur Arnalds
Olly Murs
Omi
ONE
One Direction
ONE OK ROCK
OneRepublic
Opetaia Foa'i
Orange Caramel
Orgel Sound J-Pop
Original Broadway Cast of Hamilton
Original London Cast
Outkast
Owl City
P!nk
Paloma Faith
Panic! At the Disco
Paolo Nutini
Papa Roach
Paramore
Park Kyung
PARTYNEXTDOOR
Passenger
Passion Pit
Paul Cardall
Paul Desmond
Paul McCartney
Pay money To my Pain
PENTAGON
Pentatonix
Perfume
Pet Shop Boys
Petit Biscuit
Pharrell Williams
Phil Collins
Phillip Phillips
Phoebe Ryan
Phoenix
Pi Ano
Pia Mia
Piano Bar Music Specialists
Pianobar
Pink Floyd
Pinkfong
Pitbull
Placebo
Planetshakers
Poppy Ackroyd
Porter Robinson
Portugal. The Man
Post Malone
Power Music Workout
PRETTYMUCH
Primary
Prince Royce
Priscilla Ahn
PRODUCE 101
PSY
Pulp
Queen
Queens of the Stone Age
R. City
R. Kelly
R.E.M.
R3hab
Ra.D
Rachael Yamagata
Rachel Platten
Radiohead
RADWIMPS
Rae Sremmurd
Rag'n'Bone Man
Raimond Lap
RAIN
Randy Newman
Ravi
Ray Charles
Red Hot Chili Peppers
Red Velvet
Redfoo
Regina Spektor
Rejjie Snow
RELAX WORLD
Relax α Wave
Relaxing Orgel
Relaxing Piano
Rhye
Riccardo Muti
Rich Brian
Richard Clayderman
Richard Marx
Ricky Martin
Rihanna
Rita Ora
Rixton
Rob Thaller
Robbie Williams
Robin Schulz
Robin Thicke
Robyn
Rockabye Baby!
Rod Stewart
Ronan Keating
Roxette
Roy Kim
Royal Blood
Röyksopp
Rudimental
Russ
Russian Red
Ruth B.
Ryan Adams
S.H.E
Sabrina Carpenter
Sabrina Claudio
Sade
Sam Feldt
Sam Hunt
SAM KIM
Sam Smith
Sam Tsui
Samantha Gongol
Sampha
Samuel
Samuel E. Wright
San E
Santana
Sara Bareilles
Sarah Brightman
Sarah McLachlan
Sarah Vaughan
Savage Garden
SawanoHiroyuki
SCANDAL
ScHoolboy Q
Scorpions
SE O
SE7EN
Seal
Sean Kingston
Sean Paul
Sebastian Ingrosso
Sechs Kies
SECRET
Secret Garden
Seeb
SEJEONG
SEKAI NO OWARI
Selena Gomez
Selena Gomez & The Scene
Seohyun
Seong-Jin Cho
SEVENTEEN
SF9
SG Wannabe
Shakira
Shallou
Shania Twain
Shawn Mendes
Shayne Ward
Sheryl Crow
SHINee
Shiny
SHISHAMO
Showtek
Shungudzo
Sia
Sigala
Sigma
Sigrid
Sigur Rós
Sik-K
SILENT SIREN
Simon & Garfunkel
Simple Plan
Simply Red
Sing Street
SISTAR
SISTAR19
Sixpence None the Richer
Skillet
Skrillex
Skylar Grey
Slash
Slate
Sleep Baby Sleep
Sleep Music Academy
Sleep Music Lullabies
Sleepaholics
Sleeping At Last
Sleeping Mozart Relaxing Baby
Slipknot
Slowdive
Slushii
Snakehips
Snoop Dogg
Snow Patrol
Sofi Tukker
Solange
Songs For Children
Sons of People
Soyou
Spa
SpeXial
SPICA
Spice Girls
SPICY CHOCOLATE
SPYAIR
SS501
St. Vincent
Stacey Kent
Stan Getz
Starley
Stars
Stereophonics
Steve Aoki
Stevie Wonder
Stray Kids
Suchmos
Suede
Sufjan Stevens
Sum 41
SUNMI
Super Junior
Super Junior-D&E
Super Junior-M
Super Simple Learning
Super Simple Songs
supercell
Superfly
SURAN
Survivor
Susan Boyle
Susie Tallman
Swedish House Mafia
Syn Cole
SZA
T-ara
t.A.T.u.
T.I.
T.M.Revolution
TAEMIN
Taio Cruz
Take That
Tame Impala
Tank Lu
Taylor Swift
TEEN TOP
Tegan and Sara
Tez Cadey
TFBOYS
The 1975
The Bangles
The Barden Bellas
The Beach Boys
The Beatles
The Bellas
The Big 鋼琴
The Black Eyed Peas
The Black Keys
The Black Skirts
The Calling
The Cardigans
The Cast of High School Musical
The Chainsmokers
The Chemical Brothers
The Corrs
The Countdown Kids
The Cranberries
The Cure
The fin.
The Fray
The Goo Goo Dolls
The Him
The Kiboomers
The Killers
The Lumineers
The National
The Neighbourhood
The New Barden Bellas
The Notorious B.I.G.
The Piano Guys
The Pig Family
The Police
The Pretty Reckless
The Pussycat Dolls
The Rolling Stones
The Script
The Spencer Lee Band
The Strokes
The Temptations
The Treblemakers
The Vamps
The Veronicas
The Verve
The Wanted
The Weeknd
The xx
TheFatRat
Thelonious Monk
Theodore Shapiro
Thirty Seconds to Mars
Tiësto
Tiffany
Tiger JK
Timbaland
Tinashe
Tinie Tempah
Tizzy Bac
TLC
Tobu
Toby Fox
toe
Tom Misch
Tom Odell
Tom Walker
Toni Braxton
Tony Bennett
Tori Kelly
Tory Lanez
Tove Lo
Tove Styrke
Tracy Chapman
Train
Trash
Travie McCoy
Travis
Travis Scott
Trey Songz
Triple H
Tritonal
Troye Sivan
Tuxedo
twenty one pilots
TWICE
Twins
Two Door Cinema Club
Two Steps From Hell
Ty Dolla $ign
Ty.
Tycho
Tyga
Tyler, The Creator
U-KISS
U2
Under Lover
Urban Zakapa
Usher
V.K克
Valentina Lisitsa
Vampire Weekend
Van Halen
Van Morrison
Vance Joy
Vanessa Carlton
Vanilla Acoustic
Vaults
VaVa
Vicetone
Vince Staples
VIXX
VIXX LR
Vladimir Ashkenazy
w-inds.
W&W
Walk Off the Earth
WALK THE MOON
Wanna One
Wayne Gratz
WEDNESDAY CAMPANELLA
Wee Sing
Weezer
Westlife
Wham!
Whethan
White Noise
Whitney Houston
Why Don't We
Wilco
will.i.am
WINNER
Within Temptation
Wiz Khalifa
Woo Won Jae
X Ambassadors
X JAPAN
XIA
XXXTENTACION
yaeji
Yann Tiersen
Years & Years
Yellow Claw
Yerin Baek
Yo La Tengo
YOONA
Young Thug
Yu Takahashi
YUI
Yuji Nomi
YUKA
Yuna
Zacari
Zara Larsson
ZAYN
Zedd
Zee Avi
ZHU
Zia
ZICO
Zion.T
Ziv Zaifman
ZM Taiwan
가인
김경희
박용인
범키
스탠딩 에그
이건영
정세운
정엽
키썸
프리스틴
하이라이트
한수지
アコルディ弦楽四重奏団
ウェルビーイング・シリーズ
オルゴールの世界
さユり
ピアノ 胎教 音楽 Masters
メンタル・フィジック・シリーズ
リラクシング・ピアノ
丁世光
丁噹
中孝介
丹尼·葉夫曼
乃木坂46
久保田利伸
久石讓
尹美萊
尹鍾信
二珂
五月天
井柏然
亞倫曼肯
亞歷山卓·戴斯普雷特
亞細亞功夫世代
亦帆
亨利·傑克曼
以莉·高露
任然
任賢齊
伍佰
伍佰 & China Blue
伍思凱
休·傑克曼
何真真
何維健
何韻詩
信
信樂團
倖田來未
倪安東
倫敦交響樂團
倫敦愛樂樂團
倫納德·伯恩斯坦
傅又宣
傑米·道南
傷心欲絕
優客李林
兄弟本色
光澤
光良
克莉絲朵凱兒
克里斯汀·貝爾
克里斯泰爾
全烋星
八三夭
六哲
最好的時光三重奏
冷漠
凱瑟琳‧詹金斯
刀郎
劉佳
劉力揚
劉嘉亮
劉在錫
劉德華
劉思涵
劉惜君
劉明湘
劉若英
動力火車
勝利
卓文萱
南拳媽媽
卡特伯威
原子邦妮
古巨基
台北市立國樂團
史嘉蕾.喬韓森
史汀
向蕙玲
吳亦凡
吳克群
吳卓源
吳宗憲
吳建豪
吳思賢
吳映潔
吳汶芳
吳若希
吳金黛
吳雨霏
呂士軒
呂薔Amuyi
告五人
周傳雄
周慧敏
周杰倫
周柏豪
周湯豪
周筆暢
周興哲
周華健
周蕙
和樂器樂團
品冠
唐禹哲
喜多郎
喬幼
嚴爵
四分衛
四葉草
圈圈兒童
國蛋
國際首席愛樂樂團
土岐麻子
圭賢
地球樂團
坂本龍一
夏天
夜貓組
大 自然 的 聲音
大嘴巴
大塚愛
大壯
大支
太妍
太陽
奇蹟女孩
奧斯卡
好樂團
姜育恆
娃娃
嬰兒 睡覺
孔令奇
孝琳
孟庭葦
孫子涵
孫楠
孫燕姿
孫盛希
孫露
宇多田光
宇宙人
宇宙少女
安德魯·勞埃德·韋伯
安心亞
安田レイ
安迪威廉斯
安那
宋冬野
宋旻浩
宋智恩
宮閣
家家
家風兒童合唱團
容祖兒
寫手
寶兒
小宇-宋念宇
小球
小男孩樂團
小蓓蕾組合
小賈姬
小賈斯汀
小野麗莎
小関佳宏
少女時代
岑寧兒
巨石·強森
巫啟賢
巴倫波因
布拉格愛樂樂團
布萊恩·泰勒
希拉蕊韓
帕爾曼
帕華洛帝
帝國之子
庾澄慶
弦子
張信哲
張國榮
張大光
張學友
張宇
張惠妹
張懸
張敬軒
張智成
張杰
張棟樑
張玉華
張瑋伽
張碧晨
張秀卿
張艾嘉
張芸京
張蓉蓉
張藝興
張雨生
張震嶽
張靚穎
張韶涵
彭佳慧
彭羚
徐仁國
徐佳瑩
徐懷鈺
徐良
徐若瑄
德永英明
怕胖團
愷樂
慢慢說樂團
成始璄
戴佩妮
戴愛玲
拉敏賈瓦帝
拍謝少年
放浪兄弟
文慧如
斯坦蒂
斯維亞托斯拉夫·里赫特
新垣結衣
新寶島康樂隊
方大同
方炯鑌
施文彬
旺褔
星星樂團
普拉西多·多明哥
普萊亞
曲婉婷
曹格
曼蒂魔兒
曾之喬
曾沛慈
曾靜玟
朱俐靜
朱宗慶打擊樂團
朱興東
朴寶藍
朴志敏
朴樹
朴燦烈
朴載範
李代沫
李佳薇
李健
李克勤
李千娜
李宇春
李宗盛
李心潔
李承哲
李榮浩
李權哲
李欣芸
李毓芬
李玉剛
李玉璽
李玖哲
李玟
李碧華
李笛
李翊君
李聖傑
李英宏
李遐怡
李閏珉
李雲迪
杜德偉
東京事變
東方神起
林京燁
林依晨
林俊傑
林凡
林奕匡
林宇中
林宥嘉
林強
林志炫
林忠諭
林慧萍
林憶蓮
林海
林淑容
林生祥
林育群
林芯儀
林隆璇
柏林愛樂樂團
柚子
柯智棠
柯有倫
柳昇佑
柴克艾弗
柴崎幸
校長
格倫·顧爾德
桑布伊
梁文音
梁耀燮
梁詠琪
梁靜茹
梅豔芳
棉花糖
椎名林檎
楊丞琳
楊乃文
楊凱琳
楊千嬅
楊培安
楊宗緯
楊曉
楊洋
楊錦聰
樂童音樂家
樸孝信
橘子新樂團
欅坂46
欣暐
歐陽娜娜
武部聡志
比比‧金
毛不易
水樹奈奈
永邦
江美琪
江蕙
汪峰
汪蘇瀧
沉睡
法蘭黛樂團
泫雅
洪佩瑜
洪大光
洪安妮
洪榮宏
海飛茲
清水翔太
游學志
游鴻明
湯瑪斯·紐曼
溫嵐
滅火器
潘嘉麗
潘瑋柏
潘越雲
激膚
濱崎步
炎亞綸
無印良品
熊仔
熊天平
猛虎巧克力
獅子合唱團
玉置浩二
王俊凱
王俊琪
王傑
王儷婷
王力宏
王嘉爾
王大文
王宏恩
王心凌
王若琳
王菀之
王菲
王詩安
王雁盟
王靖雯
玖壹壹
甄妮
甜約翰 Sweet John
生命河靈糧堂
生物股長
田馥甄
申彗星
申昇勳
畢書盡
白娥娟
白安
白日夢
白智英
盛曉玫
盧凱彤
盧巧音
盧廣仲
睡眠音楽のアカデミー
睡眠音楽の巨匠
神話
禅宗花园 按摩
福山雅治
萬妮達
萬芳
秀智
秀蘭瑪雅
秋山公良
秦基博
程璧
竇靖童
童安格
筷子兄弟
米希亞
米津玄師
糯米糰
約夏貝爾
約書亞樂團
約翰貝瑞
紅
純音樂
絢香
維也納愛樂樂團
綺拉·奈特莉
縱貫線
羅大佑
羅志祥
羅時豐
羊毛和花
美聲男伶
群星
翁立友
老王樂隊
聖結石
聶琳
胡夏
胡彥斌
胡歌
胡立歐
脆樂團
脫拉庫
自由發揮
臺灣福音書房
舒米恩
艾怡良
艾瑪·史東
艾瑪·華森
范安婷
范宗沛
范曉萱
范瑋琪
茄子蛋
茱蒂·班森
草東沒有派對
草蜢
荒山亮
莊心妍
莫文蔚
華晨宇
華麗菲娜
落日飛車
葉倩文
葉啟田
葛仲珊
董事長樂團
董貞
董運昌
蔡佩軒
蔡依林
蔡健雅
蔡小虎
蔡恩雨
蔡旻佑
蔡淳佳
蔡琴
蔣卓嘉
蕭亞軒
蕭敬騰
蕭煌奇
蕭閎仁
薛之謙
薛凱琪
藍井艾露
藍又時
藍心湄
藝聲
蘇志燮
蘇慧倫
蘇打綠
蘇永康
蘇盈之
蘇芮
蘇運瑩
蛋堡
蜜雪兒威廉
螢火蟲
衛蘭
袁婭維
袁詠琳
西村由紀江
西野加奈
解偉苓
許冠傑
許哲珮
許嵩
許巍
許志安
許慧欣
許美靜
許茹芸
許閣
詹姆斯·紐頓·霍華
詹姆斯·霍納
詹森淮
謝和弦
謝安琪
謝宜君
謝欣芷
謝金燕
謝霆鋒
謝震廷
譚艷
譚詠麟
讚美之泉
许仁杰
貴族樂團
費玉清
趙傳
趙詠華
趙雷
輝晟
辛曉琪
辻井伸行
連詩雅
那對夫妻
那我懂你意思了
那英
邰正宵
邱勝翊
邱振哲
邱鋒澤
郁可唯
郎朗
郭富城
郭美美
郭采潔
郭靜
郭頂
鄉城兒童合唱團
鄧紫棋
鄧麗君
鄭中基
鄭伊健
鄭俊英
鄭基高
鄭宜農
鄭容和
鄭怡
鄭恩地
鄭承煥
鄭晟河
鄭秀文
鄭興
里歐娜
金在中
金太佑
金布里克曼
金泰亨
金玟岐
金范秀
金莎
金誌文
金鐘國
金鐘鉉
鋼琴心情
錦繡二重唱
閃靈
閻奕格
關喆
關淑怡
關詩敏
防彈少年團
阿杜
阿桑
阿爆
阿牛
阿肆
阿達
陳一郎
陳以桐
陳偉霆
陳勢安
陳嘉樺
陳奕迅
陳小春
陳建年
陳彥允
陳惠婷
陳慧嫻
陳慧琳
陳政文
陳昇
陳星翰
陳曉東
陳淑樺
陳潔儀
陳珊妮
陳盈潔
陳粒
陳綺貞
陳芳語
陳零九
陶喆
陶晶瑩
隨性樂團
雀斑
雅尼
雨宗林
雷光夏
雷恩·葛斯林
霍洛維茲
青山黛瑪
韋禮安
韓紅
音樂戀曲
順子
頑童MJ116
風格童星組合
飛兒樂團
飛輪海
香香
馬丁·夏布洛
馬修·連恩
馬克曼西納
馬友友
馬頔
高潤荷
高進
魏如昀
魏如萱
魯向卉
魯柏葛雷森威廉斯
鳳凰傳奇
鳳飛飛
鹿晗
麋先生
麗亞·莎隆加
麥浚龍
麻吉弟弟 MACHI DIDI
黃乙玲
黃品源
黃大煒
黃妃
黃子韜
黃小琥
黃慧音
黃明志
黃玠
黃玠瑋
黃立行
黃美珍
黃義達
黃耀明
黃致列
黃露儀
黃靜雅
黃鴻升
黃鶯鶯
黎明
鼓鼓
齊豫
龍俊亨
龍千玉
龍飄飄
