6
17
22
920
2030
9453
...Ready For It?
1 TO 10
1-800-273-8255
11:11
2! 3!
200%
21st Century Girl
24K Magic
2U
4 Walls
7 Years
A Different Way
A Head Full of Dreams
A Higher Place
A Lovely Night
A Million Dreams
A Sky Full of Stars
A Step You Can’t Take Back
A Thousand Years
A-YO
A.I.N.Y.
Adventure of a Lifetime
After the Afterparty
Ah Yeah
Alarm
Alive
All About That Bass
All About You
All Falls Down
All for You
All I Ask
All I Wanna Do
All In My Head
All Mine
All Night
All of Me
All of the Stars
All The Stars
All These Years
All We Know
All with You
All You Had To Do Was Stay
Alone
ALWAYS
Am I Wrong
Amazing Day
And I'm here
Animals
Another Day of Sun
Anywhere
Apologize
Are You
As If It's Your Last
As Long As You Love Me
Attention
Audition
Awake
Baby
BABY BABY
Back to You
Bad Blood
Bad Boy
Bad Day
Bad Liar
Bad Romance
Bad Things
BAE BAE
Bang Bang
BANG BANG BANG
Barcelona
Battle Symphony
Beautiful
Beautiful Love
Beautiful Now
Beautiful Trauma
Beauty and a Beat
Beauty and the Beast
Bedroom Floor
Begin
Believer
BERMUDA TRIANGLE
Best Friend
Best of Me
Bibia Be Ye Ye
Big Spender
Bird Set Free
Birds
Birthday
Black Beatles
Black Magic
Black Panther
Black Suit
Blame
Blank Space
Bleeding Love
Blood Sweat & Tears
Bloodstream
Blow Your Mind
Blue
Blue Moon
Blurred Lines
Bodak Yellow
Body
Bon Appétit
BONGJESEON
Boom Clap
BOOMBAYAH
Born This Way
Boy in Luv
Boys
BRAND NEW GIRL
Break Free
Break Up Every Night
Breakeven
BREATHE
BREATHE 한숨
Burn
Burn It Up
Burning
Burning Up
Butterfly
By Your Side
Cake By the Ocean
Call It What You Want
CALL ME BABY
Call Me Maybe
Call on Me
Came Here For Love
Can't Feel My Face
Can't Hold Us
CAN'T STOP THE FEELING!
Candy Pop
Capital Letters
Carry Me
Castle on the Hill
Chained To the Rhythm
Champagne Clouds
Chandelier
Change Your Mind
Chasing Highs
Chasing Pavements
Cheap Thrills
CHEER UP
Cherry Bomb
Chunky
Ciao Adios
City of Stars
Clarity
Clean
Clocks
Closer
Club Can't Handle Me
Cold
Cold Water
Colors
Come Alive
Come Back to Me
Come On Back
Coming Home
Company
Complex
Converse High
Cool for the Summer
Cool Girl
COSTLY LOVE
Count On Me
Counting Stars
Cover Up
Crayon
Crazy in Love
Creep
Cross Your Mind
Crying in the Club
D
DADDY
Dancing
Dancing King
Dancing on My Own
Danger
Dangerous Woman
Dangerously
Dark Horse
Darling
Dat $tick
Decline
Deer In Headlights
Delicate
Demons
Deserve
Despacito
Diamonds
Dimple
DINOSAUR
Dirty Sexy Money
Dive
DNA
Domino
Don't
Don't Be So Hard On Yourself
Don't Kill My Vibe
Don't Know You
Don't Leave
Don't Let Me Down
Don't Look Down
Don't Say
Don't Wanna Know
Don't You Remember
Don’t Blame Me
Dope
Dr. Jolin
Drag Me Down
Dramarama
Dream
Dream Lantern
Dreamer
Dumb Dumb
Dusk Till Dawn
Earned It
Easy Come Easy Go
Échame La Culpa
EGO-HOLIC 戀我癖
Elastic Heart
Electric Kiss
Empty
Encounter
End Game
Energetic
Engagement Party
Epilogue
Epilogue: Young Forever
Eraser
Everglow
Everyday
Everything Has Changed
Everytime
Ex's & Oh's
Excuse Me
Expecation
Eyes, Nose, Lips
Faded
Fallin'
Falling
Fancy
Fantastic Baby
Fast Car
Feel It Still
Feels
Fetish
Fight Song
Filthy
Final Song
Find You
Finders Keepers
Fine
Fine Line
Finesse
Fingertip
Fire
Firestone
Firework
First Love
First Time
Five
Fix You
Flashlight
Flow
Fly
Fly Out
FOOL
For Life
For Real
For You
Forget About Tomorrow
Freedom! '90
Friends
From Now On
Full Album RED PLANET
Fun
FXXK IT
Galway Girl
Gangsta
Gee
Get It Right
Get Low
Get Lucky
Get Out
Get Ugly
GIRLFRIEND
Give It To Me
Glorious
Go Go
GOOD BOY
Good For You
Good Goodbye
Good Life
Good Luck
Good Time
Gorgeous
Green Light
Grenade
Halo
Hands On Me
Hands To Myself
Happier
Happy
Hate
Havana
He Won't Go
Heart Shaker
Heartline
Hearts Ain't Gonna Lie
Hearts Don't Break Around Here
Heathens
Heaven
Heavy
Helium
Hello
Her
Here
Herman’s Habit
Heroes
Hey Mama
Hide & Seek
High
High Without Your Love
Him & I
Ho Hey
Hola Hola
Hold Back the River
Hold On, We're Going Home
Holiday
Home
HOME IS FAR AWAY
Honest
Hot Pink
Hotel California
Hotline Bling
How Can I Love You
How Deep Is Your Love
How Far I'll Go
How Long
How Long Will I Love You
How to Love
How to Save a Life
How Would You Feel
How You Get the Girl
How's This
Human
HUMBLE.
Hurt Somebody
Hurts
Hush
Hymn for the Weekend
I
I Am the Best
I Did Something Bad
I Don't Know
I Don't Want to Miss a Thing
I Don’t Wanna Live Forever
I Feel It Coming
I Got a Boy
I Got Love
I Got You
I Gotta Feeling
i hate u, i love u
I Just Wanna Dance
I Knew You Were Trouble
I Know You
I Like Me Better
I Like That
I Miss You
I Need U
I Really Like You
I See Fire
I Took a Pill in Ibiza
I Wanna Know
I WANT IT ALL
I Want It That Way
I Want You To Know
I Was King
I Wish You Would
I'll Show You
I'm Not the Only One
I'm Not Yours
I'm the One
I'm Yours
Ice Cream Cake
IDGAF
If I Ain't Got You
If I'm Lucky
IF YOU
If You Were Me
Immortals
In the Arms of a Stranger
In the End
In the Name of Love
Inside Out
instagram
Instruction
Into It
Into You
Intro: Serendipity
INTRO. 권지용 Middle Fingers-Up
Invisible
Irreplaceable
ISLAND
Issues
It Ain't Me
It Won't Kill Ya
It's My Life
It's Time
It's You
Jealous
JELLY JELLY
July
Just Believe
Just Give Me a Reason
Just Hold On
Just Like Fire
Just One Day
Just the Way You Are
Keeping Your Head Up
Kill Em With Kindness
Kissing Strangers
KNOCK KNOCK
Know No Better
Ko Ko Bop
K歌之王
L.I.E
La La La
LAST DANCE
Last Goodbye
LAST MAN STANDING
Last Order
Latch
Lay Me Down
Lean On
Left Right Left
Lego House
Lemon
Let Her Go
Let It Go
Let Me Down
Let Me Go
Let Me Love You
LET'S NOT FALL IN LOVE
Letting Go
Lie
Light It Up
Light My Body Up
Lights Down Low
Like a Fool
Like I'm Gonna Lose You
LIKEY
Lion Heart
Lip & Hip
Location
Locked Away
Locked Out of Heaven
Lonely
Lonely Together
Look What You Made Me Do
LOSER
Losing My Mind
Lost
Lost Stars
Lotto
Love
Love 'U 'U
Love Love Love
Love Me Harder
Love Me Like You Do
LOVE ME LOVE ME
Love Me Now
LOVE ME RIGHT
Love More
Love Myself
Love Never Felt So Good
Love on Me
Love On Top
LOVE SCENARIO
Love Song
Love Story
Love the Way You Lie
Love You Like That
Love Yourself
Lovesong
Loving U
Lucky
Lullaby
Lush Life
Lust for Life
Luv
Lydia
Magic
Make Me Like You
Make Me Love You
Make You Feel My Love
Malibu
Mama
Man of the Woods
Maps
Marry Me
Marry You
Marvin Gaye
Me and My Broken Heart
Me, Myself & I
Meant to Be
Mercy
Merry & Happy
Mi Gente
Mia & Sebastian’s Theme
MIC Drop
Middle
Million Reasons
Mine
Mirrors
Miss Right
MJ Fresh Gang
Monster
More Than Friends
More Than You Know
Most Girls
MOVE
Moves Like Jagger
Movie
Mr. Chu
Mr.Mr.
My Boo
My Gospel
My Heart Will Go On
My House
My My My!
My Songs Know What You Did In the Dark
My Type
My Way
Naked
Nancy Mulligan
Nandemonaiya
NEGA DOLA
Never
Never Be the Same
Never Enough
Never Ever
Never Tear Us Apart
New Divide
New Face
New Man
New Romantics
New Rules
New Thang
New World
Nights with You
NO
No Lie
No Make Up
No Money
No One
No One Else Like You
No Promises
No Way
No.1
Nobody Can Save Me
Nocturnes, Op. 9: No. 1 in B-Flat Minor
NoNoNo
Not Today
Now Or Never
Nuh Ready Nuh Ready
Numb
O_LOVE
OAOA
Oh Little Girl
Oh My God
Okey Dokey
On Hold
On My Mind
Once Again
One
One and Only
One Call Away
One Dance
One Last Song
One Last Time
One More Light
One More Night
One More Time
Only Girl
Only One
Open Up
Out of Love
Out of the Woods
Outro: Her
OUTRO. 신곡 神曲 Divina Commedia
Outside
P.S. 我愛你
P.S.我愛你
Panama
Papillon
Paradise
Paris
PARTY
Party Rock Anthem
Passionfruit
Payphone
People On The Move
Perfect
Perfect Duet
Perfect Illusion
Perfect Places
Perfect Strangers
Perm
Personal
Photograph
Pied Piper
PILLOWTALK
Places
Planetarium
Play Hard
PLAYING WITH FIRE
Play我呸
Please Don't Go
Power
Practice Love
Pray
Pray For Me
Praying
Pretty Girl
Price Tag
Problem
Produce 101: 나야 나 It's Me
Purple Lamborghini
Radioactive
Rain
Rather Be
RE-BYE
Real Friends
REALLY REALLY
Red
Redbone
Reggaetón Lento
Remember
Reset
Revenge
Rewrite the Stars
Ribbon
Ride
Riff Off
Ring My Bell
Ringa Linga
Rise
Ritual
River
Roar
Rockabye
rockstar
Roller Coaster
Rollin
Rolling In the Deep
Rookie
Roses
Round and Round
Royals
Rude
Rumour Has It
Run
Run the World
Runnin'
Sacrifice
Same Old Love
Saturday Sun
Save Me
Save Myself
Say Something
Say Yes
Say You Won't Let Go
Scared to Be Lonely
Scars to Your Beautiful
Secret Love Song
See You Again
Send My Love
SENTIMENTAL
September Song
Set Fire to the Rain
Setting Fires
Seve
Sexual
Shake It
Shake It Off
Shape of You
She Will Be Loved
Shed a Light
Shinin'
Shut Up and Dance
Sick Boy
Side to Side
Sign of the Times
SIGNAL
Silence
Silver Spoon
Sing
Sing Me to Sleep
Sit Still, Look Pretty
Skyfall
Slide
Slow Hands
So Far Away
So Good
SOBER
Solo Dance
Some Type of Love
Someone in the Crowd
Someone Like You
Something
Something Just Like This
Somewhere I Belong
Sorry
Sorry Not Sorry
SOUTH SIDE
Sparkle
Spectre
SPOTLIGHT
Spring Day
Starboy
Stargazing
Starlight
Starships
Start a Fire
Starving
Stay
Stay Together
Stay With Me
Stigma
Still Falling for You
Still Got Time
Stir Fry
Stitches
Stole the Show
Story of My Life
Straight Up & Down
Stranger Things
Strangers
Stressed Out
Strip That Down
Stronger
Stuck In Love
Style
Sucker for Pain
Sugar
Summer
Summer Montage / Madeline
Sun Comes Up
Super Hot
SUPER STAR
Superheroes
Supermarket Flowers
Swalla
Swish Swish
Symphony
Take Me To Church
Talk Love
Talking to Myself
Tears
Teenage Dream
Telephone
Tell Me
Tell Me If You Wanna Go Home
That XX
That’s What I Like
The A Team
The Beginning
The Cure
The End
The Feeling
The Greatest
The Greatest Show
The Hills
The Lazy Song
The Middle
The Monster
The Nights
The Ocean
The One
The Other Side
The Scientist
The Spectre
The Wolf
Then
There For You
There's Nothing Holdin' Me Back
These Days
Thinking Out Loud
This Christmas
This Girl
This Is Love
This Is Me
This Is What You Came For
This Love
Thunder
Tightrope
Timber
Time Lapse
Time of Our Lives
Tip Toe
Tired
Titanium
To Be Human
TOMBOY
Too Bad
Too Good at Goodbyes
Too Much to Ask
Touch
Touch Love
Touch My Body
Touchdown
Toxic
Toy
Treasure
Treat You Better
Try
Try Everything
TT
Turn Down For What
Turn Up
Turning Tables
U R
Uchiagehanabi
Umbrella
Under Control
Unforgettable
Universe
Unsteady
Unstoppable
Until The Day
Up & Down
Up All Night
Up&Up
Uptown Funk
Versace On The Floor
View
Viva La Vida
Wait
Waiting For Love
Waka Waka
WAKE ME UP
Wake Up Alone
Wanna
Wanna Be
Want to Want Me
War of Hormone
Water Under the Bridge
We Are
We Are Never Ever Getting Back Together
We Are One
We Are...
We Can't Stop
We Don't Talk Anymore
We Don’t Talk Anymore
We Found Love
WE LIKE 2 PARTY
Welcome To New York
What About Us
What Do I Know?
What Do You Mean?
What Lovers Do
What Makes You Beautiful
Whatever It Takes
When I Saw You
When I Was Your Man
When We Were Young
Where Are Ü Now
Where You At
Wherever You Are
Whistle
Who Are You
Why
Why Don’t You Know
Why So Lonely
Wi Ing Wi Ing
Wild Love
Wild Thoughts
Wildest Dreams
Will You Remember Me
Winter Is Coming
Wish You Were Here
With You
Without Her
Without You
Wolves
Wonderland
Work
Work from Home
Worth It
Would You Ever
Wrecking Ball
Writing's on the Wall
X
Yeah!
Yellow
Yes I Am
You
You Are
You Are My Everything
You Belong With Me
You Don't Know Me
You in Me
You Owe Me
You, Clouds, Rain
You'll Never Know
You're Gone
You're Still the One
Young
Young and Beautiful
Young Dumb & Broke
Your Song
YOUTH
Zenzenzense
ZUTTER
가시나 Gashina
개소리 BULLSHIT
거북이 TURTLE
거짓말 Lies
거짓말이야 A Lie
겁
고맙다 Thanks
귀를 기울이면 Love Whisper
그대란 정원
그대를 잊는다는 건
그리고 하나 Only One
그리워하다 Missing You
금요일에 만나요 Friday
기대해 Expect
기도 I'll Be Your Man
긴 밤이 오면
꺼내 먹어요 Eat
꽃이야 My Flower
꿈처럼
나만 안되는 연애
나혼자 Alone
날개 Feel So Fine
낮보다는 밤
내 눈에만 보여
내 마음 들리나요
내가 설렐 수 있게 Only One
너 그리고 나 NAVILLERA
너는 나 나는 너
너랑 나 You & I
너를 사랑해
너를 위해 For You
너무너무너무 Very Very Very
넌 Is 뭔들
녹아요 Ice Cream
니가 뭔데 WHO YOU?
니가 하면 If You Do
다른 남자 말고 너 Only You
다시 해줘 Do it again
덜덜덜
데칼코마니
러시안 룰렛 Russian Roulette
만세 Mansae
무제 無題 Untitled, 2014
박수 Clap
밤편지 Through the Night
베베 Babe
보여줄게
봄 사랑 벚꽃 말고 Not Spring, Love, or Cherry Blossoms
봄날 Spring Day
붐붐 BOOMBOOM
비밀 Secret
비밀정원 Secret Garden
비처럼 가지 마요 One More Chance
빨간 맛 Red Flavor
뿜뿜 Bboom Bboom
삐딱하게 Crooked
사랑이 잘 Can't Love You Anymore
사랑하자
사뿐사뿐
소나기 Downpour
소원
소중한 사랑 Precious Love
스물셋 Twenty-Three
시간을 달려서 Rough
심쿵해
싸운날
쌍둥이자리 Gemini
썸 Some
쏘쏘 so-so
아주 NICE VERY NICE
야 하고 싶어 Call You Bae
양화대교 Yanghwa Brdg
어쩔 수 없지 뭐 Can Be Better
얼굴 찌푸리지 말아요 Plz Don't Be Sad
여름비 Summer Rain
예쁘다 Pretty U
오늘 취하면 Wine
오늘부터 우리는 Me Gustas Tu
와리가리 Comes and Goes
우주를 줄게
울고 싶지 않아 Don't Wanna Cry
유리구슬 Glass Bead
으르렁 Growl
음오아예
이 지금 Dlwlrma
이런 엔딩 Ending Scene
이름에게 Dear Name
이쁘다니까
잊어버리지마 Don't Forget
전야 前夜 The Eve
좋은 날 Good Day
주인공 Heroine
중독 Overdose
짧은 치마 Miniskirt
쩔어 DOPE
첫 눈
첫눈처럼 너에게 가겠다
최고의 행운
태양의 후예
태풍 The Eye
팔레트 Palette
피카부 Peek-A-Boo
하늘바라기 Hopefully Sky
하드캐리 Hard Carry
하루의 끝 End of a Day
하루하루 Haru Haru
そばにいるね
一個人想著一個人
一個像夏天一個像秋天
一千個傷心的理由
一千年以後
一千零一個願望
一半
一坪半
一場遊戲一場夢
一定要相信自己
一樣的月光
一次幸福的機會
一步成詩
一百種孤獨的理由
一百種生活
一直走
一萬個不回頭的方法
一笑傾城
一路向北
一路逆風
一點點
七里香
三月
三生三世
三角題
上水的花
下個街角
下個轉彎是你嗎
下輩子
下雨了
下雨天
下雨的夜晚
不一樣又怎樣
不如這樣
不將就
不得不愛
不想上班
不搭
不放
不散,不見
不曾回來過
不為誰而作的歌
不痛
不能説的秘密
不要不要
不要再孤單
不該
不說
不過失去了一點點
不醉不會
不關你的事
不難
不需要知道
世界上的另一個我
丹寧執著
之外
九種使用孤獨的正確方式
乾啦 乾啦
乾杯
人生のメリーゴーランド
人生有限公司
人生海海
人質
什麼什麼
什麼時候她
什麼歌
今天妳要嫁給我
他一定很愛你
他不愛我
他舉起右手點名
以前,以後
以後以後
以後別做朋友
以愛之名
任意門
作曲家
你,好不好?
你不愛我
你不是真正的快樂
你不知道的事
你啊你啊
你在煩惱什麼
你好可愛
你就不要想起我
你把我灌醉
你敢不敢
你是我的菜
你比從前快樂
你的世界渲染了我
你的微笑
你的愛
你的背包
你的行李
你給我聽好
你被寫在我的歌裡
你要的全拿走
你說了算
你還要我怎樣
你那麼愛她
你點的歌救了我
來去趴踢
來自天堂的魔鬼
依然愛你
修煉愛情
倉頡
倒帶
倔強
偉大的渺小
偏執面
偏愛
健康歌
偶陣雨
偷偷的
偷客兄
偷故事的人
傲嬌
傷心的人別聽慢歌
傷痕
傻子
傻笑
像天堂的懸崖
像風一樣
兄妹
兄弟
光
光之海
光害
光年之外
光輝歲月
克卜勒
兜圈
入陣曲
兩個人的回憶一個人過
其實我們值得幸褔
其實都沒有
再會中港路
再見
再見只是陌生人
再見我的愛
再遇見
最佳男主角
最初的記憶
最好的一天
最後的請求
最熟悉的陌生人
最笨的人是我
最重要的小事
最重要的決定
最長的電影
凉凉
凡人歌
出賣
刀馬旦
分手後不要做朋友
分手快樂
分手需要練習的
刚好遇见你
別問很可怕
別找我麻煩
別說沒愛過
到底
到此為止
剛剛好
剪雲者
勇敢
勇氣
動物世界
勢在必行
匆匆那年
匿名的好友
十年
十年一刻
十萬毫升淚水
千年之戀
千里之外
半島鐵盒
南山南
原來
原諒我
另一個結局
只是不夠愛自己
只能勇敢
只能想念你
只要有你的地方
只願和你相愛
可以了
可以唷
可以的話
可惜不是你
可惜沒如果
可愛女人
台北直直撞
史詩
同在
吻別
吻得太逼真
告白氣球
味道
命中注定
命運
咖啡
哎呀
唯一
啞巴
啪啪啪
啵啦
喜劇之王
喜歡你
喜歡寂寞
單
單戀曲
單身≠失戀
單身情歌
嗚哇嗚
嘻哈庄腳情
四點四十四
回來我身邊
回到過去
回憶那麼傷
因你而在
因為愛情
園遊會
在,也不見
在你身邊
在沒有你以後
城裡的月光
填空
塵埃
壞的好人
壞蛋特調
多少
多遠都要在一起
夜曲
夜空中最亮的星
夢一場
夢中的情話
大人中
大城小愛
大大的擁抱
大海
大火
大藝術家
大雨將至
大風吹
大齡女子
天使
天使的指紋
天后
天天
天天年年
天真有邪
天空
天越亮, 夜越黑
失憶的金魚
失戀無罪
失落沙洲
失語者
女孩
女孩妳知道嗎
女爵
她來聽我的演唱會
她說
好久不見
好可惜
好好
好好先生
好想你2.0
好愛好散
好朋友只是朋友
好膽你就來
如初之光
如果你也聽說
如果再見
如果我們不曾相遇
如果我是一首歌
如果沒有你
如果的事
如果雨之後
妮妮
娛樂天空
嫁給我吧
孤獨患者
孤獨是會上癮的
孤獨的總和
學不會
安靜
家家酒
寂寞不痛
寂寞寂寞就好
寂寞無害
富士山下
寧夏
寶貝
將軍令
尋人啟事
對摺
小幸運
小情歌
小手拉大手
小瓶子
小酒窩
少年他的奇幻漂流
尚好的青春
就改天
就這樣
屋頂
山丘
山海
島嶼天光
崇拜
差不多先生
布拉格廣場
帥到分手
带你去旅行
帶我走
平凡之路
平日快樂
年輪說
幸福了 然後呢
幸福太短
幸福路上
幹大事
幾分之幾
廣島之戀
彩虹
彩虹金剛
很久很久以後
很愛過一個人
很晚的晚安
後來
後來的我們
後會無期
徠卡味
微微一笑很傾城
心內的話
心牆
心的距離
心花開
心裡學
志明與春嬌
忘記你我做不到
忘記擁抱
忠孝東路走九遍
快樂崇拜
快魚仔
忽然之間
怎麼說我不愛你
怎麼還不愛
思念是一種病
思慕
恆溫
情書
情歌
情非得已
想你的夜
想回到那一天
想幸福的人
愛
愛. 很簡單
愛.這件事情
愛不需要裝乖
愛久見人心
愛你
愛你沒差
愛在西元前
愛在身邊
愛如潮水
愛存在
愛情廢柴
愛情教會我們的事
愛情轉移
愛愛愛
愛我別走
愛我還是他
愛的主打歌
愛的就是你
愛的總鋪師
愛笑的眼睛
愛著愛著就永遠
慢靈魂
慣性取暖
懼高症
戀愛ing
成全
成名在望
我
我不知道愛是什麼
我不配
我不離開
我不難過
我不願讓你一個人
我也很想他
我們不一樣
我們的愛
我們的總和
我們都寂寞
我最親愛的
我喜歡上你時的内心活動
我多喜歡你,你會知道
我好像在哪見過你
我好想你
我很愉快
我心中尚未崩壞的地方 
我想你了
我愛你
我愛的人
我愛過你
我懷念的
我把我的青春给你
我的愛
我的新衣
我的歌聲裡
我的秘密
我的路
我看著你的時候
我知道要微笑
我等到花兒也謝了
我繼續
我要快樂
我要的幸福
我說寶貝
我還是愛著你
我醒著做夢
戒斷
戒菸
所謂的愛
手寫的從前
手心的薔薇
手掌心
手放開
打勾勾
打鐵
把最甜的都給妳
披風
拋物線
指望
掉了
推開世界的門
搖落
擊敗人
擱淺
收斂水
放
敞篷車
斑馬,斑馬
新不了情
新地球
新的心跳
於是
於是長大了以後
旅行的意義
旋木
日不落
早安, 晨之美!
明仔載
明天再擱來
明天的事情
明明就
星晴
星期三或禮拜三
春泥
是他不配
是我不夠好
是日救星
普通朋友
晴天
暖暖
暗號
曖昧
曲終人散
曹操
曾經瘋狂
會呼吸的痛
會痛的石頭
會過去的
月亮惹的禍
月牙灣
有点甜
有理想
未單身
未完不待續
未接來電
末班車
末路狂花
李白
東風破
桃花諾
楓
模特
歌謠
步步
歪國人
死了都要愛
死心了沒有
母系社會
每一個玩音樂的人
水星記
永不失聯的愛
永恆的印記
江南
沒那麼簡單
沙漏
沙灘
泡沫
洋蔥
派對動物
浪人情歌
浪子回頭
浪漫一下
浪漫來襲
浪漫手機
浪漫血液
浪費
浮誇
海洋之心
海闊天空
淋雨一直走
淒美地
淘汰
深信不疑
溫柔
溫柔的奇蹟
滿座
漂向北方
演員
灰色
為愛啟程
為愛而愛
無底洞
無條件
無眠
無窮
無與倫比的美麗
無言花
煎熬
煙火裡的塵埃
煙花易冷
爛泥
爸爸媽媽
特別的人
牽心萬苦
狂風裡擁抱
猜猜看
獨善其身
獨家記憶
王妃
玫瑰色的你
珊瑚海
現在不跳舞要幹嘛
現在就讓我走
現在我很幸福
生煎包
用心良苦
用餘生去愛
甲你攬牢牢
異類
異類的同類
當
當你
當你孤單你會想起誰
當你離開的時候
當冬夜漸暖
當我們一起走過
病人
痛快的哀艷
痴心絕對
癡情玫瑰花
癡情男子漢
皇后區的皇后
皮囊
盛夏光年
相依為命
相愛的方法
相見恨晚
看透
真實
眼底星空
矜持
知足
破吉他
神探
稻香
空白格
穿越
突然好想你
童話
笑忘歌
第三人稱
第幾個100天
等一個人
等你下課
算什麼男人
簡單愛
簡簡單單
紅豆
累了走了散了
紳士
終於結束的起點
終於說出口
給我一個理由忘記
給我一首歌的時間
綠光
繁花
繞
缺口
美女與野獸
聖所
聖誕結
聽不到
聽媽媽的話
聽爸爸的話
聽見下雨的聲音
聽說愛情回來過
聽說聽說
背對背擁抱
脫單
脫罪
脫胎換骨
至少還有你
致姍姍來遲的你
舊夢
艷火
若你碰到他
莉莉安
菊花台
落俗
董小姐
蒲公英的約定
藉口
血腥愛情故事
街角的祝福
袖手旁觀
裝醉
覅忒好
親愛的你怎麼不在身邊
觀眾
言不由衷
記得
記得帶走
該忘的日子
認真的雪
說
說分手之後
說到愛
說好的幸福呢
說實話
說愛你
說散就散
說謊
説了再見
誰來剪月光
誰愛誰
諾亞方舟
謝謝儂
謝謝妳愛我
讓我留在你身邊
说散就散
豆漿油條
買榜
賊
走到飛
走在冷風中
走著走著就散了
趁早
超級酷
足矣
跳舞的梵谷
跳進來
踮起腳尖愛
身後
身騎白馬
轉眼
辣台妹
迷途羔羊
追光者
退後
逆時光的浪
這是最後一次
這樣你還要愛我嗎
連名帶姓
遇見
過渡期
道聽塗說
達爾文
還是想念
還是會
還是會寂寞
還是要幸福
那些你很冒险的梦
那些年
都對也都錯
醉赤壁
醜八怪
重來
野子
野生動物
金上癮
鍊愛
長途夜車
開不了口
開始懂了
開門見山
閻羅王
關於小熊
關於我愛你
關鍵詞
阿飛的小蝴蝶
陌生人
陪妳過假日
陰天
陰天快樂
隱形的翅膀
雙截棍
雙手插口袋
雙棲動物
離人
離心力
離開地球表面
雨天
雨愛
需要你的美
青春住了誰
青春修煉手冊
青花瓷
頑固
風衣
飆高速
飆高音
飛機場的10:30
飛高高
餘波盪漾
馬德里不思議
髮如雪
魔鬼中的天使
魚
魚仔
魚兒
黃昏
黏黏
黑夜問白天
黑暗騎士
黑色幽默
默
點水
齊天
龍捲風
