Sik-K	GS.EI1.S.IH5.GS.AI1.K.EI4.K.EI4.Y.I2
呂士軒	LYU.YU3.SH.IH4.XU.AN1
陳予新	CH.EN2.YU.YU3.XI.IN1
Max Richter	M.EI2.S.IH5.RU.EI4.T.ER3
Joe Satriani	ZH.OU4.S.A3.CHU.U3.Y.I3.GS.AN1.NI.I3
葉啟田	Y.IE4.QI.I3.TI.AN2
Olivia Foa'i	GS.ER3.LI.I4.LI.I3.Y.A3.F.OU1.Y.I3
Mary Wells	MI.IE1.R.I3.W.EI4.W.U3.S.T
黃綺珊	HU.AG2.QI.I3.SH.AN1
Brandi Carlile	P.L.EI1.M.DI.I3.K.A1.L.AI2.GS.OU3
Joyner Lucas	JI.OU4.GS.AI4.N.ER3.LI.OU2.K.E3.S.IH5
Swedish House Mafia	SU.U1.Y.I1.DI.I5.XU.YU5.H.AO4.S.IH5.M.A1.F.I3.Y.A3
Vast & Hazy	LI.IE4.S.IH5.T.H.EI1.XI.I3
Kidswaste	K.IE4.Z.IH5.W.EI4.S.IH5.T.E5
god	G.A4.D.ER3
Dire Straits	D.AI1.GS.ER3.S.ZHU.EI4.C.IH5
JUNIEL	JI.OU1.NI.IE4.M.O1
Five for Fighting	F.A1.Y.I4.P.W.O4.GS.ER3.F.AN1.Y.I1.TI.IN3
Blonde Redhead	B.AG1.L.AG4.D.E5.RU.A4.XI.IE3.PI.IE4.T
slenderbodies	S.IH5.L.EI1.N.D.ER5.B.A1.DI.I3.S
陳建瑋	CH.EN2.JI.AN4.W.EI3
Foals	F.O4.GS.OU3.S
Akon	GS.EI1.KU.OG3
Vice	W.AI4.XI.I3
Mac DeMarco	MI.IE4.K.E5.DI.I3.M.A1.K.OU3
Eve	Y.I1.F.U5
Berhana	B.ER5.H.A1.N.A3
歐陽菲菲	GS.OU1.Y.AG2.F.EI1.F.EI1
Ben Folds	BI.AN1.F.OU3.S.IH5
Shepard Audio	XU.IE2.P.ER3.R.I5.GS.OU1.LI.I3.GS.OU3
CHiCO with HoneyWorks	QI.I3.K.OU3.W.I3.S.H.AO3.NI.I4.W.O4.K.E5.S.IH5
LANY	GS.A1.L.OU5.GS.EI4.W.AI4
萬妮達	W.AN4.NI.I2.D.A2
Beach Fossils	BI.I4.QU.YU3.F.A1.S.OU3.S
Sade	SH.A1.D.EI3
Baby Sleep Music	BI.EI1.BI.I3.S.IH5.LI.I4.P.E5.MI.OU1.XI.I3.K
Yann Tiersen	Y.AN1.TI.I1.R.S.EN3
Shift K3Y	XU.IE1.T.PI.I4
Blank & Jones	B.LI.AN2.K.GS.AN1.JI.OG4.S.IH5
Deorro	DI.I4.GS.OU1.R.OU3
Calum Scott	G.A1.RU.UN4.S.IH5.G.A3.T.E3
Barry White	BI.IE1.R.I4.W.AI4.N
XYLØ	R.AI1.L.OU5
Sabrina	S.A3.BI.IN1.N.A3
Jazmine Sullivan	JI.IE1.S.IH5.MI.I3.SU.U1.L.E5.W.EN3
草蜢	C.AO2.M.EG3
Van Halen	W.AN1.H.A4.L.EG3
Music for Children	MI.OU1.XI.I3.K.F.O3.QI.OU1.ZH.EN3
林宇中	LI.IN2.YU.YU3.ZHU.OG1
Tame Impala	K.EI4.Y.IN1.P.A1.L.A5
Jessie J	JI.IE1.XI.I1.ZU.EI3
周慧敏	ZH.OU1.HU.EI4.MI.IN3
The Righteous Brothers	R.E4.RU.EI4.Y.I4.JU.IE3.S.IH5.BU.U2.L.A1.DI.I5
楊培安	Y.AG2.P.EI2.GS.AN1
Matoma	M.E5.T.OU1.M.A5
郭靜	GU.O1.JI.IG4
Baauer	B.A1.GS.AO1.GS.ER3
Yogee New Waves	Y.OU1.DI.I3.NI.OU1.W.EI4.S
The Naked and Famous	R.IH3.D.E5.M.EI4.K.IE4.T.GS.EN3.T.E3.F.EI1.M.E3.S
Khruangbin	K.YU1.L.AG2.BI.IN4
Nelly Furtado	NI.IE1.LI.I3.F.ER3.T.A1.D.OU3
Chace	QU.IE4.S
Låpsley	L.EI1.P.S.LI.I3
康士坦的變化球	K.AG1.SH.IH4.T.AN3.D.E5.BI.AN4.HU.A4.QI.OU2
郭美美	GU.O1.M.EI2.M.EI3
Bon Iver	B.AG1.GS.AI1.F.ER3
劉瑞琦	LI.OU2.RU.EI4.QI.I2
Matteo	M.AI1.TI.I3.GS.OU3
Teamheadkick	TI.IG2.H.A4.K.IE4.K
江志豐	JI.AG1.ZH.IH4.F.EG1
Wes Montgomery	W.EI1.S.IH5.M.EG4.G.OU1.M.ER3.R.I3
Tourist	TU.U1.RU.EI4.S.IH5.T
黃玠瑋	HU.AG2.JI.IE4.W.EI3
Yoga Mr Sound	Y.OU1.G.A1.MI.I1.S.T.ER5.S.AN4.D
Marc Scibilia	M.A4.K.E5.S.ER5.BI.I1.LI.I3.Y.A5
張敬軒	ZH.AG1.JI.IG4.XU.AN1
Herbie Hancock	H.IH4.BI.I1.H.AI3.N.K.A3.K.E5
BLACKPINK	BU.U2.L.A4.K.E5.PI.IN3.K.E5
Shaun Frank	SH.AG1.F.RU.AN3.K.E5
A Tribe Called Quest	GS.ER2.ZHU.AI1.BU.U4.K.OU3.K.RU.EI4.S.T
Stan Getz	S.IH5.D.AN1.JI.IE3.S
Moby	M.OU1.BI.I3
Ricky Martin	RU.EI4.XI.IG1.M.A3.DI.IG4
Elohim	GS.EI2.L.OU5.H.EI4.M
Sasha Sloan	S.A1.SH.A3.S.IH5.L.OU4
Paris Hilton	P.A1.LI.I3.S.H.EI1.T.EN3
Sinéad O'Connor	XU.IN4.N.EI3.GS.OU1.K.AN1.D.ER3
Peggy Lee	P.EI4.K.I1.LI.I3
Gareth Gates	G.A1.R.R.E3.S.G.EI4.C
Kisum	K.I1.S.A3.M
Daryl Hall & John Oates	DI.IE1.R.OU3.H.OU4.ZHU.OG4.GS.OU4.C.IH5
Theory of a Deadman	S.I1.R.I3.GS.O3.F.U5.GS.E3.DI.IE4.D.E5.M.EN3
謝春花	XI.IE4.CHU.UN1.HU.A1
Joe Bongiorno	JI.OU2.B.AG1.JI.I1.W.O1.N.OU3
The Goo Goo Dolls	R.E4.GU.U1.GU.U1.D.O4.S
S.H.E	GS.EI2.S.IH5.GS.EI2.QU.YU5.Y.I4
Redfoo	RU.EI1.F.U3
Beauvois	B.ER5.F.U5.GS.A5
Birdy	B.ER5.DI.I3
Lilly Wood & The Prick	NI.I2.LI.I1.W.O3.R.XI.IE3.GS.EI2.NI.I3.D.E5.P.EI4.T.ER5
Toro y Moi	TU.O1.R.OU3.Y.I2.M.O1.Y.I2
陶晶瑩	T.AO2.JI.IG1.Y.IG2
SEKAI NO OWARI	XI.IE4.K.AI4.N.E5.GS.OU5.W.A1.Y.OU2.R.I3
曹格	C.AO2.G.E2
水瀨祈	SHU.EI3.L.AI4.QI.I2
MACO	GS.EN1.BI.EI1.XI.I1.GS.OU1
NYCYPCD	GS.EN1.W.AI1.XI.I1.AI1.PI.I4.XI.I1.DI.I1
Loud Luxury	L.AO2.D.E5.L.A1.XU.IE3.R.IH3
Band of Horses	BI.AN4.D.E5.GS.O3.F.U5.HU.O4.S.S.IH5
Crystal Castles	KU.EI1.S.IH5.T.OU3.K.A4.S.T.OU3.S.IH5
Lil Dicky	L.EI4.GS.OU1.DI.I3.K.I3
原子邦妮	YU.AN2.Z.IH3.B.AG1.NI.I2
ピアノ 胎教 音楽 Masters	T.AI1.JI.AO4.Y.IN1.YU.IE4.M.EI1.S.IH5.T.E3.S
成公亮	CH.EG2.GU.OG1.LI.AG4
張鎬哲	ZH.AG1.H.AO4.ZH.E2
R.E.M.	GS.A3.R.Y.I1.GS.EI4.M
Michele McLaughlin	NI.I2.XI.AO1.M.EI2.BU.U2.L.A1.F.EN3
盧冠廷	LU.U2.GU.AN4.TI.IG2
陳潔儀	CH.EN2.JI.IE2.Y.I2
Becky G	BI.EI1.K.I1.JI.I4
孫楠	SU.UN1.N.AN2
G-Eazy	JI.I1.Y.I1.XI.I3
N.W.A.	GS.AN1.D.A1.BU.O5.LI.OU3.GS.EI4.LI.I3
VOCES8	W.O4.Y.I1.XI.IE3.S.IH5.GS.EI4.T.ER5
Robbie Williams	W.O3.Y.AO4.BI.I3.W.EI1.L.EN3.S
Nathan Sykes	NI.IE4.F.EN5.S.AI4.K.S.IH5
The Staves	L.E4.S.D.EI4.K.E5.S
Wyclef Jean	W.AI1.K.LI.IE4.F.JI.IN4
Tom Misch	T.AG2.M.EI3.S.IH5
黃品源	HU.AG2.PI.IN3.YU.AN2
Frenship	F.EN1.XI.I4
朱宗慶打擊樂團	ZHU.U1.ZU.OG1.QI.IG4.D.A3.JI.I2.YU.IE4.TU.AN2
Kasbo	K.IE1.S.IH5.BU.OU3
Kehlani	K.L.A1.NI.I3
White Noise	W.AI4.T.E5.NU.O1.S.IH5
The Game	R.E4.G.EI4.M
Carpenters	K.A3.P.EN3.T.ER3.S.IH5
Nursery Rhymes	N.A4.S.IH5.RU.I3.R.GS.AI4.M.S
Helloween	H.EI1.L.OU1.W.I4.N
Buddy	B.A1.DI.I3
Vancouver Sleep Clinic	F.EG4.KU.U4.F.ER3.S.IH5.K.E5.Y.I1.P.KU.EI1.L.EI3.G.E5
金池	JI.IN1.CH.IH2
何真真	H.E2.ZH.EN1.ZH.EN1
Camila Cabello	K.E3.MI.AO1.L.A1.K.E3.BI.EI1.GS.OU3
馬頔	M.A3.DI.I2
Yasutaka Nakata	Y.A3.XU.YU1.K.EI1.K.A3.N.A3.K.A1.T.A3
竇靖童	D.OU4.JI.IN4.TU.OG2
Camera Obscura	K.EI1.M.ER3.R.AN3.GS.A1.P.S.IH5.K.YU1.RU.A5
Park Kyung	P.A1.BI.I3.K.I4.GS.OG3
Lasse Lindh	L.A4.S.LI.IN2.K.T
Bruno Major	BU.U2.RU.U4.N.OU4.M.EI1.ZH.ER3
潘美辰	P.AN1.M.EI3.CH.EN2
Foster the People	F.O1.S.T.ER3.D.E5.PI.I1.P.OU3
熊仔	XI.OG2.Z.AI3
傷心欲絕	SH.AG1.XI.IN1.YU.YU4.JU.IE2
Avicii	GS.A3.F.I1.QI.I3
Teriyaki Boyz	TI.AN1.R.I4.Y.A1.K.I3.BU.O3.Y.I5
Don Diablo	DU.OG1.DI.I3.Y.A1.BU.U4.L.OU2
HELLOVENUS	H.A1.L.OU5.F.I1.N.A3.S.IH3
Aminé	GS.A1.MI.I1.N.EI4
Anita Baker	GS.EN3.NI.I4.T.A3.BI.EI1.K.E3
The New Barden Bellas	NI.I3.R.E5.NI.OU1.B.A1.R.EN3.BI.AO1.L.A3.S
Chris Hart	K.R.I4.S.H.A4.R.T
Daughter	DU.O1.T.ER5
陳綺貞	CH.EN2.QI.I3.ZH.EN1
Jason Piano	ZH.EI1.S.EN3.PI.I1.GS.A1.NU.OG2
Anne Murray	GS.EI4.M.ER3.R.I3
Dustin O'Halloran	D.A1.S.IH5.TI.IN3.GS.OU4.H.A1.L.OU4.R.EN3
Lulu黃路梓茵	LU.U4.LU.U3.HU.AG2.LU.U4.Z.IH3.Y.IN1
Barry Chen	BI.IE1.LI.I3.QI.AN4
Dean Martin	DI.IN4.M.A1.TI.IN3
陳冠希	CH.EN2.GU.AN4.XI.I1
Trinix	QU.EI1.N.EI3.K.E5.S.IH5
Alessio Bax	GS.A3.L.EI1.XI.IE3.GS.OU3.BI.IE4.P.S
唐禹哲	P.AG2.YU.YU3.ZH.E2
Tamara-Anna Cislowska	T.A1.M.A1.RU.A3.GS.EN1.N.A3.SHU.EI2.S.IH5.LU.U4.S.IH5.K.A3
All Time Low	GS.OU4.T.AI4.M.L.OU1
熊天平	XI.OG2.TI.AN1.PI.IG2
Malia Civetz	M.A1.LI.I3.GS.EI2.S.I1.BI.EI3.Z.IH5
Gustavo Santaolalla	GU.U1.S.IH5.D.A1.F.U5.XI.AN1.CH.A1.L.AI4.Y.A3
魏如萱	W.EI4.RU.U2.XU.AN1
Mike Posner	M.AI4.K.E5.P.A1.S.N.ER3
Paige O'Hara	P.EI4.QU.YU5.GS.OU4.H.A1.RU.A3
曾淑勤	Z.EG1.SHU.U2.QI.IN2
Sakurako Ohara	S.A1.KU.U3.L.A1.K.OU3.GS.OU1.H.A1.R.GS.A3
Study Now	S.IH5.D.A2.DI.I3.N.AO4
吳映潔	W.U2.Y.IN4.JI.IE2
Ben Howard	BI.AN1.H.AO3.W.O4.GS.ER3
Cosmic Gate	K.OU1.S.IH5.NI.I3.G.EI4.T
naomi & goro	N.A4.W.OU3.MI.I4.GS.EI2.D.A1.L.E5
柯智棠	K.E1.ZH.IH4.T.AG2
Holland	H.A1.L.EG3.D.E5
黃露儀	HU.AG2.LU.U4.Y.I2
J.Sheon	JI.IE2.XU.YU4.GS.OU3
Wee Sing	W.I1.XI.I4.M
Daniil Trifonov	DI.AN1.NI.GS.OU3.T.LI.I1.F.OU3.N.OU4.F
JUNHO	JI.OU1.H.AO4
崔健	CU.EI1.JI.AN4
吳思賢	W.U2.S.IH1.XI.AN2
Isabelle Faust	Y.I1.S.A1.BI.EI4.GS.OU3.F.OU1.S.T
Ben Webster	BI.AN3.W.EI1.P.S.T.ER5
Not3s	N.OU4.C.IH5
Itmusicstudio	Y.I4.T.MI.OU1.XI.I1.K.S.DU.U1.DI.I3.GS.OU3
André Rieu	GS.AG1.JU.IN1.RU.EI1.NI.I3
Al Jarreau	GS.EI1.GS.OU3.JI.A1.R.OU3
Heitor Pereira	GS.EI1.S.IH5.T.O4.GS.ER3.P.R.RU.EI4.RU.A3
Tiger JK	T.AI4.G.A3.ZH.EI1.K.EI4
Elis Regina	Y.I1.LI.I2.S.IH5.BU.U4.RU.EI4.QI.I1.N.A3
NAO	N.A1.GS.OU3
Thomas Bergersen	T.A1.M.A3.S.IH3.BU.ER3.D.E5.S.EN3
Joshua Hyslop	JI.A1.XI.I1.W.AI4.F.I1.S.IH5.L.OU3.S
Prelow	P.R.I3.L.OU4
大支	D.A4.ZH.IH1
SBTRKT	SH.A1.B.E5.CHU.U1.L.A4.K.E5
Tori Amos	TU.O1.R.Y.I3.GS.EI1.MU.O3.S
薛嘯秋	XU.IE1.XI.AO4.QI.OU1
邱振哲	QI.OU1.ZH.EG4.ZH.E2
bülow	YU.YU1.L.OU3
蔡淳佳	C.AI4.CHU.UN2.JI.A1
Kacey Musgraves	K.EI1.XI.I3.M.A1.S.IH5.K.RU.EI4.S
吳汶芳	W.U2.W.EN4.F.AG1
Poppin'Party	P.A1.PI.IN3.P.A1.TI.I3
Garbage	G.A1.DI.I3.JU.YU3
Tuxedo	T.A1.K.E5.S.I1.D.OU3
Flosstradamus	F.U2.L.A1.S.SU.UN3.D.EI1.M.EN5.S
信樂團	XI.IN4.YU.IE4.TU.AN2
Suyano	SU.U1.Y.A1.N.OU3
張三李四	ZH.AG1.S.AN1.LI.I3.S.IH4
崔子格	CU.EI1.Z.IH3.G.E2
Carla Bruni	K.A1.L.A1.BU.U2.M.ER3.LI.IN3
Mario	M.A1.R.Y.OU3
劉佳	LI.OU2.JI.A1
SPYAIR	S.IH5.B.AI4.GS.EI1.GS.ER3
Olivia Newton-John	GS.OU3.LI.I1.W.I3.Y.A3.NI.I1.W.U1.T.EN3.JI.AG4
miss A	MI.I1.S.IH5.GS.AI3
Deep Purple	DI.I4.P.P.ER5.P.OU5
Lou Bega	LU.U4.BI.EI1.G.A3
Etta James	GS.EI1.T.A3.JU.IE3.Y.I2.P.S
莊鵑瑛	ZHU.AG1.JU.AN1.Y.IN1
約書亞樂團	YU.IE1.SHU.U1.Y.A3.YU.IE4.TU.AN2
Laura Marling	LU.O1.RU.A3.M.A1.LI.IG3
周湯豪	ZH.OU1.T.AG1.H.AO2
蕭亞軒	XI.AO1.Y.A3.XU.AN1
林志炫	LI.IN2.ZH.IH4.XU.AN4
張惠妹	ZH.AG1.HU.EI4.M.EI4
五月天	W.U3.YU.IE4.TI.AN1
宇多田光	YU.YU3.DU.O1.TI.AN2.GU.AG1
周杰倫	ZH.OU1.JI.IE2.LU.UN2
Craig David	KU.U2.RU.EI4.G.E5.D.EI1.W.I3.D.E5
GFriend	JI.I1.F.U2.L.EI4.M
防彈少年團	F.AG2.D.AN4.SH.AO4.NI.AN2.TU.AN2
宋旻浩	SU.OG4.MI.IN3.H.AO4
Selena Gomez	S.E3.LI.I4.N.A3.G.OU1.M.EI2
Charli XCX	QI.A1.L.E5.LI.I3.GS.EI4.K.S.IH5.XI.IE3.XI.I1.XI.IE3.GS.EI2.K.S
Kygo	K.I1.G.OU3
張懸	ZH.AG1.XU.AN2
徐佳瑩	XU.YU2.JI.A1.Y.IG2
Taylor Swift	T.EI1.L.A3.S.IH5.W.EI4.F.U5
Ariana Grande	GS.A1.R.I3.GS.A1.N.A4.GU.AN1.D.EI3
Demi Lovato	DI.AN2.MI.I3.L.E3.F.A1.Z.OU3
少女時代	SH.AO4.NYU.YU3.SH.IH2.D.AI4
林俊傑	LI.IN2.JU.IN4.JI.IE2
BIGBANG	BI.I1.G.BI.AN4
Sofi Tukker	S.AO3.BI.I4.TU.U1.K.E5
宇宙人	YU.YU3.ZH.OU4.R.EN2
Calvin Harris	K.YU4.F.EN3.H.AN4.R.E3.S.IH5
The Chainsmokers	Y.OU2.QI.AN1.SH.EN3.M.E5.K.E3.S
Ed Sheeran	GS.EI4.XU.YU1.L.EG3
Bruno Mars	BU.U2.LU.O1.M.A4.S
黃明志	HU.AG2.MI.IN2.JU.YU4
KARD	K.EI4.GS.EI1.GS.A1.DI.I4
Meghan Trainor	M.EI3.G.EG1.CHU.EI1.N.A3
袁婭維	YU.AN2.Y.A3.W.EI2
ALMA	GS.EI2.L.AO2.M.A3
楊丞琳	Y.AG2.CH.EG2.LI.IN2
Rachel Platten	RU.EI4.QI.OU1.P.L.AN4.T.EG2
MAMAMOO	M.A1.M.A3.MU.U4
MAGIC!	M.EI2.JU.YU4.K.E5
Childish Gambino	QI.AO1.DI.I3.XU.YU3.G.AN1.BI.IG4.N.OU3
Liam Payne	LI.I1.Y.AN4.P.EI2.NI.I3
Red Velvet	RU.EI1.D.E5.L.EI1.F.U5.L.EI3.T.E5
HEIZE	H.EI1.JI.IE5
范瑋琪	F.AN4.W.EI3.QI.I2
小賈斯汀	XI.AO2.JI.A3.S.IH1.DI.IG1
蔡健雅	C.AI4.JI.AN4.Y.A3
Charlie Puth	QI.AO3.NYU.YU3.KU.U4.S
二珂	GS.E4.K.E1
鄧紫棋	D.EG4.Z.IH3.QI.I2
梁靜茹	LI.AG2.JI.IG4.RU.U2
陳奕迅	CH.EN2.Y.I4.XU.IN4
Jason Derulo	JI.IE1.S.EN3.D.E5.RU.U1.L.OU3
James Bay	JI.AN1.S.BI.EI4
劉若英	LI.OU2.RU.O4.Y.IG1
滅火器	MI.IE4.HU.O3.QI.I4
DEAN	DI.IN4
方大同	F.AG1.D.A4.TU.OG2
TWICE	P.L.AI4.S.IH5
Kendrick Lamar	G.AN1.ZHU.U3.Y.I3.N.A3.M.A3
WINNER	W.I1.N.N.ER3
太妍	T.AI4.Y.IE2
郭頂	GU.O1.DI.IG3
Clean Bandit	K.LI.IN1.BI.AN1.DI.IE5
EXID	Y.I1.GS.EI2.S.IH5.GS.AI1.DI.I4
Rihanna	R.I3.HU.A1.N.AO3
Bebe Rexha	BI.I1.BI.I3.RU.EI1.S.A3
One Direction	W.AN4.D.ER3.RU.EI1.SH.EN3
孫燕姿	SU.UN1.Y.AN4.Z.IH1
尹美萊	Y.IN3.M.EI3.L.AI2
Maroon 5	M.E5.RU.UN4.F.A3.Y.I2
Imagine Dragons	Y.IG2.M.EI1.JI.IG1.ZH.EI1.G.AG3.S
Sam Smith	S.AN4.MU.U5.S.IH5.MI.I4.S.IH5
兄弟本色	XI.OG1.DI.I4.BI.EN3.S.E4
李宗盛	LI.I3.ZHU.OG1.SH.EG4
葛仲珊	G.E3.ZHU.OG4.SH.AN1
SISTAR	GS.EI2.S.IH5.GS.AI4.GS.EI2.S.IH5.TI.I4.GS.EI4.GS.A1
Major Lazer	M.EI1.JI.OU4.L.EI1.S.ER3
Mark Ronson	M.A1.GS.ER5.RU.AN1.S.EN3
Adele	GS.ER2.D.EI4.GS.OU5
TAEMIN	T.AI2.Y.I4.MI.IN3
Justin Hurwitz	JI.A1.S.DI.IG1.H.E1.RU.I3.CH.IH5
Avril Lavigne	GS.EI1.M.ER3.R.E5.L.AI2.BI.IG4
Ellie Goulding	GS.EI1.LI.I3.GU.U1.DI.IG3
潘瑋柏	P.AN1.W.EI3.BU.O2
Dizzy Dizzo	DI.I1.XI.I3.DI.I1.S.E3
CHUNG HA	QI.IG1.H.E2
Jessica	JI.IE1.XI.I3.K.A3
Shawn Mendes	XI.AG1.M.MI.AN1.D.E5.S.IH5
洪佩瑜	HU.OG2.P.EI4.YU.YU2
玖壹壹	JI.OU3.Y.I1.Y.I1
Post Malone	HU.A2.S.IH5.T.AI4.M.EG2.NU.OG4
EXO	Y.I1.GS.EI4.K.S.GS.OU1
蔡依林	C.AI4.Y.I1.LI.IG2
Alan Walker	GS.A1.LU.UN3.W.O1.K.ER3
樂童音樂家	L.E4.TU.OG2.Y.IN1.YU.IE4.JI.A1
Adam Levine	GS.EI2.D.E5.NI.I3.D.E5.LI.IG4
謝和弦	XI.IE4.H.E2.XU.AN2
INFINITE	Y.IG1.F.EN1.NI.I3.T.ER3
Jax Jones	JI.A4.K.E5.S.ZHU.OG4.S.IH5
寶兒	B.AO3.GS.ER2
張宇	ZH.AG1.YU.YU3
K.Will	K.EI1.W.EI4.GS.OU5
DJ Khaled	DI.I2.ZH.EI1.K.OU1.L.EI4.M
頑童MJ116	W.AN2.TU.OG2.GS.EI4.M.JI.IE2.Y.I1.Y.I1.LI.OU3
岑寧兒	CH.EN2.NI.IG2.GS.E2
周興哲	ZH.OU1.XI.IG1.ZH.E2
薛之謙	XU.IE1.ZH.IH1.QI.AN1
Alessia Cara	GS.A1.L.EI1.S.IH5.Y.A3.K.A4.L.A3
草東沒有派對	C.AO3.DU.OG1.M.EI2.Y.OU3.P.AI4.DU.EI4
蘇打綠	SU.U1.D.A3.LYU.YU4
Ailee	GS.AI1.LI.I4
Alicia Keys	GS.ER2.LI.I2.XI.A4.TI.I4.S
李榮浩	LI.I3.R.OG2.H.AO4
I.O.I	GS.AI4.GS.OU1.GS.AI4
田馥甄	TI.AN2.F.U4.ZH.EN1
王力宏	W.AG2.LI.I4.HU.OG2
王詩安	W.AG2.SH.IH1.GS.AN1
李聖傑	LI.I3.SH.EG4.JI.IE2
林憶蓮	LI.IN2.Y.I4.LI.AN2
HYUKOH	K.L.OU4.K.OU3
Coldplay	K.OU3.P.L.EI3
彭佳慧	P.EG2.JI.A1.HU.EI4
Auli'i Cravalho	GS.OU3.LI.I4.Y.I1.KU.A3.B.A1.HU.OG4
好樂團	H.AO3.YU.IE4.TU.AN2
YUKA	Y.OU1.K.A3
艾怡良	GS.AI4.Y.I2.LI.AG2
小宇-宋念宇	XI.AO2.YU.YU3.SU.OG4.NI.AN4.YU.YU3
Justin Timberlake	JI.A1.S.TI.IN1.TI.I1.M.B.ER3.L.EI3.K
太陽	T.AI4.Y.AG2
張信哲	ZH.AG1.XI.IN4.ZH.E2
Girl's Day	Y.OU1.S.IH5.D.EI4
NU’EST W	NI.OU2.GS.EI2.K.E5.S.D.E5.D.E5.F.Y.OU2
Alesso	GS.A1.L.E5.SH.OU4
董貞	DU.OG3.ZH.EN1
張韶涵	ZH.AG1.ZH.AO1.H.AN2
John Legend	JI.AG3.L.EI4.JU.AN3.Z.IH5
郁可唯	YU.YU4.K.E3.W.EI2
Wanna One	W.A5.N.A4.W.AN4
Lauv	N.OU4.BI
Lady Gaga	L.EI1.DI.I1.G.A1.G.A3
LINKIN PARK	LI.IG4.K.EN3.P.A4.K.E5
Rixton	RU.EI1.S.IH5.T.EN3
Beyond	BI.I3.Y.AG4
綺拉·奈特莉	QI.I2.L.A5.N.AI4.T.E4.LI.I4
林芯儀	LI.IN2.XI.IN1.Y.I2
A-Lin	GS.A3.LI.IN4
陳星翰	QU.AN2.XI.IN1.H.AN4
A Pink	GS.E3.PI.IN4.K.E5
家家	JI.A1.JI.A1
Julia Michaels	JI.OU1.R.I3.Y.A3.M.AI4.K.OU3.S
Katy Perry	K.EI1.TI.I1.P.EI2.R.I3
楊曉	Y.AG2.XI.AO3
泫雅	XU.AN4.Y.A3
王菲	W.AG2.F.EI1
吳亦凡	W.U2.Y.I4.F.AN2
楊宗緯	Y.AG2.ZU.OG1.W.EI3
華晨宇	HU.A2.CH.EG2.YU.YU3
莫文蔚	M.O4.W.EN2.W.EI4
蕭敬騰	XI.AO1.JI.IG4.T.EG2
江蕙	JI.AG1.HU.EI4
鼓鼓	W.U2.GU.U3
PRODUCE 101	P.OU3.DI.OU1.S.Y.AO1.LI.IG2.Y.AO1
陶喆	T.AO2.ZH.E2
李千娜	LI.I3.QI.AN1.N.A4
曾沛慈	Z.EG1.P.EI4.C.IH2
胡彥斌	HU.U2.Y.AN4.BI.IN1
SURAN	SH.IH1.W.U4.RU.AN3
Disciples	DI.I4.S.AI1.P.OU5.S
Drake	ZHU.EI4.K.E5
丁噹	DI.IG1.D.AG1
張震嶽	ZH.AG1.ZH.EN4.YU.IE4
Davichi	D.E5.F.I4.QI.I3
蕭煌奇	XI.AO1.HU.AG2.QI.I2
James Arthur	ZH.EI2.M.S.IH5.GS.ER5.S.D.ER3
Passenger	P.L.EI1.S.EN3.ZH.ER3
DJ Snake	DI.I1.ZH.EI1.S.IH5.N.EI4.K.E5
RADWIMPS	RU.EI4.D.E5.RU.EI4.M.P.S
David Guetta	D.EI1.F.I3.D.E5.G.I1.T.A3
Daya	D.A1.Y.A3
Jonas Blue	JI.OU1.N.A3.S.IH5.BU.U2.W.U4
朴樹	P.U3.SHU.U4
GOT7	G.A1.T.E3.S.EI1.F.EN3
SUNMI	S.AG1.MI.I3
Macklemore & Ryan Lewis	M.EI1.K.OU3.M.O4.GS.ER3.GS.EN1.RU.A1.Y.AN3.RU.U4.W.EI3.S.IH5
吳克群	W.U2.K.E4.QU.IN2
Crush	KU.A4.XU.YU3
文慧如	W.EN2.HU.EI4.RU.U2
Lana Del Rey	L.A1.N.A3.DI.AO4.RU.EI4
DNCE	DI.I4.Y.I1.GS.EN1.S.I1.Y.I4
B1A4	BI.I1.W.AN3.GS.EI1.F.OU3
Anne-Marie	GS.EI1.M.EN3.R.I4
OneRepublic	W.AN1.LI.I3.P.A1.B.LI.I3.K
茄子蛋	QI.IE2.Z.IH3.D.AN4
HENRY	H.EN1.R.I3
畢書盡	BI.I4.SHU.U1.JI.IN4
Sons of People	S.AN4.S.GS.OU4.F.U5.PI.I1.P.OU3
曲婉婷	QU.YU1.W.AN3.TI.IG2
莊心妍	ZHU.AG1.XI.IN1.Y.AN2
Ji-min	JI.I2.MI.IN3
BOL4	BI.I4.GS.OU1.W.EI3.LU.O2.HU.O4
P!nk	PI.IN3.K.E5
張學友	ZH.AG1.XU.IE2.Y.OU3
阿達	GS.A1.D.A2
La La Land Cast	N.A1.L.A1.L.EI1.D.E5.K.A4.S.T
Louis Tomlinson	RU.U2.Y.I1.S.IH5.T.AG1.MI.IG2.SH.EG1
Dynamic Duo	G.AI2.N.AI3.M.EI3.K.DU.U1.GS.OU5
2NE1	TU.U1.GS.EI4.NI.I3.W.AN3
AOA	GS.EI1.GS.OU1.GS.EI1
關喆	GU.AN1.ZH.E2
蜜雪兒威廉	MI.I4.XU.IE3.GS.ER2.W.EI1.LI.AN2
金鐘鉉	JI.IG1.ZHU.OG1.XU.AN4
Dua Lipa	DU.U4.GS.A3.LI.I1.P.A3
盧廣仲	RU.U2.GU.AG3.ZHU.OG4
大壯	D.A4.ZHU.AG4
劉思涵	LI.OU2.S.IH1.H.AN2
庾澄慶	YU.YU2.CH.EG2.QI.IN4
Rag'n'Bone Man	RU.EI1.G.EN1.F.OU1.M.EI3
Vance Joy	W.EN2.S.JI.OU4.Y.I3
艾瑪·史東	GS.AI4.M.A3.SH.IH2.DU.OG1
AMIT	GS.A1.M.EI4.T.ER5
Noah Cyrus	N.OU1.GS.A3.S.AI1.L.A3.S.IH5
Soyou	S.OU1.Y.OU2
Martin Solveig	M.AG2.PI.IG2.SH.OU1.M.EI4.Y.IN3
Elle King	GS.EI2.L.OU5.K.Y.IN4
Zion.T	R.AN2.Y.AO1.TI.I4
西野加奈	XI.I1.Y.IE3.JI.A1.N.AI4
Bazzi	B.A1.XI.I3
Miley Cyrus	M.AI4.LI.I4.S.AI1.R.E5.S.IH5
楊乃文	Y.AG2.N.AI3.W.EN2
飛兒樂團	F.EI1.GS.ER2.YU.IE4.TU.AN2
Cardi B	G.AO1.DI.I1.BI.I4
Mike Perry	M.AI2.K.E5.P.EI2.R.I3
Little Mix	LI.I2.D.OU1.MI.IN3
The Weeknd	R.EN2.W.I1.QI.AN4.D.E5
青山黛瑪	QI.IG1.SH.AN1.D.AI4.M.A3
SEVENTEEN	S.A4.F.EN1.QI.IG4
周傳雄	ZH.OU1.CHU.AN2.XI.OG2
孫盛希	SU.UN1.SH.EG4.XI.I1
G-DRAGON	JI.I1.ZHU.EI1.G.EN3
Eddy Kim	GS.AI1.DI.I4.TI.IN3
Troye Sivan	ZHU.O2.Y.A3.S.I1.M.EN3
朴載範	P.U3.Z.AI4.F.AN4
傅又宣	F.U4.Y.OU4.XU.AN1
林宥嘉	LI.IN2.Y.OU4.JI.A1
陳小春	CH.EN2.XI.AO3.CHU.UN1
陳珊妮	CH.EN2.SH.AN1.NI.I2
Sia	S.I4.Y.A5
韋禮安	W.EI2.LI.I3.GS.AN1
胡夏	HU.U2.XI.A4
Shakira	XI.A4.K.E5.Y.AO1.R.A3
Zara Larsson	S.A1.RU.A3.L.A1.SH.EG1
Jess Glynne	JI.IE2.S.G.IN4
汪蘇瀧	W.AG1.SU.U1.LU.OG2
NEIKED	N.EI4.K.T.ER5
江美琪	JI.AG1.M.EI3.QI.I2
Dragon Pig	ZHU.EI1.G.EN1.PI.I4.G.E5
南拳媽媽	N.AN2.QU.AN2.M.A1.M.A5
SAM KIM	S.AN4.MU.U5.K.I4.M
Lorde	LU.O2.D.EI3
Loren Allred	LU.O1.R.EN3.GS.OU3.RU.A4.T
伍佰 & China Blue	W.U2.B.AI3.CH.AI1.N.A5.BU.U2.LU.U4
Under Lover	GS.AG1.D.ER3.L.A1.F.ER3
X Ambassadors	GS.AI4.K.E5.S.IH5.GS.AI1.BI.EI1.S.AN4.D.ER3
Carly Rae Jepsen	K.A1.LI.I4.RU.EI3.JI.IE1.P.S.EN3
宋冬野	SU.OG4.DU.OG1.Y.IE3
魏如昀	W.EI4.RU.U2.YU.IN2
Rae Sremmurd	RU.EI4.SU.EI1.M.ER3
Rita Ora	R.IH4.T.A3.GS.OU4.R.GS.A3
Disclosure	DI.I4.S.IH5.K.OU1.XU.IE3.GS.ER3
阿肆	GS.A1.S.IH4
謝震廷	XI.IE4.ZH.EN4.TI.IG2
Leo王	LI.I3.Y.OU3.W.AG2
雷恩·葛斯林	W.EI2.GS.EN1.G.E4.SH.IH1.LI.IG2
Sigrid	XI.I1.GU.EI3.T
Eminem	GS.EI1.M.EN3.N.EG2
戴愛玲	D.AI4.GS.AI4.LI.IG2
Iggy Azalea	LI.I3.K.I1.GS.A1.SH.IH2.GS.ER4.DI.I3.Y.A3
許美靜	XU.YU2.M.EI3.JI.IG4
弦子	XI.AN2.Z.IH3
INDIIA	Y.IN1.DI.I3.Y.A3
CHEN	CH.EN2
Tove Lo	T.OU1.F.U5.L.OU5
紅	HU.OG2
EXO-K	GS.EI2.K.E5.S.OU4.K.EI4
閻奕格	Y.AN2.Y.I4.G.E2
Zedd	L.EI4.D.E5
BLOCK B	BU.O2.LU.O4.K.E5.BI.I4
Loote	L.OU4.T.ER5
Bishop Briggs	Y.I2.SHU.A1.BU.U4.Y.I3.P.E5
Epik High	GS.EI1.PI.I1.K.AI4
李玖哲	LI.I2.JI.OU3.ZH.E2
Marshmello	M.A1.SH.N.A1.L.OU3
Khalid	K.I1.GS.ER4.DI.I3.D.E5
Harry Styles	H.A1.R.I1.S.IH5.T.AI4.GS.OU3.S
Niall Horan	NI.I2.GS.OU3.H.OU4.R.EN3
Radiohead	RU.EI1.DI.I3.Y.OU1.TI.IE4.D.E5
李佳薇	LI.I3.JI.A1.W.EI1
Kelly Clarkson	K.EI1.LI.I3.K.E5.L.A1.K.E5.S.EN3
Beyoncé	Y.I2.Y.AG1.SH.EI3
李權哲	LI.I3.QU.AN2.ZH.E2
王俊琪	W.AG2.JU.IN4.QI.I2
Macklemore	M.EI2.K.E1.L.EI1.M.EG3
MP魔幻力量	GS.EN1.PI.I4.M.O2.HU.AN4.LI.I4.LI.AG4
梁文音	LI.AG2.W.EN2.Y.IN1
蛋堡	D.AN4.B.AO3
Kesha	K.IE1.SH.A3
呂薔Amuyi	LYU.YU3.QI.AG2.GS.A1.M.E5.Y.I3
Daft Punk	D.A2.BU.U4.P.AG4.K.E5
Luis Fonsi	LU.U4.Y.I5.S.IH5.F.EG1.SH.EI3
Hozier	H.OU2.Z.I4.ER3
Matzka	M.A2.Z.IH5.K.A3
Miike Snow	M.AI1.K.E5.S.IH3.N.OU4
Colbie Caillat	K.OU1.BI.I4.K.E3.L.EI4
楊凱琳	Y.AG2.K.AI3.LI.IG2
SG Wannabe	GS.EI1.S.IH5.JU.YU2.W.AG2.N.A4.BI.I1
李遐怡	LI.I3.XI.A2.Y.I2
Usher	GS.A1.XU.IE3
Black Atlass	P.U2.L.EI1.K.E5.GS.AI1.P.L.A3.S.IH5
Kylie Minogue	K.AI1.LI.I3.MI.I3.N.OU4.G.E5
Knock	N.A4.K.E5
The xx	NI.I1.XI.IE3.GS.EI2.K.E5.S.IH5.GS.EI4.K.E5.S.IH5
動力火車	DU.OG4.LI.I4.HU.O3.CH.E1
楊洋	Y.AG2.Y.AG2
The Script	R.E4.S.IH5.GU.EI4.P.E5
Lyn	L.AI4.GS.EN3
張雨生	JI.AG1.YU.YU3.SH.EG1
戴佩妮	D.AI4.P.EI4.NI.I2
Lukas Graham	LU.U4.K.E5.S.GU.UN1.H.AN3.MU.U5
ONE OK ROCK	W.AN3.GS.OU1.K.EI4.RU.A4.K.E5
Logic	L.OU3.JI.I3.K
王嘉爾	W.AG2.JI.A1.GS.ER3
Kiana Ledé	PI.I4.Y.A1.N.A3.L.E5.D.EI4
鋼琴心情	G.AG1.QI.IN2.XI.IN1.QI.IG2
獅子合唱團	SH.IH1.Z.IH5.H.E2.CH.AG4.TU.AN2
Nicki Minaj	NI.I1.K.I3.MI.I3.N.A4.JU.YU3
Rich Brian	RU.EI2.QU.YU5.BU.AI1.GS.EN3
BTOB	Y.I1.QI.I1.GS.OU1.BI.I4
Nick Jonas	NI.I2.K.E5.JI.OU4.N.A3.S.IH5
Hardwell	HU.A2.D.E5.W.EI4.GS.OU4
PSY	S.AI4
MONSTA X	M.A1.S.IH5.D.A1.D.A4.XI.IE3.GS.AI4.K.E5.S
Halsey	H.A1.GS.AO1.XI.I3
Flo Rida	F.U2.LU.O1.R.I4.D.A3
The Fray	D.E5.F.RU.EI4
twenty one pilots	QU.AN1.TI.I3.W.AN4.P.AI1.L.E5.C.IH5
R. City	GS.A3.GS.ER2.S.I1.TI.I3
Sabrina Claudio	S.A3.BI.IN1.N.A3.K.LU.O1.DI.I3.GS.OU3
BEN	BI.AN4
Fall Out Boy	F.OU1.GS.AO4.BU.O4.Y.IG3
Gummy	G.A1.MI.I3
鄭恩地	ZH.EG4.GS.EN1.DI.I4
阿杜	GS.A1.DU.U4
Céline Dion	S.E3.LI.IN1.DI.I3.GS.OG4
陳勢安	CH.EN2.SH.IH4.GS.AN1
Wiz Khalifa	W.EI1.S.IH5.K.A1.L.E3.F.ER3
Woo Won Jae	W.U4.W.AN4.ZH.EI1
The Bellas	N.A4.BI.EI1.L.A3.S
Tizzy Bac	TI.I2.XI.I1.BI.EI3.K.E5
CHVRCHES	XI.I1.F.U5.QU.YU3.S.IH3
Emeli Sandé	GS.AI2.M.E5.LI.I4.S.AN1.D.EI3
Migos	MI.I3.G.OU3.S
MC HotDog	GS.EI4.M.XI.I1.H.A1.DU.O4.K.E5
秀智	XI.OU4.ZH.IH4
TFBOYS	PI.I4.GS.EI2.F.U5.BU.O4.Y.I3.S
ZAYN	SH.EN1.Y.IN4
Urban Zakapa	GS.ER2.B.EN3.S.AI1.K.E5.P.A4
孫子涵	SU.UN1.Z.IH3.H.AN2
曾之喬	Z.EG1.ZH.IH1.QI.AO2
Erika	GS.EI1.R.I3.K.A3
The Lumineers	D.E5.LU.U4.MI.IN3.D.ER3
Arthur Rubinstein	GS.AO1.S.A1.RU.U1.BI.I3.S.IH5.DI.IG4
J.Fla	ZH.EI1.F.U2.L.A3
黃小琥	HU.AG2.XI.AO2.HU.U3
Idina Menzel	Y.I4.DI.I1.N.A3.MI.AN1.SH.OU3
The Spencer Lee Band	N.E1.S.IH5.D.EI1.S.E1.LI.I3.B.AN3.D.E5
陳芳語	CH.EN2.F.AG1.YU.YU3
張杰	ZH.AG1.JI.IE2
吳宗憲	W.U2.ZU.OG1.XI.AN4
Pharrell Williams	F.EI1.R.E5.W.EI1.LI.IE4.M
Shania Twain	XU.IE2.N.A1.Y.A3.TU.EI4.M
Rudimental	RU.U1.DI.I3.MI.AN1.T.OU3
奇蹟女孩	QI.I2.JI.I1.NYU.YU3.H.AI2
Daniel Powter	DI.AN1.NI.I3.GS.OU3.P.AO1.T.ER3
Fifth Harmony	NI.I1.S.H.A1.BU.U4.LI.I3
The Black Eyed Peas	L.E4.BU.U2.HU.EI4.T.E3.GS.AI2.D.E5.PI.I4.ER3.S
XIA	GS.EI2.K.S.IH5.GS.AI4.GS.EI1
MK	GS.EI1.M.K.EI4
魯向卉	LU.U3.XI.AG4.HU.EI4
里歐娜	LI.I3.GS.OU1.N.A4
Shungudzo	XU.IN1.G.E2.W.U3.Z.OU3
Robin Thicke	L.AO2.BI.IN1.XI.I3.K.EI4
任賢齊	R.EN4.XI.AN2.QI.I2
光良	GU.AG1.LI.AG2
李毓芬	LI.I3.YU.YU4.F.EN1
八三夭	B.A1.S.AN1.Y.AO1
JC	ZH.EI1.XI.I4
方炯鑌	F.AG1.JI.OG3.BI.IN1
Axwell Λ Ingrosso	GS.EI1.S.IH5.W.EI4.GS.OU3.Y.IN1.G.R.OU4.S.OU4
白娥娟	B.AI2.GS.E2.JU.AN1
Diplo	DI.IE1.P.L.E5
李玉剛	LI.I3.YU.YU4.G.AG1
Naughty Boy	N.AO3.TI.I4.BU.O4.Y.IG3
French Montana	F.U2.LI.AN4.QU.YU5.M.EG3.T.A1.N.A3
Christina Perri	KU.EI1.S.IH5.DI.IG4.N.A4.P.EI4.LI.I3
CL	S.I1.GS.EI2.L.OU5
李英宏	LI.I3.Y.IG1.HU.OG2
4Minute	F.ER3.M.EI1.DI.I5.T.ER5
Dagny	DI.IE4.G.EN1.NI.I3
HRVY	H.A1.R.F.I4
Sean Paul	S.I1.GS.EN1.P.OU5
LMFAO	GS.EI2.L.OU5.GS.EI4.M.XI.IE3.GS.EI2.F.U5.GS.EI1.GS.OU3
GD X 太陽	JU.YU2.DI.I1.D.A4.XI.IE3.GS.EI2.K.E5.S.IH5.T.AI4.Y.AG2
Cash Cash	K.IE4.XU.YU3.K.IE4.XU.YU3
Joel Adams	JI.OU1.GS.EI1.D.EG3.S.IH5
MOMOLAND	M.O1.M.O3.L.EI4.M
Hailee Steinfeld	H.AI4.LI.I4.S.IH5.D.EI1.BI.AO3.D.E5
Maggie Lindemann	M.EI1.G.IH3.LI.IN4.M.EN3
藍又時	L.AN2.Y.OU4.SH.IH2
李玟	LI.I3.W.EN2
Martin Jensen	M.A1.TI.IG1.ZH.EN1.S.EN3
蘇運瑩	SU.U1.YU.IN4.Y.IG2
Cheat Codes	QI.I1.T.K.OU3.C.IH5
Pitbull	PI.I1.P.BU.U3
gnash	N.A4.XU.YU3
BEAST	BI.I4.S.IH5.T.E3
Backstreet Boys	BU.U1.GS.AI4.S.ER5.R.I1.BU.O4.Y.I3.S
Tez Cadey	TI.IE1.S.IH5.K.EI1.DI.I3
張棟樑	ZH.AG1.DU.OG4.LI.AG2
VaVa	F.A1.B.A3
Portugal. The Man	P.O1.T.G.OU3.D.E5.MI.AN4
MAX	M.AI4.K.E5.S.IH5
iKON	Y.I3.K.EN3
Galantis	G.E4.LI.AN1.JI.IE3.S.IH5
SHINee	XI.IN1.N.EI4
Jung Joonil	JI.OU1.ZHU.U2.NI.I4.GS.OU3
OH MY GIRL	GS.OU4.M.AI3.G.ER4.GS.OU3
James Hype	JI.AN2.S.IH1.T.AI4.K.E5
校長	XI.AO4.ZH.AG3
JP Cooper	JI.EI1.PI.I1.K.OU1.P.ER3
Bon Jovi	B.AG1.Z.OU1.F.I3
Jorja Smith	JI.OU1.JI.IE3.S.IH5.MI.I4.S.IH5
MØ	M.O4
Martin Garrix	M.A1.TI.IN3.G.A1.RU.EI3.K.S
WALK THE MOON	W.O1.K.E5.D.E5.MU.U4.N
10cm	SH.IH1.LI.I2.MI.I3
Starley	S.IH5.D.A1.LI.IG2
Mabel	M.EI1.BU.OG4
丁世光	DI.IG1.SH.IH4.GU.AG1
Robin Schulz	RU.A1.M.EN5.XI.OU4.CH.IH5
Jason Mraz	ZH.EI1.S.EN1.MU.U3.L.AI4.S
Gwen Stefani	GU.U1.RU.EI1.S.IH5.D.EI1.F.AG1.NI.IG3
JBJ	ZH.EI1.BI.I4.ZH.EI1
六哲	LI.OU4.ZH.E2
林京燁	LI.IN2.JI.IG1.Y.IE4
Aerosmith	GS.EI1.R.OU3.S.IH3.MI.I4.S
王傑	W.AG2.JI.IE2
Eagles	Y.I1.G.OU3.S.IH5
金太佑	JI.IN1.T.AI4.Y.OU4
London Grammar	L.EN1.D.EN3.GU.U1.RU.EI1.M.A5
J. Cole	ZHU.EI1.K.OU3
曼蒂魔兒	M.AN4.DI.I4.M.O2.GS.ER2
M.I.A.	GS.EI1.M.GS.AI4.GS.EI2
宇宙少女	YU.YU3.ZH.OU4.SH.AO4.NYU.YU3
Sleep Baby Sleep	S.IH5.LI.I4.P.E5.BI.EI4.BI.I3.S.IH5.LI.I4.P.E5
麗亞·莎隆加	LI.I4.Y.A3.SH.A1.LU.OG2.JI.A1
洪大光	HU.OG2.D.A4.GU.AG1
夏天	XI.A4.TI.AN1
許巍	XU.YU3.W.EI1
PARTYNEXTDOOR	P.A1.TI.I3.MI.IE1.K.E5.S.IH5.DU.O4.R
Lykke Li	LI.I4.K.E5.LI.I4
Sechs Kies	SHU.EI2.QU.YU5.K.I4.S
Valentina Lisitsa	M.EI2.R.EN4.TI.I4.N.AN2.LI.I4.S.IH5.TI.I1.SH.EI2
Jon Bellion	JI.AG1.BI.AN1.LI.AN3
王雁盟	W.AG2.Y.AN4.M.EG2
讚美之泉	Z.AN4.M.EI3.ZH.IH1.QU.AN2
Ra.D	GS.A2.GS.EI1.DI.I4
Labrinth	L.A1.P.RU.EI4.M.S
卡特伯威	K.A3.T.E4.BU.O2.W.EI1
Daniel Ho	DI.AN1.NI.I3.GS.OU3.H.OU4
Bassjackers	BI.EI1.S.IH3.JI.IE4.K.E3.S.IH5
盧巧音	LU.U2.QI.AO3.Y.IN1
斯坦蒂	S.IH1.T.AN3.DI.I4
Hillsong UNITED	H.I1.W.U1.SU.OG4.YU.YU3.N.AI4.T.E3.D
Sleepaholics	S.IH5.L.EI1.P.A1.H.OU1.L.EI4.K.S
David Archuleta	DI.IE1.LI.I4.GS.A1.CH.IH2.W.U2.L.EI1.T.A3
韓紅	H.AN2.HU.OG2
The Beach Boys	LI.OU2.BI.I1.S.IH5.BU.U4.S
Illenium	Y.I2.L.AN2.NI.I3.GS.EN3
Sam Hunt	SHU.EI2.P.AO4.T.E5
阿爆	GS.A1.B.AO4
Dido	D.AI1.D.OU3
Iron & Wine	GS.AI2.L.E4.GS.EI2.L.E5.W.AI4
欅坂46	JU.YU3.B.AN3.S.IH4.SH.IH2.LI.OU4
Travis	CHU.A4.F.I5.S.IH5
Opetaia Foa'i	GS.OU1.P.EI4.K.EI4.Y.I3.Y.A5.F.O4.GS.AI4.Y.I3
Dok2	D.OU1.TI.I3
龍千玉	LU.OG2.QI.AN1.YU.YU4
Academy of St. Martin in the Fields	GS.E3.K.A1.D.E5.MI.I3.GS.OU4.F.U5.SH.EN4.T.E5.M.A1.TI.IN3.Y.IN3.D.E5.F.I4.W.U4.S
Cécile Corbel	XI.IE1.XI.I1.GS.ER3.KU.O4.BI.EI3.GS.OU5
Machine Gun Kelly	M.E5.XI.IG4.G.AN4.K.EI1.LI.I3
張靚穎	JI.AG1.LI.AG4.Y.IG3
Against The Current	GS.E4.DI.AN2.S.IH5.T.AI4.L.E5.K.E1.R.EN3
B.A.P	BI.I1.GS.EI1.PI.I4
鄭伊健	ZH.EG4.Y.I1.JI.AN4
Jóhann Jóhannsson	JI.OU1.H.A1.JI.OU1.H.AG2.SH.EN3
Sarah Brightman	XI.IE1.RU.A4.P.U2.L.AI4.M.EN3
黃鴻升	HU.AG2.HU.OG2.SH.EG1
楊千嬅	Y.AG2.QI.AN1.HU.A4
張碧晨	ZH.AG1.BI.I4.CH.EG2
SZA	XI.IE4.S.ER3
Florence + The Machine	W.O3.R.EN3.N.AN1.SH.IH2.P.L.A4.S.Y.OU3.M.E5.XU.IN4
謝霆鋒	XI.IE4.TI.IG2.F.EG1
Boyce Avenue	W.O4.Y.I4.S.IH5.GS.EI4.M.EI2.LI.OU3
Ennio Morricone	GS.EI1.R.I1.GS.OU1.M.A2.R.I1.KU.OG3
Martha Argerich	M.A1.F.A3.GS.A1.ZH.ER3.R.I4.QU.YU3
Dimitri Vegas & Like Mike	DI.I1.MI.I3.T.R.I1.W.EI1.G.E5.S.L.AI4.K.M.AI4.K.E5
Twins	TU.EI4.Y.IN5.S.IH5
小球	XI.AO3.QI.OU2
Corinne Bailey Rae	K.OU3.R.Y.IN4.BI.EI1.LI.I3.RU.EI4
Why Don't We	W.AI4.TU.OG5.W.EI4.Y.I4
ATB	GS.EI1.TI.I1.BI.I4
音樂戀曲	Y.IN1.YU.IE4.LI.AN4.QU.YU3
Super Junior-M	SU.U1.P.ER5.ZHU.U1.NI.I3.ER3.GS.EI4.M
Capital Cities	K.EI1.P.EN3.T.OU3.XI.I1.TI.I3.S
SawanoHiroyuki[nZk]	SH.A3.W.AN1.L.OU5.XI.I1.GS.OU4.Y.OU1.TI.I4.GS.EN1.DI.I1.K.EI4
胡立歐	HU.U2.LI.I4.GS.OU1
Queens of the Stone Age	KU.EI4.M.S.IH5.GS.OU4.F.U5.D.E5.S.IH5.DU.OG4.GS.EI4.JU.YU3
王心凌	W.AG2.XI.IN1.LI.IG2
馬丁·夏布洛	M.A3.DI.IG1.XI.A4.BU.U4.LU.U1.GS.ER3
Newborn Sleep Music Lullabies	NI.I3.BU.O4.R.EN3.S.IH5.LI.I4.P.E5.MI.OU1.XI.I3.K.LU.U1.L.A3.BI.I3.S
Dal★Shabet	T.A1.XU.IE3.BI.EI3.T
9MUSES	N.AI4.MI.OU1.XI.AN3.S.IH5
The Neighbourhood	R.E5.N.EI4.B.ER3.H.E4.T
Anna Kendrick	GS.AI2.N.A4.TI.AN1.JU.YU4.T.E5
陳嘉樺	CH.EN2.JI.A1.HU.A4
XXXTENTACION	QU.YU1.P.O4.GS.AI1.K.E5.S.IH5.TI.AN1.M.T.A1.S.I5.GS.EN3
Banks	BI.AN4.K.S
李笛	LI.I3.DI.I2
Maranatha! Music	M.A1.RU.AN1.N.A1.S.A3.MI.OU1.XI.I3.K
CNCO	F.I4.GS.EN1.XI.I4.GS.OU1
Arlissa	GS.ER2.LI.I4.S.A3
永邦	Y.OG3.B.AG1
fromis_9	GU.O1.MI.I4.S.IH5.N.AI4.N.T.ER5
艾瑪·華森	GS.AI4.M.A3.HU.A2.SH.EG1
楊錦聰	Y.AG2.JI.IN3.CU.OG1
James Blake	JI.AN2.S.IH5.BU.U1.RU.EI4.T.ER5
Power Music Workout	P.A1.W.EI3.MI.OU1.XI.I3.K.W.EI1.TI.AO2
Pulp	P.AO4.P
久保田利伸	JI.OU2.B.AO3.TI.AN2.LI.I4.SH.EG1
Poppy Ackroyd	P.A1.PI.I3.IE4.K.E5.L.OU5.JI.I3.D.E5
Rachael Yamagata	RU.EI1.QI.OU2.Y.A1.M.A1.G.A1.T.A3
Gateway Worship	G.EI3.D.E5.W.EI1.W.O3.XU.IE3.D.E5
Pia Mia	PI.I4.Y.A3.MI.I4.GS.A5
Gavin James	G.IE1.F.EN3.ZH.EG4.Y.IG3.S.IH5
DPR LIVE	DI.I1.PI.I4.GS.A2.L.AI4.F
Anderson .Paak	GS.EN1.NI.I3.D.E5.SH.EG1.P.A4.GS.OU3.K.E5
SF9	GS.EI2.S.IH3.GS.EI2.BU.U4.JI.OU3
Duke Dumont	DI.OU1.G.DI.AO1.M.AG2
Bring Me the Horizon	BU.U4.RU.EI1.MI.I4.D.E5.H.AO3.L.A1.Y.AO1.S.EN3
Jennifer Hudson	JI.AN1.NI.I3.F.ER3.H.A1.D.E5.S.EN3
NF	GS.EN1.GS.EI4.F
Babyface	F.EI1.BI.I3.BI.EI4.S
Limp Bizkit	LI.IG1.BI.IE1.S.JI.IE3
LEW	LU.U4
Yuna	YU.YU1.N.A3
陳政文	CH.EG2.ZH.EG4.W.EN2
MIYAVI	MI.I1.Y.A1.F.I3
6LACK	SH.EI2.S.IH5.L.A4.K.E5
Kiesza	K.AI1.S.GS.ER3
Lawson	LU.O4.S.EN3
彭羚	P.EG2.LI.IG2
Spa	S.IH5.B.A4
Tory Lanez	TU.OG3.R.I3.L.EI4.N.E5.S
TheFatRat	Y.OU1.BI.EI1.T.E5.RU.EI4.T.E5
SECRET	XI.I1.KU.EI1.T.E5
St. Vincent	SH.EN4.T.E5.W.EN4.S.EN3.T.E5
金鐘國	JI.IN1.ZHU.OG1.GU.O2
李雲迪	LI.I3.YU.IN2.DI.I2
Kids Party Music Players	K.I4.Z.IH5.P.A1.TI.I3.MI.OU1.XI.I3.K.P.L.EI1.GS.ER3.S
Daniela Andrade	LI.AN2.NI.I3.GS.EI2.L.A1.GS.EN1.ZHU.A3.G.EI3
徐良	XU.YU2.LI.AG2
m-flo	GS.EI4.M.F.U2.L.E4.GS.OU3
白智英	B.AI2.ZH.IH4.Y.IG1
自由發揮	Z.IH4.Y.OU2.F.A1.HU.EI1
Jennifer Lopez	JI.AN1.NI.I3.F.ER3.L.OU1.PI.IE3.S.IH5
Afrojack	GS.AI1.P.L.OU2.JI.IE3.K.E5
Relax α Wave	R.I3.L.A1.K.E5.S.IH5.GS.ER3.W.EI4
Che'Nelle	SH.EN1.N.EI4.GS.OU3
李欣芸	LI.I3.XI.IN1.YU.IN2
張藝興	ZH.AG1.Y.I4.XI.IG1
B.o.B	BI.I1.GS.OU1.BI.I4
The Barden Bellas	Y.OU4.B.A1.D.E5.M.EI4.L.E5.S
Christophe Beck	KU.EI1.S.T.E3.F.I3.BI.IE4.K.E5
羅時豐	LU.O2.SH.IH2.F.EG1
雷光夏	L.EI2.GU.AG1.XI.A4
Lionel Richie	L.AI4.GS.EN3.N.OU3.LI.I1.QI.I3
Louisa Johnson	LU.U1.Y.I3.S.A3.ZHU.OG1.S.EN3
Florida Georgia Line	F.OU1.R.I3.D.E5.ZU.O4.Y.A3.L.AI4.N
Jimmy Chan	JI.I2.MI.I1.QI.AN4
Janine Jansen	JI.AN3.LI.IG4.JI.IE1.S.EN3
大嘴巴	D.A4.ZU.EI3.B.A5
愷樂	K.AI3.L.E4
魯柏葛雷森威廉斯	LU.U3.BU.O2.G.E2.L.EI2.S.EN1.W.EI1.LI.AN2.S.IH1
Nickelback	NI.I1.K.I4.GS.ER4.B.AI3.D.E5
林淑容	LI.IN2.SHU.U2.R.OG2
Enrique Iglesias	GS.A1.LI.I4.KU.EI2.L.EI1.G.E5.RU.EI4.XI.A4.S
Nursery Rhymes and Lullabies	LYU.YU4.XI.IE4.R.I1.B.AI1.M.S.IH5.GS.EI2.D.E5.L.A1.L.E5.B.AI3.S.IH5
Felix Jaehn	F.EI1.L.E3.S.IH5.Y.AN4.Y.IG3
Austin Mahone	GS.O1.S.IH5.T.EN3.M.A1.H.OU4.M
Walk Off the Earth	W.A1.K.E5.GS.OU3.F.I3.GS.ER4.S
Seeb	S.I1.Y.I4.B.E5
那對夫妻	N.A4.DU.EI4.F.U1.QI.I1
George Michael	JI.AO1.JU.YU4.M.AI4.K.OU3
GReeeeN	JI.I1.RU.I3
2PM	TU.U1.PI.I4.Y.IE4.M
Robyn	RU.A1.B.EN3
MONKEY MAJIK	M.AG1.K.I3.M.EI1.JI.I3.K
Russian Red	RU.A1.XU.IE1.RU.EI4.D.E5
王若琳	W.AG2.RU.O4.LI.IG2
Cheeze	QI.I4.S.IH3
李閏珉	MI.I3.RU.UN4.MI.IN2
斯維亞托斯拉夫·里赫特	SH.IH1.W.EI3.Y.A3.TU.U4.S.IH5.L.A1.GU.U1.LI.I3.K.E4.T.E4
林生祥	LI.IN2.SH.EG1.XI.AG2
Slushii	XI.I1.LI.OU1.XI.I3
金誌文	JI.IN1.ZH.IH4.W.EN2
柚子	Y.OU4.Z.IH5
旺褔	W.AG4.F.U2
Glass Animals	G.E1.L.A3.S.IH5.GS.EI1.N.A4.M.E5.W.U3.S.IH5
Seohyun	XI.I1.GS.OU1.PI.I1.Y.OG4
Alanis Morissette	GS.A1.L.A4.NI.I3.S.IH5.M.AO1.LI.I4.S.AI4.T.ER3
Timbaland	TI.I1.M.B.E3.LI.AN3
Triple H	QI.I1.BU.O4.GS.EI2.QU.YU5
Avenged Sevenfold	GS.EN1.BI.EI1.JU.YU2.D.E5.XI.IE4.R.EN4.F.O4.D.E5
脆樂團	CU.EI4.YU.IE4.TU.AN2
Friedrich Gulda	F.EI1.L.E3.R.I3.K.GU.U1.D.A3
Royal Blood	LU.O2.Y.OU1.BU.U4.L.E5.T
Mrs. Green Apple	M.EI1.XI.I5.S.IH5.BU.U1.RU.EI1.GS.A1.BU.OU3
普拉西多·多明哥	P.U2.L.A1.XI.I1.DU.O1.DU.O1.MI.IG2.G.E1
Mischa Maisky	MI.I1.S.IH3.QI.A4.M.A1.S.DI.I3
Family of the Year	GS.EI1.M.EN5.Y.I3.GS.OU1.BU.U2.R.D.E5.Y.I4.ER3
Shiny	SH.AN1.NI.IG3
Jake Bugg	JI.IE4.K.E5.B.A4.K.E5
洪榮宏	HU.OG2.R.OG2.HU.OG2
Jasmine Thompson	JI.A1.S.IH5.NI.I3.Y.I1.T.AG1.BU.U4.SH.EG1
Boyzone	BU.O1.Y.I1.ZU.OG3
Hush!	P.A4.XU.YU3
2AM	K.Y.OU2.GS.EI1.GS.EI4.M
KSHMR	K.EI4.GS.EI2.S.IH5.GS.EI2.QU.YU5.GS.EN1.GS.AI4
黃美珍	HU.AG2.M.EI3.ZH.EN1
Grace VanderWaal	GU.U1.RU.EI1.S.IH5.BU.U4.GS.AN1.D.ER3.BU.U4.GS.OU5
吳若希	W.U2.RU.O4.XI.I1
MIKA	LI.I1.K.A3
小賈姬	XI.AO2.JI.A3.JI.I1
Ty.	T.AI4.N
曾靜玟	Z.EG1.JI.IG4.W.EN2
Thirty Seconds to Mars	SH.E1.TI.I1.S.AI1.K.AG1.D.E5.S.DU.U2.M.A4.D.E5.S
Madeleine Peyroux	M.EI2.D.E5.LI.I3.Y.IN1.K.EI4.RU.A3.S
Tracy Chapman	CHU.EI1.XI.I3.QI.IE1.P.U5.M.EN3
茱蒂·班森	ZHU.U1.DI.I4.B.AN1.SH.EG1
Bette Midler	BI.EI2.D.E5.MI.I3.D.E5.L.E5
解偉苓	XI.IE4.W.EI3.LI.IG2
申昇勳	SH.EN1.SH.EG1.XU.IN1
Lee Hyori	LI.I2.XI.I1.R.OU5.LI.I3
AAA	GS.EI1.GS.EI1.GS.EI4
Pink Floyd	PI.IG1.K.E5.F.O4.Y.I5.D.E5
李健	LI.I3.JI.AN4
Afterschool	GS.A1.F.T.ER5.S.IH5.GU.O3
MAC MILLER	M.EI1.K.E2.MI.OU1.L.E5
Lupe Fiasco	W.U2.P.E4.DI.I3.Y.A1.S.IH5.K.OU3
布萊恩·泰勒	BU.U4.L.AI2.GS.EN1.T.AI4.L.E4
aimyon	GS.EI1.MI.I4.Y.AG2
施文彬	SH.IH1.W.EN2.BI.IN1
Chaka Khan	JI.AO1.K.A1.H.AO4
Daniel Hope	D.EN1.NI.OU3.H.OU4
蔣卓嘉	JI.AG3.ZHU.O2.JI.A1
SE O	XI.IE4.GS.OU5
Connie Talbot	K.A1.NI.I3.T.OU1.BI.EN3.D.E5.T
全烋星	QU.AN2.XI.AO1.XI.IG1
3LAU	S.AN1.GS.EI1.L.OU5.GS.EI1.Y.OU1
Jazz Guitar Club	JI.IE4.S.G.E5.T.A4.R.K.E5.L.A4.BU.U5
Wilco	W.O3.Y.AO4.K.OU3
Sufjan Stevens	SH.A1.BU.U4.JU.IN1.S.IH5.DI.I4.D.EN3.S
Two Door Cinema Club	TU.U3.D.OU1.S.I2.LI.IE1.M.A1.K.E5.L.A4.D.E5.K.E5
SHISHAMO	XU.YU1.XI.A1.M.EG2
黃乙玲	HU.AG2.Y.I3.LI.IG2
那英	N.A4.Y.IG1
Green Day	GU.U2.LI.IN1.D.EI4
盧凱彤	LU.U2.K.AI3.TU.OG2
Loco	L.OU1.K.OU3
雨宗林	YU.YU3.ZU.OG1.LI.IN2
My Chemical Romance	M.AI3.K.EI1.M.E5.K.OU3.R.OU3.M.EN4.S.IH5
周蕙	ZH.OU1.HU.EI4
鄭怡	ZH.EG4.Y.I2
休·傑克曼	XI.OU1.JI.IE1.K.E3.M.AN3
金范秀	JI.IN1.F.AN4.XI.OU4
Solange	S.OU3.L.AG4
放浪兄弟	F.AG4.L.AG4.XI.OG1.DI.I4
吳建豪	W.U2.JI.AN4.H.AO2
國蛋	GU.O2.D.AN4
Mindy Gledhill	MI.IG4.DI.I1.BU.U2.Y.I4.F.U5.Y.I4.GS.OU3
Omi	GS.OU1.MI.I3
NCT	GS.EN1.S.EI1.TI.I3
羅志祥	LU.O2.ZH.IH4.XI.AG2
徐懷鈺	XU.YU2.HU.AI2.YU.YU4
范宗沛	B.AN4.ZHU.OG1.P.EI4
柴克艾弗	CH.AI2.K.E4.GS.AI4.F.U2
Aimer	GS.EI1.M.ER3
和樂器樂團	H.E2.YU.IE4.QI.I4.YU.IE4.TU.AN2
中孝介	ZHU.OG1.XI.AO4.JI.IE4
Alok	GS.EI2.L.OU5.K.E5
井柏然	JI.IG3.BU.O2.R.AN2
Audien	GS.OU1.LI.EN3
Conor Maynard	K.A1.N.ER3.M.EI1.N.A1.R.D
The Cardigans	R.E5.K.A4.D.E3.G.EG3
LUNA SEA	LU.U1.N.A3.XI.I4
Aloe Blacc	GS.A1.L.OU3.BU.U4.L.AI4.K.E5
NU'EST	NI.OU1.Y.I1.GS.EI4.S.IH5.T
Tinashe	TI.IN4.N.A3.XU.YU3
土岐麻子	TU.U3.QI.I2.M.A2.Z.IH3
Álvaro Soler	GS.A2.W.A5.N.OU1.S.OU1.L.E5
The Corrs	L.E4.K.OU4.GS.ER3.S
Phoebe Ryan	BI.I1.BI.I1.W.AI1.GS.EN3
AMBER	GS.EI1.M.B.ER3
SPICA	S.IH5.PI.I3.K.A3
劉嘉亮	LI.OU2.JI.A1.LI.AG4
Eva Cassidy	Y.I1.F.A3.K.A1.XI.I3.DI.I3
The Police	LI.AO4.P.E5.LI.I4.S.IH5
Children's Music	QI.OU1.ZHU.UN3.MI.OU1.XI.I3.K.E5
許嵩	XU.YU3.SU.OG1
Syn Cole	XI.IN1.K.OU4.GS.OU5
toe	T.OU4
Kid Ink	TI.I2.D.E5.Y.IG4.K.E3
Zia	R.I1.Y.A3
Judy Kuhn	JI.OU1.DI.I2.KU.OG4
Benny Benassi	BI.AN1.NI.I3.BI.I1.N.A3.XI.I2
姜育恆	JI.AG1.YU.YU4.H.EG2
歐陽娜娜	GS.OU1.Y.AG2.N.A4.N.A4
LCD Soundsystem	GS.EI1.GS.OU3.XI.I1.DI.I1.S.AO1.D.E5.S.IH1.S.IH5.T.EN3
輝晟	HU.EI1.SH.EG4
George Benson	JI.OU4.JU.YU3.BI.AN1.S.EN3
Yerin Baek	Y.IE2.R.Y.IG1.BI.EI4.K.E5
Alex Aiono	GS.A1.L.AI2.S.IH5.GS.EI2.GS.A5.N.OU3
Skrillex	S.GU.EI1.L.E5.K.E5.S.IH5
Kim Feel	TI.IG1.BI.I3.GS.OU3
Brian McKnight	BU.U1.L.AI4.GS.EN3.M.EI4.K.N.AI3.T
J.Y. Park	JI.IE2.Y.I1.W.AI4.P.A4.K.E5
*NSYNC	GS.EN1.XI.IG4.K.E5
E-girls	Y.I2.G.ER4.GS.OU3.S
My Little Airport	M.AI3.LI.I1.T.OU3.GS.EI1.GS.ER5.P.O5.T
藝聲	Y.I4.SH.EG1
朱興東	ZHU.U1.XI.IG4.DU.OG1
Juju	ZHU.U1.JI.OU1
John Denver	JI.AG4.DI.AN1.F.ER3
謝金燕	XI.IE4.JI.IN1.Y.AN4
風格童星組合	F.EG1.G.E2.TU.OG2.XI.IG1.ZU.U3.H.E2
Junichi Kamiyama	JI.OU1.NI.I3.QI.I3.K.A1.M.E5.Y.A1.M.A5
M.C THE MAX	GS.EI4.M.XI.I1.D.E5.MI.IE4.P.S
Korn	KU.OG4
Piano Bar Music Specialists	PI.I4.GS.AN1.D.OU1.B.A3.GS.ER5.MI.OU1.XI.I3.K.S.B.AI4.SH.OU4.L.E5.S.IH5
Leonard Cohen	NI.I4.ER3.N.OU3.GS.ER3.K.OU1.H.EN3
Michael Bolton	M.AI4.K.OU1.GU.O1.D.EG3
黃妃	HU.AG2.F.EI1
U-KISS	Y.OU1.K.IE4.S.IH5
T-ara	DI.I4.GS.EI2.L.A3
陳慧嫻	CH.EN2.HU.EI4.XI.AN2
Empire of the Sun	GS.EI1.M.P.AI4.GS.ER3.GS.AO5.D.S.SU.AN4
Weezer	W.I1.S.ER3
The National	R.E5.L.EI4.XU.AN3.GS.OU3
DIA	DI.I1.GS.AI4.GS.EI1
衛蘭	W.EI4.L.AN2
L'Arc〜en〜Ciel	GS.EI4.W.OU3.GS.A4.K.E3.XI.IE3.GS.OU3
Wayne Gratz	W.EI2.Y.IG1.RU.EI4.K.S.IH5
亞歷山卓·戴斯普雷特	Y.A3.LI.I4.S.AN1.ZHU.O2.D.AI4.S.IH1.P.U3.L.EI1.T.E4
Big Sean	BI.I1.K.SH.AG3
生物股長	SH.EG1.W.U4.GU.U2.ZH.AG3
BOBBY	B.A1.BI.I3
Tiffany	TI.I1.F.EN3.NI.I3
順子	SHU.UN4.Z.IH3
Frank Sinatra	RU.EI1.K.E5.S.I2.M.EI1.CHU.A3
美聲男伶	M.EI3.SH.EG1.N.AN2.LI.IG2
Duke Ellington	DU.U4.K.GS.EI1.LI.IG3.T.EN3
Armin van Buuren	GS.A1.MI.I4.F.AG1.BU.U4.R.EN2.LU.UN2
Sleep Music Lullabies	SH.IH3.F.I1.MI.OU1.XI.I3.K.L.A1.L.E5.B.AI3.S.IH5
Meditation Masters	M.EI4.LI.I4.TU.EI1.XU.AN1.M.A1.S.IH5.T.ER3.S
Keala Settle	K.EI2.L.A1.S.EI1.T.OU3
中島美嘉	ZHU.OG1.D.AO3.M.EI3.JI.A1
Costantino Catena	K.OU1.S.IH5.T.EG2.D.E5.N.OU3.K.IE4.T.E5.N.A3
Priscilla Ahn	P.U5.S.I1.L.A5.GS.AN4
The Strokes	R.E4.S.IH5.CU.O4.S
蘇盈之	SU.U1.Y.IG2.ZH.IH1
Mad Clown	M.EI1.D.E5.K.AO4
溫嵐	W.EN1.L.AN2
武部聡志	W.U3.BU.U4.CU.OG1.ZH.IH4
CODE KUNST	GU.O2.KU.OG4.T.ER5
Simon & Garfunkel	SH.A1.M.EN4.GS.EN1.G.A1.B.AG1.K.OU3
Dr. Dre	D.A2.TU.EI4.ZU.EI4
許志安	XU.YU3.ZH.IH4.GS.AN1
Sleeping Mozart Relaxing Baby	S.DI.I1.PI.I1.M.O1.S.A1.D.E5.RU.U5.L.EI1.XI.IN1.BI.EI1.LI.I3
Tori Kelly	TU.O1.R.Y.I3.K.EI4.LI.I3
Simple Plan	XI.IN1.F.OU1.P.L.EI4.M
清水翔太	QI.IG1.SHU.EI3.XI.AG2.T.AI4
Frank Ocean	F.EG4.K.E5.GS.OU1.SH.EN3
Kaskade	K.EI1.S.IH5.K.IE4.T
吳金黛	W.U2.JI.IN1.D.AI4
齊豫	QI.I2.YU.YU4
Nelly	NI.IE1.LI.I3
四葉草	S.IH4.Y.IE4.C.AO3
舒米恩	SHU.U1.MI.I3.GS.EN1
容祖兒	LU.OG2.ZU.U3.GS.ER2
神話	SH.EN2.HU.A4
Diana Krall	D.AI4.GS.AN1.N.A1.KU.O1
Glee Cast	G.LI.I4.K.A4.S.T
J Balvin	ZH.EI1.BI.AO1.D.EN3
Bethel Music	F.EI1.S.OU3.MI.OU1.XI.I3.K
Lenka	LI.AN1.K.A3
張智成	ZH.AG1.ZH.IH4.CH.EG2
水樹奈奈	SHU.EI3.SHU.U4.N.AI4.N.AI4
John Williams	ZH.AG1.W.EI1.LI.AN3.P.S.IH5
V.K克	F.I1.K.EI4.K.E4
刀郎	D.AO1.L.AG2
Primary	P.L.AI1.M.EI3.R.I3
Queen	KU.EI4.M
Chris Botti	KU.EI1.S.IH5.B.AO1.DI.I3
YOONA	W.AI1.GS.OU1.GS.OU1.GS.EN1.GS.EI2
Electric Light Orchestra	Y.I3.L.AI2.JU.IE3.K.L.AI4.N.T.XI.IE3.GS.OU1.K.S.SU.AN4
傑米·道南	JI.IE2.MI.I3.D.AO4.N.AN2
胡歌	HU.U2.G.E1
CeeLo Green	S.I1.L.OU1.GU.U2.LI.IN4
Music Together	MI.OU1.XI.I3.K.K.EI1.G.IE1.D.ER3
APRIL	GS.EI1.P.L.AO3
Jeff Bernat	JI.IE1.F.U5.F.EN1.N.A4.CH.ER5
Isaac Shepard	GS.AI1.XI.IE4.XI.A4.P.ER3.R.I5
嚴爵	Y.AN2.JU.IE2
The Countdown Kids	GS.EI2.K.AG1.D.AO4.K.I3.D.E5.S
The 1975	LI.OU2.Y.I4.JI.OU3.QI.I1.W.U3
GARY	G.EI4.R.I3
Tank Lu	T.AI2.K.E5.LU.U3
Lil Wayne	LI.I4.GS.AO1.W.EI3.Y.IG3
Bob Dylan	B.A2.BU.U5.BI.I4.R.EN3
High4	H.AI1.F.OU3
Michael Learns to Rock	M.AI4.K.OU1.R.EN2.S.DU.U1.RU.A4.K.E3
VIXX LR	LI.I4.GS.AI4.GS.AI4.S.IH5.T.GS.EI4.M.S.IH5.GS.EI2.L.OU3.GS.ER3
Das Sound Machine	D.A1.SH.AO1.R.E5.M.E5.XU.YU1
Boxing樂團	B.AO1.S.XI.IN1.RU.EI4.TU.AN2
Juicy J	JI.OU1.XI.I4.ZH.EI4
許哲珮	XU.YU3.ZH.E2.P.EI4
洪安妮	HU.OG2.GS.AN1.NI.I2
Vicetone	B.AI2.S.IH5.T.OU3
m.o.v.e	M.E4.F.U5
Gotye	G.OU2.TI.IE3
Paul McCartney	P.O1.M.A3.K.AG1.LI.I3
Claudio Arrau	K.E3.L.AO2.DI.I3.GS.OU3.GS.A3.L.OU3
Jessi	JI.IE1.XI.I3
Keith Urban	K.IE1.S.IH5.GS.ER4.BI.EN3
LABOUM	L.A1.BU.U4.Y.IG3
Andy Grammer	GS.AN1.DI.I1.GU.EI1.M.AN3
Outkast	GS.AO4.D.E5.K.A3.S
Jordin Sparks	JI.OU1.D.EN3.S.B.A4.R.K.S
克莉絲朵凱兒	K.E1.LI.I3.SH.IH4.DU.O1.K.AI3.GS.ER2
David Garrett	DI.IE1.LI.I4.G.EI3.RU.EI3.T.E5
Rob Thaller	B.A2.BU.O5.S.A1.L.ER3
amazarashi	GS.A1.M.EI1.S.A3.RU.A1.XI.I3
Blue	BU.U2.LU.U4
Kiiara	TI.I2.Y.A1.L.A3
郎朗	L.AG2.L.AG3
鄭俊英	ZH.EG4.JU.IN4.Y.IG1
Alina Baraz	GS.E4.LI.IG2.N.A4.B.A4.R.I5
林依晨	LI.IN2.Y.I1.CH.EN2
The Chemical Brothers	L.E4.K.AI3.MI.I4.K.OU1.BU.U4.GS.A1.D.E5.S
a-ha	GS.A1.H.A1
孟庭葦	M.EG4.TI.IG2.W.EI3
阿牛	GS.A1.NI.OU2
Hans Zimmer	H.AG2.S.IH5.R.EN4.N.A3
盛曉玫	SH.EG4.XI.AO3.M.EI2
孫露	SU.UN1.LU.U4
Bastille	B.AI2.S.IH5.DI.I4.GS.OU3
Faith Hill	F.EI4.S.H.IH1.GS.OU3
Super Junior	SU.U1.P.AI4.ZHU.U1.NI.OU5
Bryan Adams	BU.U1.L.AI1.GS.EN3.GS.EI1.D.E3.M.S.IH5
久石讓	JI.OU3.SH.IH2.R.AG4
Michael Jackson	M.AI4.K.OU3.JI.IE4.S.EN3
Gidon Kremer	Y.I4.D.E5.KU.EI1.M.ER3
Travis Scott	CHU.A4.F.I5.S.IH5.S.IH5.G.OU4.T.E5
郭采潔	GU.O1.C.AI3.JI.IE2
Pinkfong	PI.IG1.K.E5.F.OG4
Kenny Loggins	K.EN1.NI.I3.LU.O4.G.EN3.S
李代沫	LI.I3.D.AI4.M.O4
Skillet	SH.IH3.BI.I1.L.EI3.T.E5
Oh Wonder	GS.OU4.W.AN1.D.ER3
Paramore	P.EI2.L.AI2.M.O4.GS.ER3
倫敦愛樂樂團	LU.UN2.DU.UN1.GS.AI4.YU.IE4.YU.IE4.TU.AN2
Evanescence	GS.EI4.W.EN5.NI.IE1.S.EN3.S
CLC	XI.I1.GS.EI2.L.OU3.XI.I1
陳慧琳	CH.EN2.HU.EI4.LI.IG2
Vladimir Ashkenazy	F.A4.T.E5.MI.IE1.ER3.GS.EI2.S.IH5.K.EN3.N.A1.XI.I3
王大文	W.AG2.D.A4.W.EN2
樸孝信	PI.AO2.XI.AO4.XI.IN4
Janet Jackson	JI.AN2.LI.I2.K.JI.IE1.S.EN3
Red Hot Chili Peppers	RU.EI4.H.A4.T.E5.QI.I1.P.EI2.P.E3.S.IH5
Lady Antebellum	L.EI1.TI.I4.GS.EN1.TU.U5.BI.EI1.L.EG3
Maurizio Pollini	MU.O1.R.Y.I3.JI.I3.GS.OU3.P.OU3.LI.I3.NI.I3
陳惠婷	CH.EN2.HU.EI4.TI.IG2
高潤荷	G.AO1.RU.UN4.H.E2
地球樂團	DI.I4.QI.OU2.YU.IE4.TU.AN2
Louis Armstrong	L.OU1.W.EI3.S.XI.IE3.GS.A3.M.S.ZHU.AG4
品冠	PI.IN3.GU.AN4
Tiësto	TI.I4.GS.AI4.S.DU.O4.GS.OU3
Daniel Caesar	G.AN1.Y.OU3.XI.I1.S.T.ER3
TEEN TOP	K.Y.IN1.T.A4.P
鹿晗	LU.U4.H.AN2
巴倫波因	B.A1.LU.UN2.BU.O1.Y.IN1
絢香	XU.AN4.XI.AG1
LiSA	LI.I1.S.A3
朱俐靜	ZHU.U1.LI.I4.JI.IG4
Destiny's Child	DI.IE1.S.IH5.T.E5.NI.I3.S.IH5.C.AI4.GS.OU3.D.E5
安心亞	GS.AN1.XI.IG1.Y.A3
Fun.	F.AG4
葉倩文	Y.IE4.QI.AN4.W.EN2
劉惜君	LI.OU2.XI.I2.JU.IN1
錦繡二重唱	JI.IN3.XI.OU4.GS.E4.CH.EG2.CH.AG4
Jamie Lawson	JI.IE2.MI.I3.L.OU3.S.EN3
橘子新樂團	JU.YU2.Z.IH2.XI.IN1.YU.IE4.TU.AN2
New Age 睡眠 Star	NI.I4.W.U3.GS.EI4.JU.YU2.SHU.EI4.NI.AN2.S.IH5.D.A4
Min Kyung Hoon	MI.IG4.K.YU4.HU.OG4
李碧華	LI.I3.BI.I4.HU.A2
黃義達	HU.AG2.Y.I4.D.A2
By2	B.AI3.GS.ER4
張玉華	ZH.AG1.YU.YU4.HU.A2
邱鋒澤	QI.OU1.F.EG1.ZH.E2
甄妮	ZH.EN1.NI.I2
Sigma	XI.I1.G.E5.M.A3
Henrik Birk Aaboe	H.EN1.R.I3.K.B.ER5.K.E5.GS.EI1.BU.OU3
Bonobo	B.AO1.N.E5.B.OU3
雅尼	Y.A3.NI.I2
Zee Avi	LI.I4.GS.A1.BI.I3
Death Cab for Cutie	D.EI1.S.IH5.K.EI4.BI.EI4.F.OU3.K.YU4.DI.I3
SISTAR19	XI.I1.S.D.A3.R.Y.AO1.JI.OU2
Tritonal	QU.YU2.TU.O1.N.OU3
詹姆斯·紐頓·霍華	ZH.AG1.MU.U3.SH.IH1.NI.OU3.DU.AN4.HU.O4.HU.A4
鳳凰傳奇	F.EG4.HU.AG2.CHU.AN2.QI.I2
Gucci Mane	GU.U1.QI.I3.M.EI4.N
Billy Joel	BI.I1.LI.I3.JI.OU4
PENTAGON	P.EI4.T.A1.G.AG3
Lindsey Stirling	LI.IG4.XI.I3.S.DU.O4.GS.ER3.L.EG3
Slash	S.IH5.L.EI4.XU.YU5
Karmin	K.A2.MI.IN3
alt-J	GS.AO1.T.ZH.EI4
Kyary Pamyu Pamyu	K.AI1.R.I3.P.A1.R.Y.OU2.P.A1.R.Y.OU2
Van Morrison	M.AN1.M.O1.LI.I4.S.EN3
Shallou	XI.A1.L.OU5
陳偉霆	CH.EG2.W.EI3.TI.IG2
Natalie La Rose	N.AI4.K.E5.LI.IG4.L.AN2.R.E4.S
Icona Pop	GS.AI4.K.OU3.N.A3.P.A4.P
Sigur Rós	XI.IE4.G.E5.R.OU2.S.IH5
Songs For Children	S.AG1.S.IH5.BU.U3.CHU.U1.JU.AN1
陳以桐	CH.EN2.Y.I3.TU.OG2
Savage Garden	S.A4.BI.I2.JU.YU4.G.AO1.D.E5
乃木坂46	N.AI3.MU.U4.B.AN3.S.IH4.SH.IH2.LI.OU4
H.O.T.	GS.EI4.QU.YU5.GS.OU1.TI.I4
t.A.T.u.	T.A2.TU.U4
Vince Staples	F.I1.Y.IN2.S.ER5.S.D.EI1.BU.OU3.S
blink-182	BU.U2.LI.IG4.W.AN1.GS.EI1.TI.I1.TI.OU4.B.E5
Bernward Koch	BI.IE2.R.EN2.F.A2.K.A4.H.E2
Nina Simone	NI.I3.N.A4.XI.IE2.M.EG4
勝利	SH.EG4.LI.I4
拍謝少年	P.AI1.XI.IE4.SH.AO4.NI.AN2
Joyce Jonathan	ZHU.O4.Y.I3.S.IH5.JI.OG1.N.E3.S.EN5
Meek Mill	MI.I4.K.E5.MI.I1.GS.OU3
蔡恩雨	C.AI4.GS.EN1.YU.YU3
新寶島康樂隊	XI.IN1.B.AO2.D.AO3.K.AG1.L.E4.DU.EI4
The Veronicas	R.E5.M.ER3.RU.A1.NI.I3.K.A3.S
Ella Henderson	GS.E1.L.A3.H.EI1.M.S.EN3
G.Soul	JI.I1.S.OU4
André Previn	GS.AN1.ZHU.EI3.P.L.A4.F.EN3
Orange Caramel	GS.OU4.R.Y.IG3.JU.YU3.K.A1.R.E3.MI.AO3
Fatboy Slim	F.EI1.D.E5.BU.O4.Y.I2.S.LI.IG4
AURORA	GS.A1.RU.O1.R.A3
blackbear	L.AI1.BI.EI4.ER3
Jacob Banks	JI.IE1.K.A3.B.E5.BI.AN4.K.S
Dream Theater	JU.IN1.S.IH1.Y.OU4.T.ER3
Michael Giacchino	M.AI4.K.E3.JI.IE3.K.I1.N.OU3
落日飛車	LU.O4.R.IH4.F.EI1.CH.E1
秋山公良	QI.OU1.SH.AN1.GU.OG1.LI.AG2
Gorgon City	GU.O1.G.EN3.XI.I1.TI.I3
Austyn Johnson	GS.OU1.S.IH5.DI.IG1.ZHU.AG1.S.EN3
A$AP Rocky	GS.EI1.XI.IE4.RU.A4.K.I3
N.E.R.D	GS.AN1.Y.I1.GS.A4.DI.I4
Nat "King" Cole	NI.IE1.TI.IG1.K.OU3
坂本龍一	B.AN2.BI.EN3.R.OG2.Y.I5
Higher Brothers	H.AI1.ER3.BU.U4.R.A1.R.E5.R.I5
圈圈兒童	QU.AN1.QU.AN1.GS.ER2.TU.OG2
黃致列	HU.AG2.ZH.IH4.LI.IE4
Paolo Nutini	P.A1.L.OU5.LI.OU1.DI.AN3.NI.I3
Guns N' Roses	G.AN1.S.GS.EN3.R.OU1.S.E5.S
譚艷	T.AN2.Y.AN4
小男孩樂團	XI.AO3.N.AN2.H.AI2.YU.IE4.TU.AN2
申彗星	SH.EN1.HU.EI4.XI.IG1
Papa Roach	P.E5.P.A4.R.OU4.QU.YU5
鳳飛飛	F.EG4.F.EI1.F.EI1
Leessang	LI.I1.SH.AG4
拉敏賈瓦帝	L.A1.MI.IN3.JI.A3.W.A3.DI.I4
鄭宜農	ZH.EG4.Y.I2.NU.OG2
Bill Evans	BI.OU4.GS.EI1.F.EG3.S.IH5
Sam Tsui	SH.AN1.SU.U4
任然	R.EN4.R.AN2
希拉蕊韓	XI.I1.L.A1.RU.EI3.H.AN2
Bruce Springsteen	BU.U1.RU.U2.S.IH5.S.IH5.BU.U4.R.I5.S.D.EI3
Toni Braxton	T.OU2.NI.I3.RU.EI5.S.IH5.T.AI4.M
Kidsongs	K.I1.SH.OU4.M.S.IH5
Raimond Lap	RU.EI1.M.EN3.L.EI4.P.E5
馬修·連恩	M.A3.XI.OU1.LI.AN2.GS.EN1
Mstislav Rostropovich	S.DI.I1.S.IH5.G.AI1.P.S.IH5.Y.AO4.SU.AN4.F.OU1.BI.I3.S.IH5
比比‧金	BI.I3.BI.I3.JI.IG1
Dash Berlin	DI.IE4.XU.YU5.B.ER5.LI.IN4
Matt Johnson	MI.IE4.T.JI.AG1.S.EN3
F4	GS.AI2.BU.U2.S.IH4
聖結石	SH.EG4.JI.IE2.SH.IH2
Grace Carter	P.L.EI1.S.IH5.K.A3.T.ER3
Röyksopp	Y.OU2.S.A4.P.S
四分衛	S.IH4.F.EN1.W.EI4
Hello Nico	H.A1.L.OU3.N.EI4.K.OU3
Pentatonix	P.AN1.T.E5.T.A1.L.EI3.K.E5.S
Bee Gees	BI.I1.JI.I3.S.IH5
張國榮	ZH.AG1.GU.O2.R.OG2
Eric Nam	GS.EI1.R.I1.N.GS.AN4
Sixpence None the Richer	S.I1.S.PI.AN1.SH.IH4.N.AN2.D.E5.R.I1.CH.E3
Russ	RU.A4.S.IH5
黃靜雅	HU.AG2.JI.IG4.Y.A3
Dave Brubeck	DI.IE4.Y.I1.F.U5.BU.U4.RU.U1.D.EI1.K.E5
Seong-Jin Cho	S.I1.Y.OG4.JI.IN1.H.OU4
MOBB	M.A4.B.E5
WEDNESDAY CAMPANELLA	W.EI1.S.IH5.D.EI3.K.I1.EN1.P.L.EI4.M.ER3.L.A5
András Schiff	GS.AN1.JU.IE3.D.E5.S.XI.AN4
Dean Lewis	DI.IN4.LU.U1.Y.I3.S
約夏貝爾	YU.IE1.XI.A4.B.EI4.GS.ER3
JUN. K	JI.AG1.K.EI4
Hilary Duff	TI.I1.D.E5.R.I1.D.OU3
關淑怡	GU.AN1.SHU.U2.Y.I2
陳盈潔	CH.EN2.Y.IG2.JI.IE2
KNK	K.EI4.GS.EN1.K.EI4
CamelPhat	K.EI4.M.OU1.F.EI4.T.E5
林忠諭	LI.IN2.ZHU.OG1.YU.YU4
Anthony Gonzalez	GS.EN1.TU.OG5.NI.I3.GU.OG3.Z.A4.L.E3.S.IH5
SPICY CHOCOLATE	SH.IH2.B.AI1.XI.I1.QI.A4.K.E5.L.EI4.D.E5
Prince Royce	PI.IG4.S.IH5.RU.O4.Y.I3.S
吳雨霏	W.U2.YU.YU3.F.EI1
蔡旻佑	C.AI4.MI.IN2.Y.OU4
Muse	MI.OU4.S.T
Don McLean	D.AG1.M.EI3.K.LI.IG4.Y.IN3
王宏恩	W.AG2.HU.OG2.GS.EN1
Dillon Francis	DI.I1.L.EG3.F.EI1.S.IH5
王俊凱	W.AG2.JU.IN4.K.AI3
奧斯卡	GS.AO4.S.IH1.K.A3
187 INC	Y.I1.B.A1.QI.I1.GS.AI4.GS.EN1.XI.IN1
倪安東	NI.I2.GS.AN1.DU.OG1
Aqua	GS.A1.KU.A3
Hoody	HU.U1.DI.I3
Everland Kids	GS.EI1.F.ER3.R.EN3.K.I4.Z.IH5
Muffin Songs	M.A1.F.EN3.SU.OG4.S
Jordi Savall	JI.OU2.DI.I3.S.A1.F.U3
德永英明	D.E2.Y.OG3.Y.IG1.MI.IG2
Desiigner	DI.I1.S.IH5.Y.IN4.D.ER3
Joni Mitchell	JI.OU1.NI.I3.MI.I1.CH.OU3
國際首席愛樂樂團	GU.O2.JI.I4.SH.OU3.XI.I2.GS.AI4.YU.IE4.YU.IE4.TU.AN2
Showtek	XI.OU1.TI.IE3.K.E5
CLOVES	K.E2.M.EI3.S.S.IH5
American Authors	GS.A5.MI.IE1.R.I5.K.EN5.GS.OU1.S.ER3.S.IH5
João Gilberto	JI.OU2.W.EI2.GS.OU3.JI.I1.BU.O5.T.OU3
AGA	GS.A1.G.A5
霍洛維茲	HU.O4.LU.O4.W.EI2.Z.IH1
T.I.	TI.I1.GS.AI4
藍井艾露	L.AN2.JI.IG3.GS.AI4.LU.U4
Adam Lambert	GS.EI1.D.E3.M.LI.IE1.M.B.ER3.T
Fly by Midnight	F.U5.L.AI4.B.AI3.MI.I1.D.E5.N.AI4.T
高進	G.AO1.JI.IN4
Jewel	JU.YU3.W.EI4.GS.OU5
安迪威廉斯	GS.AN1.DI.I2.W.EI1.LI.AN2.S.IH1
甜約翰 Sweet John	TI.AN2.YU.IE1.H.AN4.S.IH5.W.E4.T.E5.JI.AG4
GoldLink	G.OU1.D.E5.LI.IG4.K
Frances	F.AN1.SH.EI4.S
Yuji Nomi	YU.YU2.JI.I1.N.A1.MI.IG5
Deva Premal	DI.IE1.F.A3.P.L.AI1.M.OU3
林奕匡	LI.IN2.Y.I4.KU.AG1
Gallant	G.E2.LI.AN4.T.ER5
飛輪海	F.EI1.LU.UN2.H.AI3
Sleep Music Academy	S.IH5.LI.I4.P.E5.MI.OU1.XI.I3.K.GS.E3.K.A1.D.E5.MI.I3
LÉON	LI.I1.Y.AG3
陳建年	CH.EN2.JI.IE4.NI.AN2
AI	GS.EI1.GS.AI4
Ofenbach	GS.OU1.F.EN1.BI.EI3.QU.YU5
ABBA	GS.EI1.B.A5
辛曉琪	XI.IN1.XI.AO3.QI.I2
Original Broadway Cast of Hamilton	GS.A1.R.I4.XU.IN4.L.ER3.BU.OU3.W.EI3.K.IE4.S.B.AO4.PI.AO1.R.OU4.ZH.EN3
林慧萍	LI.IN2.HU.EI4.PI.IG2
Billie Eilish	BI.I1.LI.I3.GS.EI1.LI.I3.XU.YU3
Noah Kahan	RU.O4.GS.A1.K.EI4.H.EN3
Miles Davis	M.AI4.GS.OU3.S.D.EI1.F.E5.S.IH5
謝安琪	XI.IE4.GS.AN1.QI.I2
Two Steps From Hell	TU.U4.S.DI.IE4.P.S.F.R.A4.M.H.EI4.GS.OU3
Paloma Faith	P.A1.L.OU5.M.A3.F.EI4.S
RAYE	RU.EI4
Fleetwood Mac	F.I4.W.O1.M.A5.W.O1.M.EI3.K.E5
X JAPAN	GS.EI2.K.E5.SH.IH2.JI.A1.P.AN4
陳一郎	CH.EN2.Y.I1.L.AG2
Roxette	LU.O2.S.AI4.T.E4
Gregory Porter	GU.EI1.G.E1.R.I1.P.OU1.T.ER3
G.NA	JI.I1.N.A3
Belle and Sebastian	BI.AO4.GS.E3.IN5.D.S.E3.B.A1.S.TI.I3.GS.EN3
Nightwish	N.AI1.T.W.I4.XU.YU3
Years & Years	Y.I1.YU.IE4.S.IH5.GS.EN1.L.E5.Y.I4.ER3.S
ZM Taiwan	F.I4.GS.EI4.M.T.AI1.W.AN4
The Rolling Stones	D.E5.R.OU1.LI.IG3.S.IH5.DU.OG4.S.IH5
鄭承煥	ZH.EG4.CH.EG2.HU.AN4
Wham!	HU.EI4.M
Khatia Buniatishvili	K.EI4.K.I1.Y.A3.BU.U4.NI.AG2.JI.IE1.S.IH5.BU.U4.Y.OU4.L.EI3
Gai	G.AI4
Led Zeppelin	L.EI2.D.E5.L.AI1.P.U3.LI.IG3
Dan Gibson's Solitudes	D.AN1.D.E5.JU.YU4.CH.IH2.SH.EG1.SH.OU3.LI.I4.TU.U3.D.E5.S
蘇芮	SU.U1.RU.EI4
San E	S.AN1.Y.I4
黃立行	HU.AG2.LI.I4.XI.IG2
鄭容和	ZH.EG4.R.OG2.H.E2
Future	F.I1.W.U1.CH.ER3
Relaxing Orgel	YU.YU3.L.AI1.S.IH5.Y.IN1.GS.OU1.JI.IE3.L.OU5
Olly Murs	W.EG1.LI.I2.M.ER3.S
Passion Pit	P.EI4.XU.AN3.PI.IE4.T
伍佰	W.U2.B.AI3
Kenny G	K.EI2.NI.I4.JI.IN4
Paul Desmond	P.OU4.DI.IE1.S.IH5.M.EN3
Mariah Carey	M.A3.RU.A1.Y.A1.K.EI4.W.E3
Madonna	M.A2.D.EG1.N.A3
鄭基高	ZH.EG4.JI.I1.G.AO1
Tom Odell	T.A4.MU.U5.D.E5.GS.OU3
朴志敏	P.U3.ZH.IH4.MI.IN3
Lifehouse	L.AI4.F.U5.H.AO4.S.T
小関佳宏	XI.AO3.GU.AN1.JI.A1.HU.OG2
The Verve	R.E4.F.ER5.IH4.D.E5
HUSH	H.A4.XU.YU3
Theodore Shapiro	S.I1.GS.ER4.D.OU1.L.EI4.XI.A1.PI.I1.GS.OU3
脫拉庫	TU.O1.L.A1.KU.U4
J Soul Brothers III	ZH.EI1.S.OU4.BU.U4.L.A1.DI.I5.ZHU.U1.Y.I5
deadmau5	DI.IE1.M.AO4.S.IH5
The Bangles	R.E5.BI.EI1.G.OU4.S
Suchmos	S.AN1.QU.YU5.M.AO4.S
Sing Street	XI.IG4.S.IH5.ZHU.U1.Y.I4.T
No Doubt	N.OU4.D.A4.T
張大光	ZH.AG1.D.A4.GU.AG1
Blonde	B.EN3.L.AG4.D.E5
New Empire	NI.OU1.GS.EN1.P.L.AI4.GS.ER3
Mogwai	M.A5.W.AI4
Vampire Weekend	F.EI1.P.AI4.GS.ER3.W.I4.K.AN4.D.E5
Sheryl Crow	XI.IE1.R.OU3.K.R.OU4
Missy Elliott	NI.I1.XI.I1.Y.AO1.LI.I3.Y.OU3.CH.EG2
Angus & Julia Stone	GS.EN1.G.E5.S.IH5.ZHU.U1.LI.I5.GS.A3.S.IH5.DU.OG4
SE7EN	SH.E4.XI.IE4.P.L.EI1.L
喬幼	QI.AO2.Y.OU4
光澤	GU.AG1.Z.E2
Charice	XU.IE2.R.I3.S
周筆暢	ZH.OU1.BI.I3.CH.AG4
Samantha Gongol	S.A3.M.EI2.SH.A4.G.AG1.G.OU3
Scorpions	S.GU.O1.PI.I3.GS.EN3.S
Miliyah	MI.I2.LI.I3.Y.A4
Chad Lawson	QU.IE1.D.E5.L.AO2.S.EN3
Fetty Wap	F.EI1.TI.I4.W.A4.P.E5
李克勤	LI.I3.K.E4.QI.IN2
Barbra Streisand	B.A1.BU.RU.A3.S.ZHU.AI1.S.EN3
Superfly	SU.U1.P.ER5.F.L.AI4
Orgel Sound J-Pop	GS.OU1.JI.IE2.GS.ER4.S.AO1.ZH.EI1.P.A4.R.EN2
MGMT	GS.EI1.M.JI.I4.GS.EI1.M.TI.I4
Thelonious Monk	SHU.EI2.L.OU4.NI.I3.Y.A3.S.IH5.M.EG4.K.E5
Chance the Rapper	QU.AN2.S.IH1.Z.E5.RU.EI4.P.ER3
秀蘭瑪雅	XI.OU4.L.AN2.M.A2.Y.A3
Duffy	D.A4.F.I3
Petit Biscuit	P.EI2.TI.I1.BI.I1.S.IH5.K.A3.T.ER5
Toby Fox	T.OU1.BI.I3.F.A4.K.E5.S.T
何維健	H.E2.W.EI2.JI.AN4
貴族樂團	GU.EI4.ZU.U2.YU.IE4.TU.AN2
邱勝翊	QI.OU1.SH.EG4.Y.I4
GRAY	GU.U1.RU.EI4
Alice Sara Ott	GS.A1.L.E3.S.S.AN1.RU.A3.GS.A5.T.ER5
Tove Styrke	T.OU1.F.U5.S.IH5.D.AI1.R.K
GTA	JI.I2.TI.I4.GS.EI4
Jamie xx	ZH.EI1.MI.I3.GS.EI2.K.S.IH5.T.AI4.K.E5.S
Stereophonics	S.DI.IE4.R.Y.OU3.F.OU1.L.EI3.K.E5.S
湯瑪斯·紐曼	T.AG1.M.A3.SH.IH1.NI.OU3.M.AI4
The Him	LI.OU2.F.Y.IN4
Richard Clayderman	YU.YU2.QI.A4.K.L.EI1.D.EI1.M.A3
Perfume	B.AO3.BI.IG4
羅大佑	LU.O2.D.A4.Y.OU4
Daughtry	D.OU1.QU.YU3
Santana	S.AN3.T.A1.N.A3
趙雷	ZH.AO4.L.EI2
Han Dong Geun	H.AG1.DU.OG1.G.EI3.W.U3.Y.I2
那我懂你意思了	N.A4.W.O3.DU.OG3.NI.I3.Y.I4.S.IH5.L.E5
Snow Patrol	SH.IH2.NU.O1.P.EI4.JI.OU3
慢慢說樂團	M.AN4.M.AN4.SHU.O1.YU.IE4.TU.AN2
Fitz and The Tantrums	F.EI1.S.IH5.GS.EN5.D.E5.TI.AN1.CHU.A4.M.S.IH5
Skylar Grey	S.G.AI1.L.ER3.G.RU.EI4
Miguel	M.EI2.G.AI1.GS.OU5
Trey Songz	CHU.EI4.SU.OG4.Z
Hayley Westenra	GS.EI1.LI.I3.W.EI1.S.IH5.D.EG1.LI.I4.L.A3
梅豔芳	M.EI2.Y.AN4.F.AG1
Nirvana	N.EG2.M.A1.N.A3
范曉萱	F.AN4.XI.AO3.XU.AN1
帕華洛帝	P.A4.HU.A2.LU.O4.DI.I4
馬克曼西納	M.A3.K.E4.M.AN4.XI.I1.N.A4
will.i.am	W.EI1.GS.AI2.GS.EN1.MU.U5
A$AP Ferg	GS.EI1.S.AI4.F.GS.ER3
PRETTYMUCH	F.EI1.TI.I3.M.A4.QU.YU5
JJ Project	JU.YU2.JI.IE1.F.A1.JI.IE3.T
Alexandre Tharaud	GS.A3.LI.I3.K.S.AN1.D.R.E3.D.A1.R.OU3
Tony Bennett	TU.OG1.NI.I3.BI.AN1.N.E3.T.E5
ENERGY	GS.EI1.N.E3.JI.I3
George Winston	JI.OU4.JU.YU3.W.I1.N.S.D.EN3
李玉璽	LI.I3.YU.YU4.XI.I3
大塚愛	D.A4.ZHU.OG3.GS.AI4
黎明	LI.I2.MI.IG2
Flume	RU.UN4
Relaxing Piano	LI.I3.LI.IE4.S.IH5.IG3.PI.I3.Y.IE1.N.OU3
董運昌	DU.OG3.YU.IN4.CH.AG1
帕爾曼	P.A4.GS.ER3.M.AN4
Natasha Bedingfield	N.A4.T.A1.XI.A4.D.EI1.M.DI.IG1.LI.OU4.D.E5
Goose house	GU.U1.S.IH5.H.AO4.S.IH5
馬友友	M.A3.Y.OU2.Y.OU3
Britney Spears	BU.U1.LI.I4.NI.I3.S.IH5.BI.I4.ER3.S.IH5
沉睡	CH.EN2.SHU.EI4
優客李林	Y.OU1.K.E4.LI.I3.LI.IN2
The Kiboomers	R.E5.K.E3.BU.U1.M.EN2.R.E5.S.IH5
閃靈	SH.AN3.LI.IG2
Ballet Dance Jazz J. Company	BI.EI2.GS.A1.L.EI1.DI.AN2.S.JI.IE1.S.ZH.EI1.K.AG1.F.EN3.NI.I3
JOY	JI.OU1.Y.I3
Mary J. Blige	MI.IE1.R.IH3.ZH.EI2.B.L.AI4.JU.YU3
miwa	MI.I3.W.A1
Spice Girls	S.B.AI2.S.IH5.G.E4.R.OU4.S
蔡佩軒	C.AI4.P.EI4.XU.AN1
RAIN	RU.EI4
Stevie Wonder	S.DI.I1.F.I3.W.AN1.D.ER3
米津玄師	MI.I3.JI.IN1.XU.AN2.SH.IH1
Lil Uzi Vert	LI.I2.Y.OU3.W.U3.S.I1.B.ER3.T
Elvis Presley	GS.EI2.L.OU5.BI.I3.SH.IH4.P.L.E5.S.D.EI4
椎名林檎	ZU.EI4.MI.I3.MI.IG2.QI.IG2
Christina Grimmie	KU.EI4.S.IH5.TI.IN1.N.A3.G.R.I1.MI.I3
Jamie Cullum	JI.EI1.MI.I1.K.A1.L.EN3
HIRAI DAI	Y.I2.RU.EI5.GS.AI4.D.AI4
21 Savage	GS.ER4.SH.IH2.Y.I1.S.A1.BI.I3.JU.YU3
筷子兄弟	KU.AI4.Z.IH5.XI.OG1.DI.I4
BewhY	BI.I3.W.AI4.Y.I3
Bill Evans Trio	BI.EI2.GS.OU5.GS.A1.F.EN3.S.IH5.CU.EI4.GS.OU5
Carrie Underwood	K.IE1.LI.I3.GS.AN1.D.ER3.W.U4.D
關詩敏	GU.AN1.SH.IH1.MI.IN3
Above & Beyond	GS.ER4.B.A4.F.U5.XI.IE3.GS.EI1.M.BI.I3.Y.AG4
臺灣福音書房	T.AI2.W.AN1.F.U2.Y.IN1.SHU.U1.F.AG2
Seal	S.I4.GS.OU3
新垣結衣	XI.IN1.YU.AN2.JI.IE2.Y.I1
MoonMoon	W.U1.RU.O4
凱瑟琳‧詹金斯	K.AI3.S.E4.LI.IG2.ZH.AN1.JI.IN1.S.IH1
睡眠音楽の巨匠	SHU.EI4.MI.AN2.Y.IN1.Y.IE4.R.OG2.JU.YU4.JI.AG4
Gavin DeGraw	G.A1.F.EN3.DI.IE4.GU.U1.R.OU3
Jaden Smith	ZH.EI1.D.EN3.S.IH5.MI.I4.S.IH5
Sleeping At Last	S.IH5.LI.I1.PI.IG1.GS.EI2.L.AI4.S.T
蘇志燮	SU.U1.ZH.IH4.XI.IE4
Kevin Gates	K.IE4.F.EN3.G.EI3.CH.IH5
Björk	BI.I4.Y.AO1.GS.ER4.K
Slipknot	S.DI.I3.K.N.A3.T.E3
Nico & Vinz	N.EI4.K.OU3.W.EI4.M.S.IH5
Eurythmics	Y.OU2.RU.EI5.S.IH5.M.EI3.K.E5.S
Rockabye Baby!	RU.A4.K.E3.B.AI3.BI.EI1.BI.I3
藍心湄	L.AN2.XI.IN1.M.EI2
趙詠華	ZH.AO4.Y.OG3.HU.A2
Emil Gilels	Y.I2.MI.OU3.DI.I1.LI.OU3.S
Stars	S.IH5.DU.O4.GS.ER3
Clazziquai Project	K.L.A4.XI.I1.KU.AI4.P.L.A1.JI.A3
Grace	GU.U1.RU.EI4.S.IH5
Maggie Rogers	M.EI1.G.IH3.RU.O1.G.E3.S.IH5
李承哲	LI.I3.CH.EG2.ZH.E2
謝欣芷	XI.IE4.XI.IN1.ZH.IH3
Tobu	T.OU1.BU.U4
Boyz II Men	BU.O2.Y.I4.S.TU.U3.M.EI4.L
邰正宵	T.AI2.ZH.EG4.XI.AO1
Pet Shop Boys	PI.IE4.T.SH.A4.P.BU.O4.Y.I4.S.IH5
Jesse McCartney	JI.IE1.XI.I1.M.A3.K.A1.D.EG3.NI.I3
亨利·傑克曼	H.EG1.LI.I4.JI.IE2.K.E5.M.AN4
Cyndi Lauper	XI.IN1.DI.I3.LU.O1.P.ER3
倫納德·伯恩斯坦	R.EN2.N.A4.D.E5.BU.O2.GS.EN1.S.IH1.T.AN3
10th Anniversary Concert Cast of Les Misérables	T.EI4.S.IH5.GS.EI2.NI.IE1.RU.EI1.XI.IE1.F.I4.K.AG1.S.E5.K.A1.S.E5.GS.O3.GU.U1.L.AI2.SH.IH5.MI.I1.S.AI4.D.E5.M.OU4.S
Jean-Guihen Queyras	JI.A1.K.I4.GS.EN1.K.IE1.RU.A3
The Pretty Reckless	D.E5.P.LI.I1.TI.I3.RU.EI1.K.L.E5.S
SOYOU	SH.OU1.Y.OU3
Snakehips	S.IH3.N.AI4.K.H.EI1.P.S
無印良品	W.U2.Y.IN4.LI.AG2.PI.IN3
Every Little Thing	GS.EI1.F.U3.LI.I3.LI.I1.T.OU3.DI.IG4
DEAMN	DI.I1.Y.I1.GS.EI1.GS.EI2.MU.U5.GS.EN1
安德魯·勞埃德·韋伯	GS.AN1.D.E5.MI.IE4.L.AO3.GS.AI4.D.E5.W.EI4.BU.O2
Massive Attack	MI.IE1.S.IH3.GS.ER2.TI.IE4.K.E5
伍思凱	W.U3.S.IH1.K.AI3
Melanie Martinez	M.EI2.L.EI1.LI.IG4.M.A1.TI.I1.N.E5.S
Dawin	DU.U1.Y.IG3
黃耀明	HU.AG2.Y.AO4.MI.IG2
Ty Dolla $ign	T.AI1.D.OU1.L.A1.S.AI4.M
R3hab	GS.A2.SH.IH4.Y.I4.H.AI3.B.E5
James Blunt	JI.IE4.M.S.IH5.BU.U2.L.AN4.T.E5
Einstein Baby Lullaby Academy	GS.EI1.S.IH5.DI.AN1.BI.EI1.BI.I3.L.A1.L.E4.B.AI1.GS.EI2.K.E5.D.EI1.MI.I3
生命河靈糧堂	SH.EG1.MI.IG4.H.E2.LI.IG2.LI.AG2.T.AG2
東京事變	DU.OG1.JI.IG1.SH.IH4.BI.AN4
林強	LI.IN2.QI.AG2
Bryson Tiller	B.L.AI1.S.EN3.TI.I1.L.ER3
Jhené Aiko	ZH.IH3.N.EI1.GS.AI4.K.OU3
[Alexandros]	GS.A1.L.EI4.XI.AN1.ZHU.O1.S.IH5
小野麗莎	XI.AO2.Y.IE3.LI.I4.SH.A1
RELAX WORLD	W.EI4.L.AI4.K.E5.S.W.O4.R.D.E5
First Aid Kit	B.A3.S.IH5.D.E5.GS.EI4.D.E5.TI.I4.T
Bob Marley	B.AO2.BI.EN4.M.A1.R.EN3
Phillip Phillips	F.I1.LI.I3.P.F.I4.LI.I3.P.E5.S.IH5
Ella Vos	GS.EI2.L.A1.P.OU4.S
Cafe Music BGM channel	K.A3.F.EI4.MI.OU1.XI.I3.K.BI.I1.JI.I1.GS.EI4.M.QI.AN1.N.OU3
Roy Kim	RU.O4.Y.I5.K.I4.M
BØRNS	W.O3.R.EN4.S.IH5
SILENT SIREN	S.AI1.L.EN3.S.AI1.RU.UN4
Diddy - Dirty Money	DI.I1.DI.I3.D.EI1.TI.I1.M.A1.NI.I3
亞細亞功夫世代	Y.A4.XI.I4.Y.A4.GU.OG1.F.U1.SH.IH4.D.AI4
Mat Kearney	M.EI1.D.E5.K.EN1.NI.I3
Diego Frenkel	DI.IE2.G.OU3.F.EG4.K.OU3
家風兒童合唱團	JI.A1.F.EG1.GS.ER2.TU.OG2.H.E2.CH.AG4.TU.AN2
Oasis	GS.OU2.GS.A4.XI.I3.S
GENERATIONS from EXILE TRIBE	JI.AN3.D.E5.RU.EI4.XI.AO3.SH.IH4.F.AG1.Y.I4.S.AI4.Y.AO4.QU.IE4.F.EN3
Kodaline	K.OU1.D.E5.L.EN3
Regina Spektor	YU.YU2.JI.A1.N.A4.S.IH5.BI.EI4.T.ER3
Planetshakers	P.L.EI1.L.EI1.T.E5.XI.IE3.Y.AO1.G.E3.S.T
Sara Bareilles	XI.IE4.L.A1.BI.EI3.RU.EI1.LI.I3.S
林凡	LI.IN2.F.AN2
信	XI.IN4
Enya	GS.EI1.Y.A3
Christina Aguilera	GU.EI1.S.IH5.DI.I1.N.A4.GS.AN4.G.E1.LI.I2.ZH.EI1.N.A3
許茹芸	XU.YU3.RU.U2.YU.IN2
John Mayer	JI.AO2.M.EI4.ER3
GARNiDELiA	G.A1.NI.I3.D.E5.LI.I3.GS.A5
5566	W.U2.W.U3.LI.OU4.LI.OU4
AC/DC	GS.EI1.XI.I1.DI.I1.XI.I1
Lost Frequencies	L.AO3.S.IH5.T.AI4.F.I3.GU.EI3.XI.I4.S
Blur	B.L.ER4
宮閣	GU.OG1.G.E2
蘇慧倫	SU.U1.HU.EI4.LU.UN2
Gryffin	GU.EI2.F.IG3
黃鶯鶯	HU.AG2.Y.IG1.Y.IG1
純音樂	CHU.UN2.Y.IN1.YU.IE4
2Pac	TU.U1.P.A4.K.E5
鄧麗君	D.EG4.LI.I4.JU.IN1
阿桑	GS.A1.S.AG1
Annie Lennox	GS.EN1.NI.I3.L.EI1.N.E5.K.S
尹鍾信	Y.I1.ZHU.OG1.XI.IN4
Marty	M.A1.TI.I3
The Pig Family	Y.OU1.PI.I4.F.AI1.M.E3.LI.I3
Do As Infinity	DU.U4.GS.EI3.S.IH5.Y.IN3.F.I1.NI.I3.TI.I3
Cat Power	K.IE4.T.E5.P.AO4.ER3
ClariS	K.E5.L.A4.R.Y.I3.LI.IE4.S
The Cast of High School Musical	N.A4.T.AI2.S.IH5.T.AI4.GS.OU3.GU.U3.H.AI2.S.IH5.GU.O2.NI.AG2.XI.I3.K.OU3
麥浚龍	M.AI4.JU.IN4.LU.OG2
金布里克曼	JI.IN1.BU.U4.LI.I3.K.E4.M.AN4
冷漠	L.EG3.M.O4
CRAIG ARMSTRONG	K.L.EI1.K.XI.IE3.GS.A1.M.S.DU.AN3
Hélène Grimaud	H.E3.LI.AN1.N.A3.GU.U1.R.I4.M.O1.T.ER5
怕胖團	P.A4.P.AG4.TU.AN2
SEJEONG	XI.IE1.JI.OU4.M
2 Chainz	DU.U4.QI.A4.M.S.IH5
Beach House	BI.I4.QU.YU3.H.AO4.S.IH5
Paul Cardall	P.O1.K.A4.D.E5.GS.OU3
桑布伊	S.AG1.BU.U4.Y.I1
Samuel	SH.EN1.MU.U1.GS.EI2.GS.OU3
龍飄飄	LU.OG2.PI.AO1.PI.AO1
Blake Shelton	B.E5.L.EI4.K.E5.XI.AO1.T.EN3
炎亞綸	Y.AN2.Y.A3.LU.UN2
DJ OKAWARI	DI.I1.JI.IE1.GS.O4.K.A1.W.A1.LI.IG2
Air	GS.EI1.GS.ER3
The Cure	R.E4.K.IE4.W.O4.GS.ER3
連詩雅	LI.AN2.SH.IH1.Y.A3
The Notorious B.I.G.	YU.AN2.D.OU1.TU.U4.LYU.YU3.Y.IE3.S.IH5.BI.I1.GS.AI4.JI.IG4
Kenny Rogers	K.EN1.NI.I1.RU.A1.JU.IE3.S.IH5
Shayne Ward	XI.AN1.Y.AO1.F.ER3.D.E5
Echosmith	GS.EI1.K.OU1.S.IH5.MI.IE4.S.IH5
王儷婷	W.AG2.LI.I4.TI.IG2
ZHU	LI.I4.GS.EI4.QU.YU3.Y.OU1
It's	Y.I4.CH.IH5
MXM (BRANDNEWBOYS)	GS.EN1.GS.EI2.S.AN4.M.RU.EI1.LI.I3.Y.OU3.BU.O4.Y.IG3.Z.IH5
SCANDAL	S.IH5.DI.AN1.D.OU3
史嘉蕾.喬韓森	SH.IH3.JI.A1.L.EI3.QI.AO2.H.AN2.S.EN1
陳昇	CH.EN2.SH.EG1
Feist	F.AI4.S.T
Ryan Adams	RU.A4.GS.EN5.GS.EI1.D.E3.M.S.IH5
老王樂隊	L.AO3.W.AG2.YU.IE4.DU.EI4
Gym Class Heroes	JI.IE2.M.K.RU.U4.S.IH5.TI.IE1.R.OU3
糯米糰	NU.O4.MI.I3.TU.AN2
禅宗花园 按摩	CH.AN2.ZU.OG1.HU.A1.YU.AN2.GS.AN4.M.O2
ONE	W.AN3
Suede	SH.IH1.W.EI4.D.E5
Porter Robinson	HU.O2.K.E1.RU.A1.BI.IG3.SH.EG3
Amy Shark	GS.EI1.MI.I3.SH.A4.K.E5
Tyga	T.AI1.G.A3
麋先生	MI.I2.XI.AN1.SH.EG5
Girls' Generation-TTS	TU.O1.S.IH5.ZH.EN1.D.E5.RU.EI4.XI.AN1.JI.I2.JI.IE3
潘嘉麗	P.AN1.JI.A1.LI.I4
HONNE	HU.OG1.N.EI4
Take That	T.AI2.K.LI.IE4.T.ER5
梁耀燮	LI.AG2.Y.AO4.XI.IE4
Super Simple Learning	SU.U1.K.E5.XI.IG1.HU.O2.R.EN2.Y.I3
Kanye West	K.A1.NI.I3.Y.A3.W.AI4.S.IH5
汪峰	W.AG1.F.EG1
趙傳	ZH.AO4.CHU.AN2
翁立友	W.EG1.LI.I4.Y.OU3
Music for Baby	NI.OU1.XI.I4.F.U5.BI.EI1.BI.I3
MONGOL800	M.AN2.GU.OG1.GS.EI2.F.GS.OU1.W.U3
Noble Band	N.OU4.BU.U4.BI.EI4.L
A R I Z O N A	GS.EI2.GS.A4.R.GS.AI4.Z.I4.GS.OU4.GS.EN2.GS.EI2
童安格	TU.OG2.GS.AN1.G.E2
DREAMCATCHER	JU.IE2.Y.IN4.K.EI4.QU.YU5.GS.ER3
布拉格愛樂樂團	BU.U4.L.A1.G.E2.GS.AI4.YU.IE4.YU.IE4.TU.AN2
朴寶藍	P.U2.B.AO3.L.AN2
Marvin Gaye	M.A1.BI.IG1.G.EI3
徐仁國	XU.YU2.R.EN2.GU.O2
成始璄	QI.OG2.XU.YU1.JI.IN3
Eric Clapton	GS.EI1.R.I3.K.E5.K.L.A4.F.U5.TU.UN2
倖田來未	XI.IG4.TI.AN2.L.AI2.W.EI4
何韻詩	H.E2.YU.IN4.SH.IH1
史汀	SH.IH3.TI.IG1
Tinie Tempah	TI.I1.MI.I3.QI.AN1.P.A4
VIXX	BI.I1.GS.AI4.GS.AI4.K.E5.S.IH5.B.ER4.S
嬰兒 睡覺	Y.IG1.GS.ER2.SHU.EI4.JI.AO4
Yu Takahashi	Y.OU2.T.AG2.K.A1.H.A1.XI.I3
offonoff	GS.OU4.F.U5.GS.AG3.GS.A4.F.U5
林育群	LI.IN2.YU.YU4.QU.IN2
The Beatles	L.E4.BI.I1.T.OU3.S
M83	GS.EI4.M.B.A1.S.AN1
圭賢	GU.EI1.XI.AN2
The Pussycat Dolls	N.E5.P.U1.XI.I1.K.EI4.D.E5.D.OU4.S.IH5
Damien Rice	D.AN1.NI.I4.ER3.RU.AI4.S
柯有倫	K.E1.Y.OU3.LU.UN2
倫敦交響樂團	LU.UN2.DU.UN1.JI.AO1.XI.AG3.YU.IE4.TU.AN2
維也納愛樂樂團	W.EI2.Y.IE3.N.A4.GS.AI4.YU.IE4.YU.IE4.TU.AN1
George Ezra	JI.OU4.JU.YU3.EI1.S.IH5.GS.A5
許冠傑	XU.YU3.GU.AN4.JI.IE2
柏林愛樂樂團	BU.O2.LI.IN2.GS.AI4.YU.IE4.YU.IE4.TU.AN2
Chris Brown	K.R.I1.S.IH5.BU.OU3
KIDS BOSSA	K.IE1.S.IH5.BU.O1.S.A3
Whitney Houston	W.EN4.NI.I4.K.YU4.S.IH5.T.EN3
Riccardo Muti	R.I3.K.A4.D.OU3.M.OU1.TI.I3
BESTie	BI.I1.Y.I1.GS.EI2.S.IH5.T.AI4
Glen Hansard	G.EN1.GS.AN1.H.AN2.S.A3.D.E5
NELL	N.EI4.GS.OU3
黃大煒	HU.AG2.D.A4.W.EI3
Lauryn Hill	LU.O1.R.EN2.H.IH4.GS.OU3
Matchbox Twenty	M.EI2.QU.YU5.B.A4.K.S.QU.AN1.TI.I3
Original London Cast	GS.OU1.R.I4.JU.IN1.GS.OU3.N.AN2.D.AG1.K.A3.S.IH5.D.E5
金莎	JI.IG1.SH.A1
Europe	Y.OU1.RU.O3.P.E5
许仁杰	XU.YU3.R.EN2.JI.IE2
辻井伸行	SH.IH2.JI.IG3.SH.EG1.H.AG2
龍俊亨	LU.OG2.JU.IN4.H.EG1
安那	GS.AN1.N.A4
陳彥允	CH.EN2.Y.AN4.YU.IN3
M2M	GS.EN1.TU.U1.GS.EI4.M
Akira Kosemura	B.A1.K.I1.D.E5.GS.A1.K.OU1.SHU.EI2.MU.U1.L.A3
帝國之子	DI.I4.GU.O2.ZH.IH1.Z.IH3
鄭晟河	ZH.EG4.SH.EG4.H.E2
Mr. Big	MI.I1.S.T.ER5.BI.EI4.K.E5
李心潔	LI.I3.XI.IN1.JI.IE2
孔令奇	KU.OG3.LI.IG4.QI.I2
黃子韜	HU.AG2.Z.IH3.T.AO1
Ms.OOJA	BI.I1.S.IH5.BU.O4.GS.ER2.JI.A1
Anne-Sophie Mutter	GS.EI4.N.S.OU1.F.I3.M.A1.T.ER3
張艾嘉	ZH.AG1.GS.AI4.JI.A1
Baekhyun	BI.IE4.K.PI.AO4
娃娃	W.A2.W.A1
劉力揚	LI.OU2.LI.I4.Y.AG2
DAY6	D.EI1.LI.OU4
Deuter	DI.OU1.TI.IE4.ER3
金泰亨	JI.IN1.T.AI4.H.EG1
François-Joël Thiollier	GS.EI1.N.AO3.SH.IH2.ZHU.EI1.W.EI4.W.AN1.SH.IH2.LI.OU1.LI.I4.GS.ER3
克里斯泰爾	K.E4.LI.I3.S.IH1.T.AI4.GS.ER3
Maria João Pires	M.AN2.R.E4.JI.OU2.P.AI1.RU.EI3.S.IH5
鄭中基	ZH.EG4.ZHU.OG1.JI.I1
海飛茲	H.AI3.F.EI1.Z.IH1
Nas	N.A4.S.IH5
以莉·高露	Y.I3.LI.I4.G.AO1.LU.U4
Selena Gomez & The Scene	SH.E2.LI.I4.N.A3.D.OU1.M.EI4.F.U5.GS.EI1.M.D.E5.XI.IN4
Chet Baker	QI.AN2.F.EI1.T.ER3
劉明湘	LI.OU2.MI.IG2.XI.AG1
薛凱琪	XU.IE1.K.AI3.QI.I2
A Great Big World	GS.E4.K.RU.EI1.BI.I1.K.W.O3.R.D
Kungs	K.L.EN4.S.IH5
Faye 飛	F.EI1
巫啟賢	W.U1.QI.I3.XI.AN2
羊毛和花	Y.AG2.M.AO2.H.E2.HU.A1
星星樂團	XI.IG1.XI.IG1.YU.IE4.TU.AN2
杜德偉	DU.U4.D.E2.W.EI3
Jessie Ware	JI.IE1.XI.I1.W.EI4
Ella Fitzgerald	GS.EI1.L.A4.F.EI1.S.IH5.JI.IE1.R.OU3
Ohashi Trio	GS.A1.H.A1.XU.YU4.QU.YU1.Y.OU3
Hillsong Worship	H.I1.W.U1.SU.OG4.W.O4.XU.YU5.K.E5
The Calling	R.E5.KU.O1.LI.IG2
李宇春	LI.I2.YU.YU3.CHU.UN1
Super Simple Songs	SU.U1.P.E3.S.EN1.F.OU3.SU.OG4
大 自然 的 聲音	D.A4.Z.IH4.R.AN2.D.E5.SH.EG1.Y.IN1
Alex Goot	GS.A1.L.E5.S.IH5.GU.U4.T
Jack Johnson	JI.IE4.K.E5.JI.AG1.S.EN3
U2	Y.OU1.TU.U4
Vaults	W.O4.T.E5.S.IH5
Air Supply	GS.EI1.GS.ER2.S.E5.P.L.AI4
Marian Hill	M.EI1.R.I5.GS.EN3.H.Y.OU4
Jessie Reyez	JI.IE4.S.IH3.RU.EI1.GS.E5.S
西村由紀江	XI.I1.CU.UN1.Y.OU2.JI.I4.JI.AG1
聶琳	NI.IE4.LI.IN2
Milky Chance	MI.OU1.K.I3.QI.AN4.S
James TW	JI.IE4.M.S.IH5.TI.I1.D.A1.B.LI.OU5
約翰貝瑞	YU.IE1.H.AN4.BI.EI4.RU.EI4
Astrid S	GS.EI2.S.XU.IE4.T.GS.EI2.S.IH5
Krewella	KU.EI3.W.EI1.L.A3
Alfred Brendel	GS.EI2.F.R.I1.D.BU.U4.R.GS.EN1.DI.AO4
José González	H.OU1.SHU.EI2.GU.OG1.XI.IE4.L.E5.S
The Treblemakers	NI.I3.D.E5.QU.AN1.D.OU1.M.EI2.K.E5
Metallica	M.E3.T.A1.LI.I3.K.A3
格倫·顧爾德	G.E2.LU.UN2.GU.U4.GS.ER3.D.E2
Super Junior-D&E	SU.U1.P.ER5.ZHU.U1.NI.I3.ER3.DI.I4.Y.I4
玉置浩二	YU.YU4.ZH.IH4.H.AO4.GS.ER4
John Newman	JI.AG1.NI.OU1.M.EN3
Nujabes	NI.IG1.JI.IE4.P.S.IH5
Cher	XI.IE4.GS.ER3
Randy Newman	RU.AN1.DI.I4.LI.OU1.M.EN3
Sum 41	SH.AG4.BU.O1.TI.I1.W.AN4
Kim Na Young	K.I4.M.N.A4.Y.AG4
Ayaka Hirahara	GS.A3.Y.A3.K.A3.H.AI1.RU.A1.H.A1.R.GS.A3
Ray Charles	RU.EI4.CH.AO4.S.IH5
柴崎幸	C.AI2.QI.I2.XI.IG4
KT Tunstall	K.EI1.TI.I1.T.AN1.S.IH5.D.OU3
Matt Terry	MI.IE1.T.TI.AN1.R.I3
The Black Skirts	D.E5.BU.U2.LI.IE4.K.E5.S.G.EI4.M.S.IH5
Jackson 5	JI.IE1.K.E5.S.AN1.F.A3.Y.I5
米希亞	MI.IG2.XI.I1.Y.A3
Vanilla Acoustic	M.A3.NI.I4.N.A4.GS.ER2.K.O1.S.IH5.DI.I3.K
詹森淮	ZH.AN1.SH.EN1.HU.AI2
Trash	QU.IE4.SHU.U5
Tegan and Sara	T.AI2.G.EN1.GS.EI2.L.E5.SH.IH1.RU.A3
Elton John	Y.AO1.TU.AN1.ZHU.OG4
MUSIC BOX COLLECTION	MI.OU1.XI.I3.K.B.A4.K.E5.S.K.E4.L.AI2.K.SH.EN3
普萊亞	P.U3.L.AI2.Y.A4
Kings of Convenience	K.I1.Y.IG1.S.IH5.GS.OU4.F.U5.K.AG1.F.EN3.NI.I3.S
Richard Marx	RU.EI1.T.ER3.M.A4.K.E5.S.IH5
supercell	SU.U1.P.L.E1.XI.IE3.GS.OU5
Zacari	S.AI1.K.A1.RU.I3
秦基博	QI.IN2.JI.I1.BU.O2
Cat Stevens	K.EI4.T.E5.S.DI.I1.F.EN5.S
Hans de Back	H.AN2.S.IH5.DI.I3.D.EI1.K.E5
Gael García Bernal	G.EI1.GS.OU3.G.A1.PI.I1.GS.A1.BU.U4.GS.EN1.GS.OU3
Kings of Leon	TI.IG2.SH.IH4.GS.O3.BU.O5.LI.OU3
yaeji	Y.IE2.JI.I3
Aretha Franklin	GS.ER2.LI.I4.S.A1.F.EI1.K.E5.LI.IG3
香香	XI.AG1.XI.AG1
Simply Red	XI.IN1.B.ER3.R.I1.MI.IE4.D.E5
Stacey Kent	S.IH5.D.EI1.XI.I3.K.I1.Y.AN4.T.E5
Far East Movement	B.A2.Y.I1.S.DU.EI4.M.O1.M.M.EN3
The Vamps	R.E4.LI.IE4.P.S
范安婷	F.AN4.GS.AN1.TI.IG2
Mother Goose Club	M.A1.D.ER3.G.OU4.S.K.E5.L.A4.BU.U5
Travie McCoy	CHU.U1.W.A1.F.I4.M.E5.KU.O4.Y.I3
謝宜君	XI.IE4.Y.I2.JU.IN1
吳卓源	W.U2.ZHU.O2.YU.AN2
Cigarettes After Sex	Y.AO1.G.E4.RU.EI4.Z.IH5.GS.ER3.P.EI1.S.AI4.S
Madilyn Bailey	M.EI1.DI.I5.LI.IN3.BI.EI1.LI.I3
Snoop Dogg	SH.IH3.RU.U2.BI.I3.D.A4.G.E5
Keane	K.I4.N
Lily Allen	LI.I4.LI.I4.GS.EI1.L.EG3
Amy Winehouse	GS.EI1.MI.I4.W.AI1.K.AO4.S
萬芳	W.AN4.F.AG1
蘇永康	SU.U1.Y.OG3.K.AG1
陳淑樺	CH.EN2.SHU.U2.HU.A2
向蕙玲	XI.AG4.HU.EI4.LI.IG2
AKB48	GS.EI2.K.EI1.BI.I1.F.O1.LI.I4.GS.EI4
Lianne La Havas	LI.AN2.R.L.A3.H.EI1.F.E5.S.IH5
金玟岐	JI.IN1.W.EN2.QI.I2
Beck	BI.EI4.K.E4
Foxes	F.A4.K.E5.S.E3.S.IH5
gugudan	GU.U1.GU.U1.D.AN4
朴燦烈	P.U3.C.AN4.LI.IE4
Foo Fighters	F.U4.F.AI1.T.ER3.S
R. Kelly	GS.A1.K.EI1.LI.I3
DOLF	D.OU3.F.U5
D'Angelo	DI.I4.GS.EN1.ZH.E5.L.OU3
A$AP Mob	GS.EI1.XI.IE4.P.M.A4.P
moumoon	M.AO1.MU.U4
DREAMS COME TRUE	JU.IN1.SH.IH4.K.AG1.CHU.U4
CNBLUE	XI.I1.GS.EN1.B.LU.U4
YUI	W.AI1.Y.OU1.GS.AI4
毛不易	M.AO2.BU.U2.Y.I4
ODESZA	GS.OU4.D.EI1.S.A3
ScHoolboy Q	S.GU.U1.BU.O3.Y.I1.K.E5.Y.OU2
MeloMance	M.EI1.L.OU3.M.EI4.M.S.IH5
FS (Fuying & Sam)	GS.AI1.F.U3.GS.EI2.S.IH5.W.U2.Y.I4.GS.AN1.D.E5.SH.AN4
蔡小虎	C.AI4.XI.AO3.HU.U3
Sarah McLachlan	SHU.EI2.L.A4.M.A1.K.AO4.K.EN3
Susie Tallman	XI.OU1.XI.I3.T.W.AG4.M.EN3
Lost Kings	LU.O1.S.K.Y.IN3
Baby Sleep Lullaby Academy	BI.EI1.LI.I3.S.IH1.LI.I4.P.L.A1.L.E5.B.AI3.GS.ER2.K.JI.A1.D.E5.MI.I3
Sarah Vaughan	XI.IE1.RU.AN3.F.OG4
Johnny Cash	JI.AG1.NI.I3.K.IE4.XU.YU3
filous	BI.I1.L.E3.S
Josh Gad	JI.A1.XU.YU5.G.EI3.D.E5
丹尼·葉夫曼	D.AN1.NI.I3.Y.IE4.F.U1.M.AN4
The Killers	D.E5.K.I1.L.ER3.S
My First Music	M.AI1.F.ER5.S.LI.OU1.XI.I3.K.E5
群星	QU.IN2.XI.IG1
LeAnn Rimes	Y.I1.GS.AN1.RU.AN4.S
Rod Stewart	RU.A1.D.E5.S.IH5.DU.U1.GS.O3.D.E5
John Lennon	JI.AO1.L.EI4.N.AO3
Empire Cast	GS.EI1.M.P.AI2.Y.AO4.K.AI3.S.IH5.T.EN3
Placebo	P.L.E5.XI.I1.B.GS.OU3
Angela Aki	GS.EN1.JI.OU3.L.A5.GS.A1.K.I3
張瑋伽	ZH.AG1.W.EI3.JI.A1
Susan Boyle	SU.U1.S.EN3.BU.O1.Y.OU3
Kassy	G.A1.QI.I4
Enigma	Y.IN3.LI.IE1.G.E5.M.A5
Chet Faker	QI.IE4.T.F.EI1.K.ER5
Estelle	G.EI4.S.IH5.DI.I4.GS.OU3.LI.AN2
張蓉蓉	ZH.AG1.R.OG2.RU.OG2
告五人	G.AO4.W.U3.R.EN2
Slowdive	SH.IH2.L.OU5.D.A4.YU.YU3
張秀卿	ZHU.AG1.XI.OU4.QI.IN1
Betty Who	F.EI1.TI.I1.HU.U4
W&W	D.A2.BU.U4.YU.YU1.GS.EI1.M.D.A2.BU.U4.LI.I4.M
M.O	GS.EN1.GS.OU1
Pay money To my Pain	P.EI2.M.AG2.LI.I4.TU.U2.M.AI3.PI.AN4
Late Night Alumni	L.EI3.Y.I4.T.N.AI4.N.GS.E4.L.A1.N.AI3
荒山亮	HU.AG1.SH.AN1.LI.AG4
Madison Beer	M.EI1.DI.I5.S.EN5.BI.I4.GS.ER3
Iron Maiden	GS.AI1.R.EN4.M.EI4.D.EN3
Macy Gray	M.EI2.XI.I1.K.RU.I3
Diana Ross	G.A3.Y.AN4.N.A3.RU.A4.S.IH5
Dear Jane	DI.I4.ER3.JI.AN3
Aquilo	GS.E3.KU.EI4.L.OU2
金在中	JI.IN1.Z.AI4.ZHU.OG1
The Black Keys	L.AI4.BU.U2.HU.EI4.K.I4.S
Young Thug	Y.OG1.SH.AN3.W.U4
Ingrid Michaelson	Y.IN1.GU.EI1.T.M.AI4.K.S.EN3
Brandy	B.RU.EI1.N.DI.I3
io樂團	GS.AI1.GS.OU1.YU.IE4.TU.AN2
宋智恩	SU.OG4.ZH.IH4.GS.EN1
Kurt Hugo Schneider	K.E1.D.E5.RU.U1.G.OU3.XU.IN2.L.AI4.D.ER3
亦帆	Y.I4.F.AN2
王菀之	W.AG2.W.AN3.ZH.IH1
欣暐	XI.IN1.W.EI3
Grimes	GU.AN1.M.EI4.S
The fin.	L.E4.BI.IG4
Flux	P.U2.L.A4.K.E5.S.IH5
Jeremih	JU.IE2.R.E4.MI.I3
陳粒	CH.EN2.LI.I4
Hillsong Young & Free	Y.I1.YU.IE4.SH.AO4.W.U3.Y.A1
Chicago	CH.IH3.K.A1.G.OU3
周柏豪	ZH.OU1.BU.O2.H.AO2
王靖雯	W.AG2.JI.IG4.W.EN2
郭富城	GU.O1.F.U4.CH.EG2
SS501	D.A1.BU.OU3.GS.EI2.S.IH5.W.U3.LI.IG2.Y.I1
David Bowie	D.EI1.F.I1.BU.OU1.Y.I3
Train	XU.AN4
Steve Aoki	S.DI.I2.GS.EI2.GS.OU1.K.I3
Brian Crain	BU.U1.L.AI4.GS.EN3.KU.EI4.N
隨性樂團	SU.EI2.XI.IG4.YU.IE4.TU.AN2
Yo La Tengo	Y.OU3.L.A1.TI.IG1.G.OU3
夜貓組 (Leo王+春艷)	Y.IE4.M.AO1.ZHU.U3
Owl City	GS.AO4.XI.I1.TI.I3
Sigala	XI.I1.G.EI1.L.E5
FTISLAND	BU.U2.DI.I1.S.D.AN4.D.E5
Ludovico Einaudi	RU.U2.GU.U1.BI.I1.K.OU1.GS.EI1.N.AO3.DI.I3
螢火蟲	Y.IG2.HU.O3.CHU.OG2
游鴻明	Y.OU2.HU.OG2.MI.IG2
Phil Collins	F.EI1.W.OU1.K.A1.L.EG3.S.IH5
亞倫曼肯	Y.A4.LU.UN2.M.AN4.K.EN3
Arctic Monkeys	GS.A1.R.TI.I3.K.M.AG1.K.I3.S
程璧	CH.EG2.BI.I4
TLC	TI.I4.GS.EI2.L.OU5.XI.I3
Hurts	GS.ER4.C.IH5
最好的時光三重奏	ZU.EI4.H.AO3.D.E5.SH.IH2.GU.AG1.S.AN1.CHU.OG2.Z.OU4
董事長樂團	DU.OG3.SH.IH4.ZH.AG3.YU.IE4.TU.AN2
Gorillaz	GU.U1.RU.EI4.L.E5.S
鄭秀文	ZH.EG4.XI.OU4.W.EN2
5 Seconds of Summer	B.AI1.F.EI4.K.EI4.D.E5.S.H.AO4.M.S.AG1.M.ER3.R.EN2
濱崎步	BI.IG1.QI.I2.BU.U4
古巨基	GU.U3.JU.YU4.JI.I1
Westlife	W.EI4.S.IH5.L.AI4.F.U5
潘越雲	P.AN1.YU.IE4.YU.IN2
Michael Bublé	M.AI2.K.OU1.BU.U4.BU.U2.L.EI4
The Wanted	R.EN3.W.AG4.PI.I3.L.E5
費玉清	F.EI4.YU.YU4.QI.IG1
周華健	ZH.OU1.HU.A2.JI.AN4
Within Temptation	W.I1.DI.IN4.TI.IE3.M.T.GS.EI1.SH.EN3
林隆璇	LI.IN2.LU.OG2.XU.AN2
FKJ	GS.EI2.F.U5.K.EI4.ZH.EI4
Ciara	S.I1.GS.EI1.RU.A3
李翊君	LI.I3.Y.I4.JU.IN1
w-inds.	W.I1.Y.IN4.D.E5.S
GLAY	G.E5.L.EI4
游學志	Y.OU2.XU.IE2.ZH.IH4
Josh Groban	JI.AO1.XU.YU3.GU.O1.BI.EN3
New Order	NI.OU1.W.O1.D.ER3
Ben E. King	BI.AN1.Y.I1.K.IG3
Audiomachine	GS.OU1.LI.OU1.M.E5.XI.IN4
The Temptations	LI.OU1.T.AN2.BU.U4.T.E5.SH.EN3.S
Tycho	T.AI1.K.OU3
Survivor	SH.E4.F.AI1.F.ER3
寫手	XI.IE2.SH.OU3
Sampha	SH.AN1.F.A5
Tom Walker	T.AG2.W.O1.K.E5
白日夢	B.AI2.R.IH4.M.EG4
Hiroyuki Sawano	Y.I2.L.OU3.Y.OU1.K.I1.S.A1.W.AN1.GS.OU3
Fort Minor	H.OU2.D.E5.M.AI3.N.GS.ER3
50 Cent	F.EI1.F.U5.TI.I3.XI.AN4.T.ER5
猛虎巧克力	M.EG2.HU.U3.QI.AO3.K.E4.LI.I4
Nicky Jam	NI.I3.K.I3.JI.IE4.M
BuskerBusker	P.U1.S.IH5.T.E3.F.U1.S.IH5.T.ER3
華麗菲娜	HU.A2.LI.I4.F.EI1.N.A4
Marilyn Manson	M.EI3.GS.ER3.LI.I3.M.EI1.S.EN3
Cashmere Cat	K.IE1.S.IH5.MI.I2.GS.ER5.K.IE4.T
LOOΠΔ	RU.U4.N.A2
MAN WITH A MISSION	MI.AN2.W.EI3.GS.ER2.M.EI1.SH.EN3
Natalie Imbruglia	N.A4.T.A1.LI.I3.Y.IN1.RU.U2.GU.U3.LI.I4.L.A3
鄭興	ZH.EG4.XI.IG1
Mr. Probz	M.EI1.S.ER5.P.U2.L.A4.P.S.IH5
劉在錫	LI.OU2.Z.AI4.XI.I2
鄉城兒童合唱團	XI.AG1.CH.EG2.GS.ER2.TU.OG2.H.E2.CH.AG4.TU.AN2
Joseph Williams	JI.OU1.XI.IE3.F.U5.W.EI1.L.EI4.M
Tyler, The Creator	T.AI1.ER3.L.E5.KU.EI1.T.ER5
T.M.Revolution	TI.I4.GS.EI4.M.RU.A4.F.EG1.LU.U2.XU.AN4
許閣	XU.YU3.G.E2
H.E.R.	GS.EI2.QU.YU3.Y.I1.GS.A3
張芸京	ZH.AG1.YU.IN2.JI.IN1
Jamiroquai	JI.AN3.LI.I4.R.E5.GU.AI1
小蓓蕾組合	XI.AO3.BI.EI4.L.EI3.ZU.U3.H.E2
孝琳	XI.AO4.LI.IN2
MBLAQ	GS.EN1.BI.I4.GS.EI2.L.OU5.GS.EI2.QI.I3.W.EI3
徐若瑄	XU.YU2.RU.O4.XU.AN1
EXO-CBX	Y.I1.GS.EI4.K.S.GS.OU1.S.I1.BI.I1.GS.EI4.K.S
Music Box	MI.OU1.XI.I3.K.B.A4.K.E5.S.T
Herbert von Karajan	H.A1.R.BI.IE4.R.IH3.F.AG1.K.EI1.R.E4.Y.AG1
Vanessa Carlton	R.EN2.NI.IE1.S.A3.K.A3.T.EN3
白安	B.AI2.GS.AN1
Panic! At the Disco	P.EI2.LI.I3.K.XI.IE3.GS.EI2.D.E5.DI.I1.S.IH5.T.OU3
Taio Cruz	T.A1.Y.OU3.K.RU.U3.S.IH5
詹姆斯·霍納	ZH.AN1.MU.U3.S.IH1.HU.O3.N.E5
Ruth B.	RU.U4.S.XI.IE3.BI.I4
JoJo	JI.OU1.JI.OU3
譚詠麟	T.AN2.Y.OG3.LI.IG2
Franz Ferdinand	F.L.AG4.CH.IH5.F.ER5.R.LI.IG4.N.E5
Crayon Pop	KU.EI3.GS.EN1.P.A4.D.E5
Pianobar	PI.I4.GS.A1.N.OU4.B.A4.R
Nicky Romero	NI.I1.K.I3.RU.O1.M.EI4.R.OU3
The Big 鋼琴	R.E5.BI.IG4.G.AG1.QI.IN2
FIESTAR	F.I1.GS.EI1.S.IH5.T.A3
Stray Kids	ZH.IH3.XU.IE3.Y.I3.K.I3.D.E5.S
克里斯汀·貝爾	K.E4.LI.I3.S.IH5.DI.IG1.BI.EI4.GS.ER3
Billie Holiday	BI.I1.LI.I3.H.A1.L.E3.D.EI3
東方神起	DU.OG1.F.AG1.SH.EN2.QI.I3
黃玠	HU.AG2.JI.IE4
DAOKO	D.EI1.OU1.K.OU3
麻吉弟弟 MACHI DIDI	M.A2.QI.I2.DI.I4.DI.I3.M.A1.QI.I4.DI.I1.DI.I3
Dave Koz	DI.IE1.F.U5.K.OU4.S
梁詠琪	LI.AG2.Y.OG3.QI.I2
棉花糖	MI.AN2.HU.A1.T.AG2
The Cranberries	R.E5.K.EI1.M.B.AI1.LI.I3.S
陳零九	CH.EN2.LI.IG2.JI.OU3
Ólafur Arnalds	GS.OU1.L.AI2.F.ER3.GS.ER3.R.OU2.CH.IH5
Christopher	K.EI1.S.IH5.T.E4.F.ER3
Classical Lullabies	K.L.A1.C.IH3.K.OU3.L.A1.L.E5.B.AI3.S.IH5
陳曉東	CH.EN2.XI.AO3.DU.OG1
林海	LI.IN2.H.AI3
卓文萱	ZHU.O2.W.EN2.XU.AN1
Ziv Zaifman	R.IH3.JI.IE1.S.L.EI2.F.M.EN5
蕭閎仁	XI.AO1.HU.OG2.R.EN2
法蘭黛樂團	F.A3.L.AN2.D.AI4.YU.IE4.TU.AN2
Nokto Music	N.A1.T.OU1.MI.OU1.XI.I3.K.E5
許慧欣	XU.YU3.HU.EI4.XI.IN1
ASTRO	GS.EI2.S.QI.OU3
Norah Jones	RU.O4.L.A1.JI.OU4.S
Ronan Keating	R.OU1.N.EN3.K.I1.TI.IG3
Of Monsters and Men	GS.OU4.F.U5.M.AG2.S.IH5.T.ER3.S.IH5.GS.EN5.M.EN2
Yellow Claw	Y.IE1.L.OU3.K.L.OU5
Lovelyz	L.E4.F.U3.LI.I3.S
EGOIST	Y.I1.G.OU3.Y.I3.S.T
Sam Feldt	XI.AN1.F.EI4.GS.OU3.T.ER5
Gabrielle Aplin	G.EI4.BI.IG1.GS.EI2.L.OU5.GS.EI2.F.U2.LI.I3
Sean Kingston	S.I1.GS.AG1.TI.IG1.S.IH5.D.EG3
Miloš Karadaglić	M.AI4.L.OU4.S.IH5.K.A3.RU.A5.D.EI1.G.E5.LI.I3
JYJ	ZH.EI1.W.AI1.ZH.EI4
袁詠琳	YU.AN2.Y.OG3.LI.IN2
Sabrina Carpenter	S.A3.BU.U4.Y.IG4.N.A4.K.A1.G.EN3.T.ER3
劉德華	LI.OU2.D.E2.HU.A2
Kevin Kern	K.IE4.F.EN3.K.AN4
蔡琴	C.AI4.QI.IN2
BENI	BI.EI2.NI.I3
Lil Pump	LI.I4.W.U3.P.AG4
1976	N.AI4.K.JI.IG1.SH.A1.F.EN1.TI.I1.XI.IE3.K.S
激膚	JI.I1.F.U1
Chris Tomlin	KU.EI2.S.IH5.D.A1.M.EN5.NI.I3
Mumford & Sons	MU.U4.F.O4.GS.EN1.SH.AO4.S
Elevation Worship	GS.A1.L.E4.F.EI1.XI.IE3.W.EN1.XI.AN4
2CELLOS	TI.OU4.K.QI.A4.L.OU5.S
Basick	BI.EI1.S.XI.I3.K.E5
James Morrison	JI.AN2.S.IH5.M.O1.R.I3.SH.EN3
雀斑	QU.IE4.B.AN1
福山雅治	F.U2.SH.AN1.Y.A3.ZH.IH4
Jack Garratt	JI.IE4.K.E5.G.A1.RU.A4.T
dvsn	BI.I3.BI.I4.GS.EI2.S.IH5.GS.EN1
Secret Garden	XI.I1.KU.U3.LI.IE4.T.G.A1.D.EN3
929	JI.OU3.GS.ER4.JI.OU3
Ravi	R.OU1.BI.I3
Falcom Sound Team jdk	F.EI1.Y.AO1.K.EN3.S.AG1.JI.IN4.ZH.EI1.DI.I1.K.EI4
巨石·強森	JU.YU4.SH.IH2.QI.AG2.SH.EG1
黃慧音	HU.AG2.HU.EI4.Y.IN1
Arcade Fire	GS.A4.K.EI4.D.EI4.F.AI4.GS.ER3
All Saints	GS.OU1.S.AN4.CH.IH5
Earth, Wind & Fire	GS.ER2.S.IH5.W.EI1.N.GS.EN1.F.A1.Y.IE3.GS.ER3
柳昇佑	LI.OU3.SH.EG1.Y.OU4
Broods	BU.U2.RU.U3.S.IH5
Erykah Badu	GS.EI1.R.I1.K.A3.B.A4.DU.U4
Rejjie Snow	RU.EI1.JI.I1.S.IH3.N.OU4
Luther Vandross	LU.U4.S.A3.W.EI1.N.ZHU.O3.S
May J.	M.EI4.ZH.EI4
John Coltrane	JI.AG1.K.OU1.QU.AN4
Sebastian Ingrosso	S.IH5.D.A1.S.QI.AN1.Y.IG2.G.E1.R.OU3.S.OU4
Joey Bada$$	QI.OU1.Y.I3.B.A1.D.E5.S.IH5
縱貫線	ZU.OG4.GU.AN4.XI.AN4
Mura Masa	M.E1.R.AN2.M.A1.S.A3
Journey	ZH.E2.NI.I3
喜多郎	XI.I3.DU.O1.L.AG2
gesunokiwamiotome	G.EI4.SU.U1.N.OU1.K.I1.W.A1.MI.I1.GS.OU1.TU.O1.M.EI3
Andra Day	GS.EN1.ZHU.A3.D.EI4
Kodak Black	KU.U1.D.A1.BU.U2.L.EI4.K.E5
DVBBS	DI.I1.W.I1.BI.I1.BI.I1.GS.EI4.S
Samuel E. Wright	S.AN4.MI.OU3.Y.I2.W.AI4.T.E5
The Piano Guys	D.E5.PI.I3.Y.IE1.N.OU3.G.AI4.S.IH5
AWOLNATION	GS.EI1.W.O3.LI.IN2.XU.AN1
Andrea Bocelli	GS.AG1.JU.IE4.Y.I3.B.AO3.QI.A4.L.E5.Y.I3
